<html>
<body>
<pre>
<h1>µVision Build Log</h1>
<h2>Tool Versions:</h2>
IDE-Version: µVision V5.28.0.0
Copyright (C) 2019 ARM Ltd and ARM Germany GmbH. All rights reserved.
License Information: esef dsf, fsfs, LIC=----
 
Tool Versions:
Toolchain:       MDK-Lite  Version: 5.28.0.0
Toolchain Path:  D:\Keil_v5\ARM\ARMCC\Bin
C Compiler:      Armcc.exe V5.06 update 6 (build 750)
Assembler:       Armasm.exe V5.06 update 6 (build 750)
Linker/Locator:  ArmLink.exe V5.06 update 6 (build 750)
Library Manager: ArmAr.exe V5.06 update 6 (build 750)
Hex Converter:   FromElf.exe V5.06 update 6 (build 750)
CPU DLL:         SARMCM3.DLL V5.28.0.0
Dialog DLL:      DCM.DLL V1.17.3.0
Target DLL:      STLink\ST-LINKIII-KEIL_SWO.dll V3.0.6.0
Dialog DLL:      TCM.DLL V1.36.2.0
 
<h2>Project:</h2>
C:\Users\lenovo\Desktop\Keil Workspace\robot - Madgwick - PID\projekt.uvprojx
Project File Date:  01/26/2020

<h2>Output:</h2>
*** Using Compiler 'V5.06 update 6 (build 750)', folder: 'D:\Keil_v5\ARM\ARMCC\Bin'
Build target 'Target 1'
compiling main.c...
main.c(334): warning:  #1035-D: single-precision operand implicitly converted to double-precision
  		Mean_RPM_filtered = 0.9*Mean_RPM_filtered + 0.1*Mean_RPM;
main.c(334): warning:  #1035-D: single-precision operand implicitly converted to double-precision
  		Mean_RPM_filtered = 0.9*Mean_RPM_filtered + 0.1*Mean_RPM;
main.c(351): warning:  #1035-D: single-precision operand implicitly converted to double-precision
  		if(start_0==1 && -pitch<0.2 && -pitch>-0.2) start_1 = 1;
main.c(401): warning:  #1035-D: single-precision operand implicitly converted to double-precision
  	RPM_1_filtered =  0.85*RPM_1_filtered + 0.15*RPM_1;
main.c(401): warning:  #1035-D: single-precision operand implicitly converted to double-precision
  	RPM_1_filtered =  0.85*RPM_1_filtered + 0.15*RPM_1;
main.c(415): warning:  #1035-D: single-precision operand implicitly converted to double-precision
  	RPM_2_filtered =  0.85*RPM_2_filtered + 0.15*RPM_2;
main.c(415): warning:  #1035-D: single-precision operand implicitly converted to double-precision
  	RPM_2_filtered =  0.85*RPM_2_filtered + 0.15*RPM_2;
main.c(603): warning:  #1035-D: single-precision operand implicitly converted to double-precision
  	if((rxData[0]=='I') && (rxData[1]=='1')) I1+=0.1, rxData[0]=0;
main.c(604): warning:  #1035-D: single-precision operand implicitly converted to double-precision
  	else if((rxData[0]=='i') && (rxData[1]=='1')) I1-=0.1, rxData[0]=0;
main.c(612): warning:  #1035-D: single-precision operand implicitly converted to double-precision
  	if((rxData[0]=='P') && (rxData[1]=='2')) P2+=0.01, rxData[0]=0;
main.c(613): warning:  #1035-D: single-precision operand implicitly converted to double-precision
  	else if((rxData[0]=='p') && (rxData[1]=='2')) P2-=0.01, rxData[0]=0;
main.c(616): warning:  #1035-D: single-precision operand implicitly converted to double-precision
  	if((rxData[0]=='I') && (rxData[1]=='2')) I2+=0.001, rxData[0]=0;
main.c(617): warning:  #1035-D: single-precision operand implicitly converted to double-precision
  	else if((rxData[0]=='i') && (rxData[1]=='2')) I2-=0.001, rxData[0]=0;
main.c(620): warning:  #1035-D: single-precision operand implicitly converted to double-precision
  	if((rxData[0]=='D') && (rxData[1]=='2')) D2+=0.01, rxData[0]=0;
main.c(621): warning:  #1035-D: single-precision operand implicitly converted to double-precision
  	else if((rxData[0]=='d') && (rxData[1]=='2')) D2-=0.01, rxData[0]=0;
main.c(1128): warning:  #1035-D: single-precision operand implicitly converted to double-precision
  		angle_pitch += gyro_x * 0.0000611;                                   //Calculate the traveled pitch angle and add this to the angle_pitch variable
main.c(1129): warning:  #1035-D: single-precision operand implicitly converted to double-precision
  		angle_roll += gyro_y * 0.0000611;                                    //Calculate the traveled roll angle and add this to the angle_roll variable
main.c(1132): warning:  #1035-D: single-precision operand implicitly converted to double-precision
  		angle_pitch += angle_roll * sin(gyro_z * 0.000001066);               //If the IMU has yawed transfer the roll angle to the pitch angel
main.c(1133): warning:  #1035-D: single-precision operand implicitly converted to double-precision
  		angle_roll -= angle_pitch * sin(gyro_z * 0.000001066);               //If the IMU has yawed transfer the pitch angle to the roll angel
main.c(1145): warning:  #1035-D: single-precision operand implicitly converted to double-precision
  /*!!!!!*/		angle_pitch_acc -= 0.0;                                              //Accelerometer calibration value for pitch
main.c(1146): warning:  #1035-D: single-precision operand implicitly converted to double-precision
  /*!!!!!*/		angle_roll_acc -= 0.0;                                               //Accelerometer calibration value for roll
main.c(1149): warning:  #1035-D: single-precision operand implicitly converted to double-precision
  			angle_pitch = angle_pitch * 0.9996 + angle_pitch_acc * 0.0004;     //Correct the drift of the gyro pitch angle with the accelerometer pitch angle
main.c(1149): warning:  #1035-D: single-precision operand implicitly converted to double-precision
  			angle_pitch = angle_pitch * 0.9996 + angle_pitch_acc * 0.0004;     //Correct the drift of the gyro pitch angle with the accelerometer pitch angle
main.c(1150): warning:  #1035-D: single-precision operand implicitly converted to double-precision
  			angle_roll = angle_roll * 0.9996 + angle_roll_acc * 0.0004;        //Correct the drift of the gyro roll angle with the accelerometer roll angle
main.c(1150): warning:  #1035-D: single-precision operand implicitly converted to double-precision
  			angle_roll = angle_roll * 0.9996 + angle_roll_acc * 0.0004;        //Correct the drift of the gyro roll angle with the accelerometer roll angle
main.c(1159): warning:  #1035-D: single-precision operand implicitly converted to double-precision
  		angle_pitch_output = angle_pitch_output * 0.1 + angle_pitch * 0.9;   //Take 90% of the output pitch value and add 10% of the raw pitch value
main.c(1159): warning:  #1035-D: single-precision operand implicitly converted to double-precision
  		angle_pitch_output = angle_pitch_output * 0.1 + angle_pitch * 0.9;   //Take 90% of the output pitch value and add 10% of the raw pitch value
main.c(1160): warning:  #1035-D: single-precision operand implicitly converted to double-precision
  		angle_roll_output = angle_roll_output * 0.1 + angle_roll * 0.9;      //Take 90% of the output roll value and add 10% of the raw roll value
main.c(1160): warning:  #1035-D: single-precision operand implicitly converted to double-precision
  		angle_roll_output = angle_roll_output * 0.1 + angle_roll * 0.9;      //Take 90% of the output roll value and add 10% of the raw roll value
main.c: 29 warnings, 0 errors
linking...
Program Size: Code=23230 RO-data=482 RW-data=600 ZI-data=2264  
".\Objects\projekt.axf" - 0 Error(s), 29 Warning(s).

<h2>Software Packages used:</h2>

Package Vendor: ARM
                http://www.keil.com/pack/ARM.CMSIS.5.5.1.pack
                ARM.CMSIS.5.5.1
                CMSIS (Cortex Microcontroller Software Interface Standard)
   * Component: CORE Version: 5.2.0

Package Vendor: Keil
                http://www.keil.com/pack/Keil.STM32F3xx_DFP.2.1.0.pack
                Keil.STM32F3xx_DFP.2.1.0
                STMicroelectronics STM32F3 Series Device Support and Examples
   * Component: COMMON Version: 1.9.0
   * Component: CORTEX Version: 1.9.0
   * Component: DMA Version: 1.9.0
   * Component: FLASH Version: 1.9.0
   * Component: GPIO Version: 1.9.0
   * Component: I2C Version: 1.9.0
   * Component: RCC Version: 1.9.0
   * Component: SPI Version: 1.9.0
   * Component: TIM Version: 1.9.0
   * Component: UART Version: 1.9.0
   * Component: USART Version: 1.9.0
   * Component: Startup Version: 1.0.0

<h2>Collection of Component include folders:</h2>
  .\RTE\Device\STM32F303VCTx
  .\RTE\_Target_1
  D:\Keil_v5\Arm\Packs\ARM\CMSIS\5.5.1\CMSIS\Core\Include
  D:\Keil_v5\Arm\Packs\Keil\STM32F3xx_DFP\2.1.0\Drivers\CMSIS\Device\ST\STM32F3xx\Include
  D:\Keil_v5\Arm\Packs\Keil\STM32F3xx_DFP\2.1.0\Drivers\STM32F3xx_HAL_Driver\Inc
  D:\Keil_v5\Arm\Packs\Keil\STM32F3xx_DFP\2.1.0\Drivers\STM32F3xx_HAL_Driver\Inc\Legacy

<h2>Collection of Component Files used:</h2>

   * Component: ARM::CMSIS:CORE:5.2.0

   * Component: Keil.Standalone::Device:STM32Cube HAL:COMMON:1.9.0
      Source file:   MDK\Templates\Src\stm32f3xx_hal_msp.c
      Include file:  MDK\Templates\Inc\stm32f3xx_it.h
      Source file:   MDK\Templates\Src\stm32f3xx_it.c
      Include file:  MDK\Templates\Inc\main.h
      Source file:   Drivers\STM32F3xx_HAL_Driver\Src\stm32f3xx_hal.c
      Include file:  Drivers\STM32F3xx_HAL_Driver\Inc\Legacy\stm32_hal_legacy.h
      Source file:   MDK\Templates\Src\main.c
      Include file:  Drivers\STM32F3xx_HAL_Driver\Inc\stm32f3xx_hal_def.h
      Include file:  Drivers\STM32F3xx_HAL_Driver\Inc\stm32f3xx_hal.h
      Include file:  MDK\Templates\Inc\stm32f3xx_hal_conf.h

   * Component: Keil.Standalone::Device:STM32Cube HAL:CORTEX:1.9.0
      Source file:   Drivers\STM32F3xx_HAL_Driver\Src\stm32f3xx_hal_cortex.c

   * Component: Keil.Standalone::Device:STM32Cube HAL:DMA:1.9.0
      Source file:   Drivers\STM32F3xx_HAL_Driver\Src\stm32f3xx_hal_dma.c

   * Component: Keil.Standalone::Device:STM32Cube HAL:FLASH:1.9.0
      Source file:   Drivers\STM32F3xx_HAL_Driver\Src\stm32f3xx_hal_flash.c
      Source file:   Drivers\STM32F3xx_HAL_Driver\Src\stm32f3xx_hal_flash_ex.c

   * Component: Keil.Standalone::Device:STM32Cube HAL:GPIO:1.9.0
      Source file:   Drivers\STM32F3xx_HAL_Driver\Src\stm32f3xx_hal_gpio.c

   * Component: Keil.Standalone::Device:STM32Cube HAL:I2C:1.9.0
      Source file:   Drivers\STM32F3xx_HAL_Driver\Src\stm32f3xx_hal_i2c.c
      Source file:   Drivers\STM32F3xx_HAL_Driver\Src\stm32f3xx_hal_i2c_ex.c

   * Component: Keil.Standalone::Device:STM32Cube HAL:RCC:1.9.0
      Source file:   Drivers\STM32F3xx_HAL_Driver\Src\stm32f3xx_hal_rcc_ex.c
      Source file:   Drivers\STM32F3xx_HAL_Driver\Src\stm32f3xx_hal_rcc.c

   * Component: Keil.Standalone::Device:STM32Cube HAL:SPI:1.9.0
      Source file:   Drivers\STM32F3xx_HAL_Driver\Src\stm32f3xx_hal_spi.c
      Source file:   Drivers\STM32F3xx_HAL_Driver\Src\stm32f3xx_hal_spi_ex.c

   * Component: Keil.Standalone::Device:STM32Cube HAL:TIM:1.9.0
      Source file:   Drivers\STM32F3xx_HAL_Driver\Src\stm32f3xx_hal_tim.c
      Source file:   Drivers\STM32F3xx_HAL_Driver\Src\stm32f3xx_hal_tim_ex.c

   * Component: Keil.Standalone::Device:STM32Cube HAL:UART:1.9.0
      Source file:   Drivers\STM32F3xx_HAL_Driver\Src\stm32f3xx_hal_uart_ex.c
      Source file:   Drivers\STM32F3xx_HAL_Driver\Src\stm32f3xx_hal_uart.c

   * Component: Keil.Standalone::Device:STM32Cube HAL:USART:1.9.0
      Source file:   Drivers\STM32F3xx_HAL_Driver\Src\stm32f3xx_hal_usart.c

   * Component: Keil.Standalone::Device:Startup:1.0.0
      Include file:  Drivers\CMSIS\Device\ST\STM32F3xx\Include\stm32f3xx.h
      Source file:   MDK\Device\Source\ARM\STM32F3xx_OPT.s
      Source file:   Drivers\CMSIS\Device\ST\STM32F3xx\Source\Templates\arm\startup_stm32f303xc.s
      Source file:   Drivers\CMSIS\Device\ST\STM32F3xx\Source\Templates\system_stm32f3xx.c
Build Time Elapsed:  00:00:03
</pre>
</body>
</html>
