Component: ARM Compiler 5.06 update 6 (build 750) Tool: armlink [4d35ed]

==============================================================================

Section Cross References

    main.o(i.Calculate_Angle) refers to f2d.o(x$fpl$f2d) for __aeabi_f2d
    main.o(i.Calculate_Angle) refers to dmul.o(x$fpl$dmul) for __aeabi_dmul
    main.o(i.Calculate_Angle) refers to daddsub_clz.o(x$fpl$dadd) for __aeabi_dadd
    main.o(i.Calculate_Angle) refers to d2f.o(x$fpl$d2f) for __aeabi_d2f
    main.o(i.Calculate_Angle) refers to sin.o(i.__hardfp_sin) for __hardfp_sin
    main.o(i.Calculate_Angle) refers to daddsub_clz.o(x$fpl$dsub) for __aeabi_dsub
    main.o(i.Calculate_Angle) refers to sqrt.o(i.__hardfp_sqrt) for __hardfp_sqrt
    main.o(i.Calculate_Angle) refers to dfix.o(x$fpl$dfix) for __aeabi_d2iz
    main.o(i.Calculate_Angle) refers to asin.o(i.__hardfp_asin) for __hardfp_asin
    main.o(i.Calculate_Angle) refers to main.o(.data) for gyro_x
    main.o(i.Calibrate_MPU6050) refers to main.o(i.read_mpu_6050_data) for read_mpu_6050_data
    main.o(i.Calibrate_MPU6050) refers to main.o(i.delay_us) for delay_us
    main.o(i.Calibrate_MPU6050) refers to main.o(.data) for gyro_x_cal
    main.o(i.Counting_Timer_7_Config) refers to stm32f3xx_hal_tim.o(i.HAL_TIM_Base_Init) for HAL_TIM_Base_Init
    main.o(i.Counting_Timer_7_Config) refers to stm32f3xx_hal_tim.o(i.HAL_TIM_Base_Start_IT) for HAL_TIM_Base_Start_IT
    main.o(i.Counting_Timer_7_Config) refers to stm32f3xx_hal_cortex.o(i.HAL_NVIC_SetPriority) for HAL_NVIC_SetPriority
    main.o(i.Counting_Timer_7_Config) refers to stm32f3xx_hal_cortex.o(i.HAL_NVIC_EnableIRQ) for HAL_NVIC_EnableIRQ
    main.o(i.Counting_Timer_7_Config) refers to main.o(.bss) for htim7
    main.o(i.DMA1_Channel6_IRQHandler) refers to stm32f3xx_hal_dma.o(i.HAL_DMA_IRQHandler) for HAL_DMA_IRQHandler
    main.o(i.DMA1_Channel6_IRQHandler) refers to main.o(.bss) for myDMA_Uart2Handle
    main.o(i.DMA_Config) refers to stm32f3xx_hal_dma.o(i.HAL_DMA_Init) for HAL_DMA_Init
    main.o(i.DMA_Config) refers to main.o(.bss) for myDMA_Uart2Handle
    main.o(i.EXTI0_IRQHandler) refers to stm32f3xx_hal_gpio.o(i.HAL_GPIO_EXTI_IRQHandler) for HAL_GPIO_EXTI_IRQHandler
    main.o(i.Encoders_Timer_34_config) refers to stm32f3xx_hal_gpio.o(i.HAL_GPIO_Init) for HAL_GPIO_Init
    main.o(i.Encoders_Timer_34_config) refers to stm32f3xx_hal_tim.o(i.HAL_TIM_Encoder_Init) for HAL_TIM_Encoder_Init
    main.o(i.Encoders_Timer_34_config) refers to stm32f3xx_hal_tim.o(i.HAL_TIM_Encoder_Start_IT) for HAL_TIM_Encoder_Start_IT
    main.o(i.Encoders_Timer_34_config) refers to stm32f3xx_hal_cortex.o(i.HAL_NVIC_SetPriority) for HAL_NVIC_SetPriority
    main.o(i.Encoders_Timer_34_config) refers to main.o(.bss) for htim3
    main.o(i.GPIO_Config_I2C) refers to stm32f3xx_hal_gpio.o(i.HAL_GPIO_Init) for HAL_GPIO_Init
    main.o(i.GPIO_Config_I2C) refers to stm32f3xx_hal_rcc.o(i.HAL_RCC_GetHCLKFreq) for HAL_RCC_GetHCLKFreq
    main.o(i.GPIO_Config_I2C) refers to stm32f3xx_hal_cortex.o(i.HAL_SYSTICK_Config) for HAL_SYSTICK_Config
    main.o(i.GPIO_Config_I2C) refers to stm32f3xx_hal_cortex.o(i.HAL_SYSTICK_CLKSourceConfig) for HAL_SYSTICK_CLKSourceConfig
    main.o(i.GPIO_Config_I2C) refers to stm32f3xx_hal_cortex.o(i.HAL_NVIC_SetPriority) for HAL_NVIC_SetPriority
    main.o(i.GPIO_Config_SPI) refers to stm32f3xx_hal_gpio.o(i.HAL_GPIO_Init) for HAL_GPIO_Init
    main.o(i.GPIO_Config_SPI) refers to stm32f3xx_hal_rcc.o(i.HAL_RCC_GetHCLKFreq) for HAL_RCC_GetHCLKFreq
    main.o(i.GPIO_Config_SPI) refers to stm32f3xx_hal_cortex.o(i.HAL_SYSTICK_Config) for HAL_SYSTICK_Config
    main.o(i.GPIO_Config_SPI) refers to stm32f3xx_hal_cortex.o(i.HAL_SYSTICK_CLKSourceConfig) for HAL_SYSTICK_CLKSourceConfig
    main.o(i.GPIO_Config_SPI) refers to stm32f3xx_hal_cortex.o(i.HAL_NVIC_SetPriority) for HAL_NVIC_SetPriority
    main.o(i.GPIO_Direction_Config) refers to stm32f3xx_hal_gpio.o(i.HAL_GPIO_Init) for HAL_GPIO_Init
    main.o(i.HAL_UART_RxCpltCallback) refers to strlen.o(.text) for strlen
    main.o(i.HAL_UART_RxCpltCallback) refers to stm32f3xx_hal_uart.o(i.HAL_UART_Transmit) for HAL_UART_Transmit
    main.o(i.HAL_UART_RxCpltCallback) refers to main.o(.data) for rxData
    main.o(i.HAL_UART_RxCpltCallback) refers to main.o(.bss) for myUARThandle
    main.o(i.I2C1_EV_IRQHandler) refers to stm32f3xx_hal_i2c.o(i.HAL_I2C_EV_IRQHandler) for HAL_I2C_EV_IRQHandler
    main.o(i.I2C1_EV_IRQHandler) refers to main.o(.bss) for myI2Chandle
    main.o(i.I2C_Config) refers to stm32f3xx_hal_i2c.o(i.HAL_I2C_Init) for HAL_I2C_Init
    main.o(i.I2C_Config) refers to stm32f3xx_hal_cortex.o(i.HAL_NVIC_SetPriority) for HAL_NVIC_SetPriority
    main.o(i.I2C_Config) refers to stm32f3xx_hal_cortex.o(i.HAL_NVIC_EnableIRQ) for HAL_NVIC_EnableIRQ
    main.o(i.I2C_Config) refers to main.o(.bss) for myI2Chandle
    main.o(i.I2C_Read) refers to stm32f3xx_hal_i2c.o(i.HAL_I2C_Master_Transmit) for HAL_I2C_Master_Transmit
[...]
    i.TIM_OC6_SetConfig                      0x080044b8   Section        0  stm32f3xx_hal_tim_ex.o(i.TIM_OC6_SetConfig)
    TIM_OC6_SetConfig                        0x080044b9   Thumb Code    94  stm32f3xx_hal_tim_ex.o(i.TIM_OC6_SetConfig)
    i.UART_AdvFeatureConfig                  0x08004530   Section        0  stm32f3xx_hal_uart.o(i.UART_AdvFeatureConfig)
    i.UART_CheckIdleState                    0x0800461a   Section        0  stm32f3xx_hal_uart.o(i.UART_CheckIdleState)
    i.UART_Config                            0x08004690   Section        0  main.o(i.UART_Config)
    i.UART_DMAError                          0x08004738   Section        0  stm32f3xx_hal_uart.o(i.UART_DMAError)
    UART_DMAError                            0x08004739   Thumb Code    82  stm32f3xx_hal_uart.o(i.UART_DMAError)
    i.UART_DMAReceiveCplt                    0x0800478a   Section        0  stm32f3xx_hal_uart.o(i.UART_DMAReceiveCplt)
    UART_DMAReceiveCplt                      0x0800478b   Thumb Code    72  stm32f3xx_hal_uart.o(i.UART_DMAReceiveCplt)
    i.UART_DMARxHalfCplt                     0x080047d2   Section        0  stm32f3xx_hal_uart.o(i.UART_DMARxHalfCplt)
    UART_DMARxHalfCplt                       0x080047d3   Thumb Code    14  stm32f3xx_hal_uart.o(i.UART_DMARxHalfCplt)
    i.UART_EndRxTransfer                     0x080047e0   Section        0  stm32f3xx_hal_uart.o(i.UART_EndRxTransfer)
    UART_EndRxTransfer                       0x080047e1   Thumb Code    32  stm32f3xx_hal_uart.o(i.UART_EndRxTransfer)
    i.UART_EndTxTransfer                     0x08004800   Section        0  stm32f3xx_hal_uart.o(i.UART_EndTxTransfer)
    UART_EndTxTransfer                       0x08004801   Thumb Code    20  stm32f3xx_hal_uart.o(i.UART_EndTxTransfer)
    i.UART_SetConfig                         0x08004814   Section        0  stm32f3xx_hal_uart.o(i.UART_SetConfig)
    i.UART_WaitOnFlagUntilTimeout            0x08004b00   Section        0  stm32f3xx_hal_uart.o(i.UART_WaitOnFlagUntilTimeout)
    i.__ARM_fpclassifyf                      0x08004b6c   Section        0  fpclassifyf.o(i.__ARM_fpclassifyf)
    i.__NVIC_GetPriorityGrouping             0x08004b94   Section        0  stm32f3xx_hal_cortex.o(i.__NVIC_GetPriorityGrouping)
    __NVIC_GetPriorityGrouping               0x08004b95   Thumb Code    10  stm32f3xx_hal_cortex.o(i.__NVIC_GetPriorityGrouping)
    i.__NVIC_SetPriority                     0x08004ba4   Section        0  stm32f3xx_hal_cortex.o(i.__NVIC_SetPriority)
    __NVIC_SetPriority                       0x08004ba5   Thumb Code    32  stm32f3xx_hal_cortex.o(i.__NVIC_SetPriority)
    i.__hardfp_asinf                         0x08004bcc   Section        0  asinf.o(i.__hardfp_asinf)
    i.__hardfp_fabs                          0x08004cf8   Section        0  fabs.o(i.__hardfp_fabs)
    i.__mathlib_flt_infnan                   0x08004d0c   Section        0  funder.o(i.__mathlib_flt_infnan)
    i.__mathlib_flt_invalid                  0x08004d14   Section        0  funder.o(i.__mathlib_flt_invalid)
    i.__mathlib_flt_underflow                0x08004d24   Section        0  funder.o(i.__mathlib_flt_underflow)
    i.invSqrt                                0x08004d34   Section        0  madgwickahrs.o(i.invSqrt)
    i.main                                   0x08004d70   Section        0  main.o(i.main)
    i.read_mpu_6050_data                     0x08004ecc   Section        0  main.o(i.read_mpu_6050_data)
    i.setup_mpu_6050_registers               0x08005150   Section        0  main.o(i.setup_mpu_6050_registers)
    i.sqrtf                                  0x08005174   Section        0  sqrtf.o(i.sqrtf)
    x$fpl$basic                              0x080051b2   Section       24  basic.o(x$fpl$basic)
    $v0                                      0x080051b2   Number         0  basic.o(x$fpl$basic)
    x$fpl$d2f                                0x080051cc   Section       98  d2f.o(x$fpl$d2f)
    $v0                                      0x080051cc   Number         0  d2f.o(x$fpl$d2f)
    x$fpl$dadd                               0x08005230   Section      336  daddsub_clz.o(x$fpl$dadd)
    $v0                                      0x08005230   Number         0  daddsub_clz.o(x$fpl$dadd)
    _dadd1                                   0x08005241   Thumb Code     0  daddsub_clz.o(x$fpl$dadd)
    x$fpl$dcmpinf                            0x08005380   Section       24  dcmpi.o(x$fpl$dcmpinf)
    $v0                                      0x08005380   Number         0  dcmpi.o(x$fpl$dcmpinf)
    x$fpl$ddiv                               0x08005398   Section      688  ddiv.o(x$fpl$ddiv)
    $v0                                      0x08005398   Number         0  ddiv.o(x$fpl$ddiv)
    ddiv_entry                               0x0800539f   Thumb Code     0  ddiv.o(x$fpl$ddiv)
    x$fpl$dflt                               0x08005648   Section       46  dflt_clz.o(x$fpl$dflt)
    $v0                                      0x08005648   Number         0  dflt_clz.o(x$fpl$dflt)
    x$fpl$dfltu                              0x08005676   Section       38  dflt_clz.o(x$fpl$dfltu)
    $v0                                      0x08005676   Number         0  dflt_clz.o(x$fpl$dfltu)
    x$fpl$dleqf                              0x0800569c   Section      120  dleqf.o(x$fpl$dleqf)
    $v0                                      0x0800569c   Number         0  dleqf.o(x$fpl$dleqf)
    x$fpl$dmul                               0x08005714   Section      340  dmul.o(x$fpl$dmul)
    $v0                                      0x08005714   Number         0  dmul.o(x$fpl$dmul)
    x$fpl$dnaninf                            0x08005868   Section      156  dnaninf.o(x$fpl$dnaninf)
    $v0                                      0x08005868   Number         0  dnaninf.o(x$fpl$dnaninf)
    x$fpl$dretinf                            0x08005904   Section       12  dretinf.o(x$fpl$dretinf)
    $v0                                      0x08005904   Number         0  dretinf.o(x$fpl$dretinf)
    x$fpl$drleqf                             0x08005910   Section      108  drleqf.o(x$fpl$drleqf)
    $v0                                      0x08005910   Number         0  drleqf.o(x$fpl$drleqf)
    x$fpl$dsub                               0x0800597c   Section      468  daddsub_clz.o(x$fpl$dsub)
    $v0                                      0x0800597c   Number         0  daddsub_clz.o(x$fpl$dsub)
    _dsub1                                   0x0800598d   Thumb Code     0  daddsub_clz.o(x$fpl$dsub)
    x$fpl$f2d                                0x08005b50   Section       86  f2d.o(x$fpl$f2d)
    $v0                                      0x08005b50   Number         0  f2d.o(x$fpl$f2d)
    x$fpl$fnaninf                            0x08005ba6   Section      140  fnaninf.o(x$fpl$fnaninf)
    $v0                                      0x08005ba6   Number         0  fnaninf.o(x$fpl$fnaninf)
    x$fpl$fpinit                             0x08005c32   Section       10  fpinit.o(x$fpl$fpinit)
    $v0                                      0x08005c32   Number         0  fpinit.o(x$fpl$fpinit)
    x$fpl$fretinf                            0x08005c3c   Section       10  fretinf.o(x$fpl$fretinf)
    $v0                                      0x08005c3c   Number         0  fretinf.o(x$fpl$fretinf)
    .constdata                               0x08005c46   Section       32  stm32f3xx_hal_rcc.o(.constdata)
    x$fpl$usenofp                            0x08005c46   Section        0  usenofp.o(x$fpl$usenofp)
    .constdata                               0x08005c66   Section       24  system_stm32f3xx.o(.constdata)
    .data                                    0x20000000   Section      572  main.o(.data)
    gyro_x_offset                            0x2000001e   Data           2  main.o(.data)
    gyro_y_offset                            0x20000020   Data           2  main.o(.data)
    gyro_z_offset                            0x20000022   Data           2  main.o(.data)
    samples                                  0x20000024   Data           4  main.o(.data)
    lastTime                                 0x20000220   Data           4  main.o(.data)
    integral                                 0x20000224   Data           4  main.o(.data)
    previous_error                           0x20000228   Data           4  main.o(.data)
    integral                                 0x2000022c   Data           4  main.o(.data)
    previous_error                           0x20000230   Data           4  main.o(.data)
    integral                                 0x20000234   Data           4  main.o(.data)
    previous_error                           0x20000238   Data           4  main.o(.data)
    .data                                    0x2000023c   Section       20  madgwickahrs.o(.data)
    .data                                    0x20000250   Section        4  stm32f3xx_hal.o(.data)
    .data                                    0x20000254   Section        4  system_stm32f3xx.o(.data)
    .bss                                     0x20000258   Section      628  main.o(.bss)
    .bss                                     0x200004cc   Section       96  libspace.o(.bss)
    HEAP                                     0x20000530   Section      512  startup_stm32f303xc.o(HEAP)
    Heap_Mem                                 0x20000530   Data         512  startup_stm32f303xc.o(HEAP)
    STACK                                    0x20000730   Section     1024  startup_stm32f303xc.o(STACK)
    Stack_Mem                                0x20000730   Data        1024  startup_stm32f303xc.o(STACK)
    __initial_sp                             0x20000b30   Data           0  startup_stm32f303xc.o(STACK)

    Global Symbols

    Symbol Name                              Value     Ov Type        Size  Object(Section)

    BuildAttributes$$THM_ISAv4$E$P$D$K$B$S$7EM$VFPi3$EXTD16$VFPS$VFMA$PE$A:L22UL41UL21$X:L11$S22US41US21$IEEE1$IW$USESV6$~STKCKD$USESV7$~SHL$OTIME$ROPI$IEEEX$EBA8$UX$STANDARDLIB$REQ8$PRES8$EABIv2 0x00000000   Number         0  anon$$obj.o ABSOLUTE
    __ARM_use_no_argv                        0x00000000   Number         0  main.o ABSOLUTE
    __ARM_exceptions_init                     - Undefined Weak Reference
    __alloca_initialize                       - Undefined Weak Reference
    __arm_preinit_                            - Undefined Weak Reference
    __cpp_initialize__aeabi_                  - Undefined Weak Reference
    __cxa_finalize                            - Undefined Weak Reference
    __rt_locale                               - Undefined Weak Reference
    __sigvec_lookup                           - Undefined Weak Reference
    _atexit_init                              - Undefined Weak Reference
    _call_atexit_fns                          - Undefined Weak Reference
    _clock_init                               - Undefined Weak Reference
    _fp_trap_init                             - Undefined Weak Reference
    _fp_trap_shutdown                         - Undefined Weak Reference
    _get_lc_collate                           - Undefined Weak Reference
    _get_lc_ctype                             - Undefined Weak Reference
    _get_lc_monetary                          - Undefined Weak Reference
    _get_lc_numeric                           - Undefined Weak Reference
    _get_lc_time                              - Undefined Weak Reference
    _getenv_init                              - Undefined Weak Reference
    _handle_redirection                       - Undefined Weak Reference
    _init_alloc                               - Undefined Weak Reference
    _init_user_alloc                          - Undefined Weak Reference
    _initio                                   - Undefined Weak Reference
    _rand_init                                - Undefined Weak Reference
    _signal_finish                            - Undefined Weak Reference
    _signal_init                              - Undefined Weak Reference
    _terminate_alloc                          - Undefined Weak Reference
    _terminate_user_alloc                     - Undefined Weak Reference
    _terminateio                              - Undefined Weak Reference
    __Vectors_Size                           0x00000188   Number         0  startup_stm32f303xc.o ABSOLUTE
    __Vectors                                0x08000000   Data           4  startup_stm32f303xc.o(RESET)
    __Vectors_End                            0x08000188   Data           0  startup_stm32f303xc.o(RESET)
    __main                                   0x08000189   Thumb Code     8  __main.o(!!!main)
    __scatterload                            0x08000191   Thumb Code     0  __scatter.o(!!!scatter)
    __scatterload_rt2                        0x08000191   Thumb Code    44  __scatter.o(!!!scatter)
    __scatterload_rt2_thumb_only             0x08000191   Thumb Code     0  __scatter.o(!!!scatter)
    __scatterload_null                       0x0800019f   Thumb Code     0  __scatter.o(!!!scatter)
    __decompress                             0x080001c5   Thumb Code    90  __dczerorl2.o(!!dczerorl2)
    __decompress1                            0x080001c5   Thumb Code     0  __dczerorl2.o(!!dczerorl2)
    __scatterload_zeroinit                   0x08000221   Thumb Code    28  __scatter_zi.o(!!handler_zi)
    __rt_lib_init                            0x0800023d   Thumb Code     0  libinit.o(.ARM.Collect$$libinit$$00000000)
    __rt_lib_init_fp_1                       0x0800023f   Thumb Code     0  libinit2.o(.ARM.Collect$$libinit$$00000001)
    __rt_lib_init_alloca_1                   0x08000243   Thumb Code     0  libinit2.o(.ARM.Collect$$libinit$$0000002E)
    __rt_lib_init_argv_1                     0x08000243   Thumb Code     0  libinit2.o(.ARM.Collect$$libinit$$0000002C)
    __rt_lib_init_atexit_1                   0x08000243   Thumb Code     0  libinit2.o(.ARM.Collect$$libinit$$0000001B)
    __rt_lib_init_clock_1                    0x08000243   Thumb Code     0  libinit2.o(.ARM.Collect$$libinit$$00000021)
    __rt_lib_init_cpp_1                      0x08000243   Thumb Code     0  libinit2.o(.ARM.Collect$$libinit$$00000032)
    __rt_lib_init_exceptions_1               0x08000243   Thumb Code     0  libinit2.o(.ARM.Collect$$libinit$$00000030)
    __rt_lib_init_fp_trap_1                  0x08000243   Thumb Code     0  libinit2.o(.ARM.Collect$$libinit$$0000001F)
    __rt_lib_init_getenv_1                   0x08000243   Thumb Code     0  libinit2.o(.ARM.Collect$$libinit$$00000023)
    __rt_lib_init_heap_1                     0x08000243   Thumb Code     0  libinit2.o(.ARM.Collect$$libinit$$0000000A)
    __rt_lib_init_lc_collate_1               0x08000243   Thumb Code     0  libinit2.o(.ARM.Collect$$libinit$$00000011)
    __rt_lib_init_lc_ctype_1                 0x08000243   Thumb Code     0  libinit2.o(.ARM.Collect$$libinit$$00000013)
    __rt_lib_init_lc_monetary_1              0x08000243   Thumb Code     0  libinit2.o(.ARM.Collect$$libinit$$00000015)
    __rt_lib_init_lc_numeric_1               0x08000243   Thumb Code     0  libinit2.o(.ARM.Collect$$libinit$$00000017)
    __rt_lib_init_lc_time_1                  0x08000243   Thumb Code     0  libinit2.o(.ARM.Collect$$libinit$$00000019)
    __rt_lib_init_preinit_1                  0x08000243   Thumb Code     0  libinit2.o(.ARM.Collect$$libinit$$00000004)
    __rt_lib_init_rand_1                     0x08000243   Thumb Code     0  libinit2.o(.ARM.Collect$$libinit$$0000000E)
    __rt_lib_init_return                     0x08000243   Thumb Code     0  libinit2.o(.ARM.Collect$$libinit$$00000033)
    __rt_lib_init_signal_1                   0x08000243   Thumb Code     0  libinit2.o(.ARM.Collect$$libinit$$0000001D)
    __rt_lib_init_stdio_1                    0x08000243   Thumb Code     0  libinit2.o(.ARM.Collect$$libinit$$00000025)
    __rt_lib_init_user_alloc_1               0x08000243   Thumb Code     0  libinit2.o(.ARM.Collect$$libinit$$0000000C)
    __rt_lib_shutdown                        0x08000245   Thumb Code     0  libshutdown.o(.ARM.Collect$$libshutdown$$00000000)
    __rt_lib_shutdown_cpp_1                  0x08000247   Thumb Code     0  libshutdown2.o(.ARM.Collect$$libshutdown$$00000002)
    __rt_lib_shutdown_fp_trap_1              0x08000247   Thumb Code     0  libshutdown2.o(.ARM.Collect$$libshutdown$$00000007)
    __rt_lib_shutdown_heap_1                 0x08000247   Thumb Code     0  libshutdown2.o(.ARM.Collect$$libshutdown$$0000000F)
    __rt_lib_shutdown_return                 0x08000247   Thumb Code     0  libshutdown2.o(.ARM.Collect$$libshutdown$$00000010)
    __rt_lib_shutdown_signal_1               0x08000247   Thumb Code     0  libshutdown2.o(.ARM.Collect$$libshutdown$$0000000A)
    __rt_lib_shutdown_stdio_1                0x08000247   Thumb Code     0  libshutdown2.o(.ARM.Collect$$libshutdown$$00000004)
    __rt_lib_shutdown_user_alloc_1           0x08000247   Thumb Code     0  libshutdown2.o(.ARM.Collect$$libshutdown$$0000000C)
    __rt_entry                               0x08000249   Thumb Code     0  __rtentry.o(.ARM.Collect$$rtentry$$00000000)
    __rt_entry_presh_1                       0x08000249   Thumb Code     0  __rtentry2.o(.ARM.Collect$$rtentry$$00000002)
    __rt_entry_sh                            0x08000249   Thumb Code     0  __rtentry4.o(.ARM.Collect$$rtentry$$00000004)
    __rt_entry_li                            0x0800024f   Thumb Code     0  __rtentry2.o(.ARM.Collect$$rtentry$$0000000A)
    __rt_entry_postsh_1                      0x0800024f   Thumb Code     0  __rtentry2.o(.ARM.Collect$$rtentry$$00000009)
    __rt_entry_main                          0x08000253   Thumb Code     0  __rtentry2.o(.ARM.Collect$$rtentry$$0000000D)
    __rt_entry_postli_1                      0x08000253   Thumb Code     0  __rtentry2.o(.ARM.Collect$$rtentry$$0000000C)
    __rt_exit                                0x0800025b   Thumb Code     0  rtexit.o(.ARM.Collect$$rtexit$$00000000)
    __rt_exit_ls                             0x0800025d   Thumb Code     0  rtexit2.o(.ARM.Collect$$rtexit$$00000003)
    __rt_exit_prels_1                        0x0800025d   Thumb Code     0  rtexit2.o(.ARM.Collect$$rtexit$$00000002)
    __rt_exit_exit                           0x08000261   Thumb Code     0  rtexit2.o(.ARM.Collect$$rtexit$$00000004)
    Reset_Handler                            0x08000269   Thumb Code     8  startup_stm32f303xc.o(.text)
    NMI_Handler                              0x08000271   Thumb Code     2  startup_stm32f303xc.o(.text)
    HardFault_Handler                        0x08000273   Thumb Code     2  startup_stm32f303xc.o(.text)
    MemManage_Handler                        0x08000275   Thumb Code     2  startup_stm32f303xc.o(.text)
    BusFault_Handler                         0x08000277   Thumb Code     2  startup_stm32f303xc.o(.text)
    UsageFault_Handler                       0x08000279   Thumb Code     2  startup_stm32f303xc.o(.text)
    SVC_Handler                              0x0800027b   Thumb Code     2  startup_stm32f303xc.o(.text)
    DebugMon_Handler                         0x0800027d   Thumb Code     2  startup_stm32f303xc.o(.text)
    PendSV_Handler                           0x0800027f   Thumb Code     2  startup_stm32f303xc.o(.text)
    ADC1_2_IRQHandler                        0x08000283   Thumb Code     0  startup_stm32f303xc.o(.text)
    ADC3_IRQHandler                          0x08000283   Thumb Code     0  startup_stm32f303xc.o(.text)
    ADC4_IRQHandler                          0x08000283   Thumb Code     0  startup_stm32f303xc.o(.text)
    CAN_RX1_IRQHandler                       0x08000283   Thumb Code     0  startup_stm32f303xc.o(.text)
    CAN_SCE_IRQHandler                       0x08000283   Thumb Code     0  startup_stm32f303xc.o(.text)
    COMP1_2_3_IRQHandler                     0x08000283   Thumb Code     0  startup_stm32f303xc.o(.text)
    COMP4_5_6_IRQHandler                     0x08000283   Thumb Code     0  startup_stm32f303xc.o(.text)
    COMP7_IRQHandler                         0x08000283   Thumb Code     0  startup_stm32f303xc.o(.text)
    DMA1_Channel1_IRQHandler                 0x08000283   Thumb Code     0  startup_stm32f303xc.o(.text)
    DMA1_Channel2_IRQHandler                 0x08000283   Thumb Code     0  startup_stm32f303xc.o(.text)
    DMA1_Channel3_IRQHandler                 0x08000283   Thumb Code     0  startup_stm32f303xc.o(.text)
    DMA1_Channel4_IRQHandler                 0x08000283   Thumb Code     0  startup_stm32f303xc.o(.text)
    DMA1_Channel5_IRQHandler                 0x08000283   Thumb Code     0  startup_stm32f303xc.o(.text)
    DMA1_Channel7_IRQHandler                 0x08000283   Thumb Code     0  startup_stm32f303xc.o(.text)
    DMA2_Channel1_IRQHandler                 0x08000283   Thumb Code     0  startup_stm32f303xc.o(.text)
    DMA2_Channel2_IRQHandler                 0x08000283   Thumb Code     0  startup_stm32f303xc.o(.text)
    DMA2_Channel3_IRQHandler                 0x08000283   Thumb Code     0  startup_stm32f303xc.o(.text)
    DMA2_Channel4_IRQHandler                 0x08000283   Thumb Code     0  startup_stm32f303xc.o(.text)
    DMA2_Channel5_IRQHandler                 0x08000283   Thumb Code     0  startup_stm32f303xc.o(.text)
    EXTI15_10_IRQHandler                     0x08000283   Thumb Code     0  startup_stm32f303xc.o(.text)
    EXTI1_IRQHandler                         0x08000283   Thumb Code     0  startup_stm32f303xc.o(.text)
    EXTI2_TSC_IRQHandler                     0x08000283   Thumb Code     0  startup_stm32f303xc.o(.text)
    EXTI3_IRQHandler                         0x08000283   Thumb Code     0  startup_stm32f303xc.o(.text)
    EXTI4_IRQHandler                         0x08000283   Thumb Code     0  startup_stm32f303xc.o(.text)
    EXTI9_5_IRQHandler                       0x08000283   Thumb Code     0  startup_stm32f303xc.o(.text)
    FLASH_IRQHandler                         0x08000283   Thumb Code     0  startup_stm32f303xc.o(.text)
    FPU_IRQHandler                           0x08000283   Thumb Code     0  startup_stm32f303xc.o(.text)
    I2C1_ER_IRQHandler                       0x08000283   Thumb Code     0  startup_stm32f303xc.o(.text)
    I2C2_ER_IRQHandler                       0x08000283   Thumb Code     0  startup_stm32f303xc.o(.text)
    I2C2_EV_IRQHandler                       0x08000283   Thumb Code     0  startup_stm32f303xc.o(.text)
    PVD_IRQHandler                           0x08000283   Thumb Code     0  startup_stm32f303xc.o(.text)
    RCC_IRQHandler                           0x08000283   Thumb Code     0  startup_stm32f303xc.o(.text)
    RTC_Alarm_IRQHandler                     0x08000283   Thumb Code     0  startup_stm32f303xc.o(.text)
    RTC_WKUP_IRQHandler                      0x08000283   Thumb Code     0  startup_stm32f303xc.o(.text)
    SPI1_IRQHandler                          0x08000283   Thumb Code     0  startup_stm32f303xc.o(.text)
    SPI2_IRQHandler                          0x08000283   Thumb Code     0  startup_stm32f303xc.o(.text)
    SPI3_IRQHandler                          0x08000283   Thumb Code     0  startup_stm32f303xc.o(.text)
    TAMP_STAMP_IRQHandler                    0x08000283   Thumb Code     0  startup_stm32f303xc.o(.text)
    TIM1_BRK_TIM15_IRQHandler                0x08000283   Thumb Code     0  startup_stm32f303xc.o(.text)
    TIM1_CC_IRQHandler                       0x08000283   Thumb Code     0  startup_stm32f303xc.o(.text)
    TIM1_TRG_COM_TIM17_IRQHandler            0x08000283   Thumb Code     0  startup_stm32f303xc.o(.text)
    TIM1_UP_TIM16_IRQHandler                 0x08000283   Thumb Code     0  startup_stm32f303xc.o(.text)
    TIM8_BRK_IRQHandler                      0x08000283   Thumb Code     0  startup_stm32f303xc.o(.text)
    TIM8_CC_IRQHandler                       0x08000283   Thumb Code     0  startup_stm32f303xc.o(.text)
    TIM8_TRG_COM_IRQHandler                  0x08000283   Thumb Code     0  startup_stm32f303xc.o(.text)
    TIM8_UP_IRQHandler                       0x08000283   Thumb Code     0  startup_stm32f303xc.o(.text)
    UART4_IRQHandler                         0x08000283   Thumb Code     0  startup_stm32f303xc.o(.text)
    UART5_IRQHandler                         0x08000283   Thumb Code     0  startup_stm32f303xc.o(.text)
    USART1_IRQHandler                        0x08000283   Thumb Code     0  startup_stm32f303xc.o(.text)
    USART2_IRQHandler                        0x08000283   Thumb Code     0  startup_stm32f303xc.o(.text)
    USART3_IRQHandler                        0x08000283   Thumb Code     0  startup_stm32f303xc.o(.text)
    USBWakeUp_IRQHandler                     0x08000283   Thumb Code     0  startup_stm32f303xc.o(.text)
    USBWakeUp_RMP_IRQHandler                 0x08000283   Thumb Code     0  startup_stm32f303xc.o(.text)
    USB_HP_CAN_TX_IRQHandler                 0x08000283   Thumb Code     0  startup_stm32f303xc.o(.text)
    USB_HP_IRQHandler                        0x08000283   Thumb Code     0  startup_stm32f303xc.o(.text)
    USB_LP_CAN_RX0_IRQHandler                0x08000283   Thumb Code     0  startup_stm32f303xc.o(.text)
    USB_LP_IRQHandler                        0x08000283   Thumb Code     0  startup_stm32f303xc.o(.text)
    WWDG_IRQHandler                          0x08000283   Thumb Code     0  startup_stm32f303xc.o(.text)
    __user_initial_stackheap                 0x08000285   Thumb Code     0  startup_stm32f303xc.o(.text)
    strlen                                   0x080002a9   Thumb Code    62  strlen.o(.text)
    __use_two_region_memory                  0x080002e7   Thumb Code     2  heapauxi.o(.text)
    __rt_heap_escrow$2region                 0x080002e9   Thumb Code     2  heapauxi.o(.text)
    __rt_heap_expand$2region                 0x080002eb   Thumb Code     2  heapauxi.o(.text)
    __read_errno                             0x080002ed   Thumb Code    10  _rserrno.o(.text)
    __set_errno                              0x080002f7   Thumb Code    12  _rserrno.o(.text)
    __aeabi_errno_addr                       0x08000305   Thumb Code     8  rt_errno_addr_intlibspace.o(.text)
    __errno$intlibspace                      0x08000305   Thumb Code     0  rt_errno_addr_intlibspace.o(.text)
    __rt_errno_addr$intlibspace              0x08000305   Thumb Code     0  rt_errno_addr_intlibspace.o(.text)
    __user_libspace                          0x0800030d   Thumb Code     8  libspace.o(.text)
    __user_perproc_libspace                  0x0800030d   Thumb Code     0  libspace.o(.text)
    __user_perthread_libspace                0x0800030d   Thumb Code     0  libspace.o(.text)
    __user_setup_stackheap                   0x08000315   Thumb Code    74  sys_stackheap_outer.o(.text)
    exit                                     0x0800035f   Thumb Code    18  exit.o(.text)
    _sys_exit                                0x08000371   Thumb Code     8  sys_exit.o(.text)
    __I$use$semihosting                      0x0800037d   Thumb Code     0  use_no_semi.o(.text)
    __use_no_semihosting_swi                 0x0800037d   Thumb Code     2  use_no_semi.o(.text)
    __semihosting_library_function           0x0800037f   Thumb Code     0  indicate_semi.o(.text)
    Counting_Timer_7_Config                  0x08000381   Thumb Code    84  main.o(i.Counting_Timer_7_Config)
    DMA1_Channel6_IRQHandler                 0x080003e1   Thumb Code    10  main.o(i.DMA1_Channel6_IRQHandler)
    DMA_Config                               0x08000431   Thumb Code    86  main.o(i.DMA_Config)
    EXTI0_IRQHandler                         0x080004c5   Thumb Code    10  main.o(i.EXTI0_IRQHandler)
    Encoders_Timer_34_config                 0x080004d1   Thumb Code   352  main.o(i.Encoders_Timer_34_config)
    GPIO_Config_I2C                          0x0800064d   Thumb Code   146  main.o(i.GPIO_Config_I2C)
    GPIO_Direction_Config                    0x080006ed   Thumb Code    62  main.o(i.GPIO_Direction_Config)
    HAL_DMA_Abort_IT                         0x08000735   Thumb Code    88  stm32f3xx_hal_dma.o(i.HAL_DMA_Abort_IT)
    HAL_DMA_IRQHandler                       0x0800078d   Thumb Code   230  stm32f3xx_hal_dma.o(i.HAL_DMA_IRQHandler)
    HAL_DMA_Init                             0x08000873   Thumb Code    94  stm32f3xx_hal_dma.o(i.HAL_DMA_Init)
    HAL_DMA_Start_IT                         0x080008d1   Thumb Code   156  stm32f3xx_hal_dma.o(i.HAL_DMA_Start_IT)
    HAL_GPIO_EXTI_Callback                   0x0800096d   Thumb Code     2  stm32f3xx_hal_gpio.o(i.HAL_GPIO_EXTI_Callback)
    HAL_GPIO_EXTI_IRQHandler                 0x08000971   Thumb Code    24  stm32f3xx_hal_gpio.o(i.HAL_GPIO_EXTI_IRQHandler)
    HAL_GPIO_Init                            0x0800098d   Thumb Code   432  stm32f3xx_hal_gpio.o(i.HAL_GPIO_Init)
    HAL_GPIO_TogglePin                       0x08000b59   Thumb Code     8  stm32f3xx_hal_gpio.o(i.HAL_GPIO_TogglePin)
    HAL_GPIO_WritePin                        0x08000b61   Thumb Code    10  stm32f3xx_hal_gpio.o(i.HAL_GPIO_WritePin)
    HAL_GetTick                              0x08000b6d   Thumb Code     6  stm32f3xx_hal.o(i.HAL_GetTick)
    HAL_I2C_AbortCpltCallback                0x08000b79   Thumb Code     2  stm32f3xx_hal_i2c.o(i.HAL_I2C_AbortCpltCallback)
    HAL_I2C_AddrCallback                     0x08000b7b   Thumb Code     2  stm32f3xx_hal_i2c.o(i.HAL_I2C_AddrCallback)
    HAL_I2C_EV_IRQHandler                    0x08000b7d   Thumb Code    28  stm32f3xx_hal_i2c.o(i.HAL_I2C_EV_IRQHandler)
    HAL_I2C_ErrorCallback                    0x08000b99   Thumb Code     2  stm32f3xx_hal_i2c.o(i.HAL_I2C_ErrorCallback)
    HAL_I2C_Init                             0x08000b9d   Thumb Code   192  stm32f3xx_hal_i2c.o(i.HAL_I2C_Init)
    HAL_I2C_IsDeviceReady                    0x08000c61   Thumb Code   344  stm32f3xx_hal_i2c.o(i.HAL_I2C_IsDeviceReady)
    HAL_I2C_ListenCpltCallback               0x08000db9   Thumb Code     2  stm32f3xx_hal_i2c.o(i.HAL_I2C_ListenCpltCallback)
    HAL_I2C_MasterRxCpltCallback             0x08000dbb   Thumb Code     2  stm32f3xx_hal_i2c.o(i.HAL_I2C_MasterRxCpltCallback)
    HAL_I2C_MasterTxCpltCallback             0x08000dbd   Thumb Code     2  stm32f3xx_hal_i2c.o(i.HAL_I2C_MasterTxCpltCallback)
    HAL_I2C_Master_Receive_IT                0x08000dc1   Thumb Code   160  stm32f3xx_hal_i2c.o(i.HAL_I2C_Master_Receive_IT)
    HAL_I2C_Master_Transmit                  0x08000e69   Thumb Code   368  stm32f3xx_hal_i2c.o(i.HAL_I2C_Master_Transmit)
    HAL_I2C_MemRxCpltCallback                0x08000fdd   Thumb Code     2  stm32f3xx_hal_i2c.o(i.HAL_I2C_MemRxCpltCallback)
    HAL_I2C_MemTxCpltCallback                0x08000fdf   Thumb Code     2  stm32f3xx_hal_i2c.o(i.HAL_I2C_MemTxCpltCallback)
    HAL_I2C_MspInit                          0x08000fe1   Thumb Code     2  stm32f3xx_hal_i2c.o(i.HAL_I2C_MspInit)
    HAL_I2C_SlaveRxCpltCallback              0x08000fe3   Thumb Code     2  stm32f3xx_hal_i2c.o(i.HAL_I2C_SlaveRxCpltCallback)
    HAL_I2C_SlaveTxCpltCallback              0x08000fe5   Thumb Code     2  stm32f3xx_hal_i2c.o(i.HAL_I2C_SlaveTxCpltCallback)
    HAL_IncTick                              0x08000fe9   Thumb Code    12  stm32f3xx_hal.o(i.HAL_IncTick)
    HAL_Init                                 0x08000ff9   Thumb Code    34  stm32f3xx_hal.o(i.HAL_Init)
    HAL_InitTick                             0x08001021   Thumb Code    36  stm32f3xx_hal.o(i.HAL_InitTick)
    HAL_MspInit                              0x08001049   Thumb Code     2  stm32f3xx_hal.o(i.HAL_MspInit)
    HAL_NVIC_EnableIRQ                       0x0800104b   Thumb Code    32  stm32f3xx_hal_cortex.o(i.HAL_NVIC_EnableIRQ)
    HAL_NVIC_SetPriority                     0x0800106b   Thumb Code   124  stm32f3xx_hal_cortex.o(i.HAL_NVIC_SetPriority)
    HAL_NVIC_SetPriorityGrouping             0x080010e9   Thumb Code    32  stm32f3xx_hal_cortex.o(i.HAL_NVIC_SetPriorityGrouping)
    HAL_RCC_GetHCLKFreq                      0x08001111   Thumb Code     6  stm32f3xx_hal_rcc.o(i.HAL_RCC_GetHCLKFreq)
    HAL_RCC_GetPCLK1Freq                     0x0800111d   Thumb Code    36  stm32f3xx_hal_rcc.o(i.HAL_RCC_GetPCLK1Freq)
    HAL_RCC_GetPCLK2Freq                     0x08001149   Thumb Code    36  stm32f3xx_hal_rcc.o(i.HAL_RCC_GetPCLK2Freq)
    HAL_RCC_GetSysClockFreq                  0x08001175   Thumb Code   120  stm32f3xx_hal_rcc.o(i.HAL_RCC_GetSysClockFreq)
    HAL_SYSTICK_CLKSourceConfig              0x08001201   Thumb Code    40  stm32f3xx_hal_cortex.o(i.HAL_SYSTICK_CLKSourceConfig)
    HAL_SYSTICK_Callback                     0x08001229   Thumb Code     2  stm32f3xx_hal_cortex.o(i.HAL_SYSTICK_Callback)
    HAL_SYSTICK_Config                       0x0800122b   Thumb Code    52  stm32f3xx_hal_cortex.o(i.HAL_SYSTICK_Config)
    HAL_SYSTICK_IRQHandler                   0x0800125f   Thumb Code     8  stm32f3xx_hal_cortex.o(i.HAL_SYSTICK_IRQHandler)
    HAL_TIMEx_Break2Callback                 0x08001267   Thumb Code     2  stm32f3xx_hal_tim_ex.o(i.HAL_TIMEx_Break2Callback)
    HAL_TIMEx_BreakCallback                  0x08001269   Thumb Code     2  stm32f3xx_hal_tim_ex.o(i.HAL_TIMEx_BreakCallback)
    HAL_TIMEx_CommutationCallback            0x0800126b   Thumb Code     2  stm32f3xx_hal_tim_ex.o(i.HAL_TIMEx_CommutationCallback)
    HAL_TIM_Base_Init                        0x0800126d   Thumb Code    52  stm32f3xx_hal_tim.o(i.HAL_TIM_Base_Init)
    HAL_TIM_Base_MspInit                     0x080012a1   Thumb Code     2  stm32f3xx_hal_tim.o(i.HAL_TIM_Base_MspInit)
    HAL_TIM_Base_Start_IT                    0x080012a3   Thumb Code    30  stm32f3xx_hal_tim.o(i.HAL_TIM_Base_Start_IT)
    HAL_TIM_Encoder_Init                     0x080012c1   Thumb Code   180  stm32f3xx_hal_tim.o(i.HAL_TIM_Encoder_Init)
    HAL_TIM_Encoder_MspInit                  0x08001379   Thumb Code     2  stm32f3xx_hal_tim.o(i.HAL_TIM_Encoder_MspInit)
    HAL_TIM_Encoder_Start_IT                 0x0800137b   Thumb Code   126  stm32f3xx_hal_tim.o(i.HAL_TIM_Encoder_Start_IT)
    HAL_TIM_IC_CaptureCallback               0x080013f9   Thumb Code     2  stm32f3xx_hal_tim.o(i.HAL_TIM_IC_CaptureCallback)
    HAL_TIM_IRQHandler                       0x080013fb   Thumb Code   440  stm32f3xx_hal_tim.o(i.HAL_TIM_IRQHandler)
    HAL_TIM_OC_DelayElapsedCallback          0x080015b3   Thumb Code     2  stm32f3xx_hal_tim.o(i.HAL_TIM_OC_DelayElapsedCallback)
    HAL_TIM_PWM_ConfigChannel                0x080015b5   Thumb Code   372  stm32f3xx_hal_tim_ex.o(i.HAL_TIM_PWM_ConfigChannel)
    HAL_TIM_PWM_Init                         0x08001729   Thumb Code    52  stm32f3xx_hal_tim.o(i.HAL_TIM_PWM_Init)
    HAL_TIM_PWM_MspInit                      0x0800175d   Thumb Code     2  stm32f3xx_hal_tim.o(i.HAL_TIM_PWM_MspInit)
    HAL_TIM_PWM_PulseFinishedCallback        0x0800175f   Thumb Code     2  stm32f3xx_hal_tim.o(i.HAL_TIM_PWM_PulseFinishedCallback)
    HAL_TIM_PWM_Start                        0x08001761   Thumb Code    92  stm32f3xx_hal_tim.o(i.HAL_TIM_PWM_Start)
    HAL_TIM_PeriodElapsedCallback            0x080017d1   Thumb Code     2  stm32f3xx_hal_tim.o(i.HAL_TIM_PeriodElapsedCallback)
    HAL_TIM_TriggerCallback                  0x080017d3   Thumb Code     2  stm32f3xx_hal_tim.o(i.HAL_TIM_TriggerCallback)
    HAL_UART_ErrorCallback                   0x080017d5   Thumb Code     2  stm32f3xx_hal_uart.o(i.HAL_UART_ErrorCallback)
    HAL_UART_Init                            0x080017d7   Thumb Code   120  stm32f3xx_hal_uart.o(i.HAL_UART_Init)
    HAL_UART_MspInit                         0x0800184f   Thumb Code     2  stm32f3xx_hal_uart.o(i.HAL_UART_MspInit)
    HAL_UART_Receive                         0x08001851   Thumb Code   244  stm32f3xx_hal_uart.o(i.HAL_UART_Receive)
    HAL_UART_Receive_DMA                     0x08001945   Thumb Code   156  stm32f3xx_hal_uart.o(i.HAL_UART_Receive_DMA)
    HAL_UART_RxCpltCallback                  0x080019ed   Thumb Code    26  main.o(i.HAL_UART_RxCpltCallback)
    HAL_UART_RxHalfCpltCallback              0x08001a11   Thumb Code     2  stm32f3xx_hal_uart.o(i.HAL_UART_RxHalfCpltCallback)
    HAL_UART_Transmit                        0x08001a13   Thumb Code   198  stm32f3xx_hal_uart.o(i.HAL_UART_Transmit)
    I2C1_EV_IRQHandler                       0x08001ad9   Thumb Code    10  main.o(i.I2C1_EV_IRQHandler)
    I2C_Config                               0x08001ae9   Thumb Code    86  main.o(i.I2C_Config)
    I2C_Read                                 0x0800250d   Thumb Code    48  main.o(i.I2C_Read)
    I2C_Write                                0x0800284d   Thumb Code    30  main.o(i.I2C_Write)
    MadgwickAHRSupdateIMU                    0x08002875   Thumb Code   968  madgwickahrs.o(i.MadgwickAHRSupdateIMU)
    Main_Loop_Timer_6_Config                 0x08002c55   Thumb Code    84  main.o(i.Main_Loop_Timer_6_Config)
    PID_Angle_Controller                     0x08002cb5   Thumb Code   226  main.o(i.PID_Angle_Controller)
    PID_Motor_Controller                     0x08002dbd   Thumb Code   202  main.o(i.PID_Motor_Controller)
    PID_Speed_Controller                     0x08002ea1   Thumb Code   250  main.o(i.PID_Speed_Controller)
    PID_Values_Receive                       0x08002fc5   Thumb Code   792  main.o(i.PID_Values_Receive)
    PID_Values_Transmit                      0x08003315   Thumb Code   244  main.o(i.PID_Values_Transmit)
    PWM_Config                               0x08003441   Thumb Code   452  main.o(i.PWM_Config)
    Robot_Steering                           0x08003615   Thumb Code   134  main.o(i.Robot_Steering)
    SysTick_Handler                          0x080036ad   Thumb Code    18  main.o(i.SysTick_Handler)
    SystemInit                               0x080036c5   Thumb Code   104  system_stm32f3xx.o(i.SystemInit)
    TIM2_IRQHandler                          0x08003741   Thumb Code    36  main.o(i.TIM2_IRQHandler)
    TIM3_IRQHandler                          0x08003769   Thumb Code   276  main.o(i.TIM3_IRQHandler)
    TIM4_IRQHandler                          0x080038c5   Thumb Code   308  main.o(i.TIM4_IRQHandler)
    TIM6_DAC_IRQHandler                      0x08003a4d   Thumb Code  1404  main.o(i.TIM6_DAC_IRQHandler)
    TIM7_IRQHandler                          0x08003fe5   Thumb Code   178  main.o(i.TIM7_IRQHandler)
    TIM_Base_SetConfig                       0x080040cd   Thumb Code   160  stm32f3xx_hal_tim.o(i.TIM_Base_SetConfig)
    TIM_CCxChannelCmd                        0x08004189   Thumb Code    28  stm32f3xx_hal_tim.o(i.TIM_CCxChannelCmd)
    TIM_OC1_SetConfig                        0x080041a5   Thumb Code   152  stm32f3xx_hal_tim.o(i.TIM_OC1_SetConfig)
    TIM_OC2_SetConfig                        0x08004255   Thumb Code   162  stm32f3xx_hal_tim.o(i.TIM_OC2_SetConfig)
    TIM_OC3_SetConfig                        0x08004311   Thumb Code   160  stm32f3xx_hal_tim.o(i.TIM_OC3_SetConfig)
    TIM_OC4_SetConfig                        0x080043c9   Thumb Code    98  stm32f3xx_hal_tim.o(i.TIM_OC4_SetConfig)
    UART_AdvFeatureConfig                    0x08004531   Thumb Code   234  stm32f3xx_hal_uart.o(i.UART_AdvFeatureConfig)
    UART_CheckIdleState                      0x0800461b   Thumb Code   116  stm32f3xx_hal_uart.o(i.UART_CheckIdleState)
    UART_Config                              0x08004691   Thumb Code   156  main.o(i.UART_Config)
    UART_SetConfig                           0x08004815   Thumb Code   716  stm32f3xx_hal_uart.o(i.UART_SetConfig)
    UART_WaitOnFlagUntilTimeout              0x08004b01   Thumb Code   108  stm32f3xx_hal_uart.o(i.UART_WaitOnFlagUntilTimeout)
    __ARM_fpclassifyf                        0x08004b6d   Thumb Code    38  fpclassifyf.o(i.__ARM_fpclassifyf)
    __hardfp_asinf                           0x08004bcd   Thumb Code   258  asinf.o(i.__hardfp_asinf)
    __hardfp_fabs                            0x08004cf9   Thumb Code    20  fabs.o(i.__hardfp_fabs)
    __mathlib_flt_infnan                     0x08004d0d   Thumb Code     6  funder.o(i.__mathlib_flt_infnan)
    __mathlib_flt_invalid                    0x08004d15   Thumb Code    10  funder.o(i.__mathlib_flt_invalid)
    __mathlib_flt_underflow                  0x08004d25   Thumb Code    10  funder.o(i.__mathlib_flt_underflow)
    invSqrt                                  0x08004d35   Thumb Code    56  madgwickahrs.o(i.invSqrt)
    main                                     0x08004d71   Thumb Code   268  main.o(i.main)
    read_mpu_6050_data                       0x08004ecd   Thumb Code   554  main.o(i.read_mpu_6050_data)
    setup_mpu_6050_registers                 0x08005151   Thumb Code    36  main.o(i.setup_mpu_6050_registers)
    sqrtf                                    0x08005175   Thumb Code    62  sqrtf.o(i.sqrtf)
    __aeabi_dneg                             0x080051b3   Thumb Code     0  basic.o(x$fpl$basic)
    _dneg                                    0x080051b3   Thumb Code     6  basic.o(x$fpl$basic)
    __aeabi_fneg                             0x080051b9   Thumb Code     0  basic.o(x$fpl$basic)
    _fneg                                    0x080051b9   Thumb Code     6  basic.o(x$fpl$basic)
    _dabs                                    0x080051bf   Thumb Code     6  basic.o(x$fpl$basic)
    _fabs                                    0x080051c5   Thumb Code     6  basic.o(x$fpl$basic)
    __aeabi_d2f                              0x080051cd   Thumb Code     0  d2f.o(x$fpl$d2f)
    _d2f                                     0x080051cd   Thumb Code    98  d2f.o(x$fpl$d2f)
    __aeabi_dadd                             0x08005231   Thumb Code     0  daddsub_clz.o(x$fpl$dadd)
    _dadd                                    0x08005231   Thumb Code   332  daddsub_clz.o(x$fpl$dadd)
    __fpl_dcmp_Inf                           0x08005381   Thumb Code    24  dcmpi.o(x$fpl$dcmpinf)
    __aeabi_ddiv                             0x08005399   Thumb Code     0  ddiv.o(x$fpl$ddiv)
    _ddiv                                    0x08005399   Thumb Code   552  ddiv.o(x$fpl$ddiv)
    __aeabi_i2d                              0x08005649   Thumb Code     0  dflt_clz.o(x$fpl$dflt)
    _dflt                                    0x08005649   Thumb Code    46  dflt_clz.o(x$fpl$dflt)
    __aeabi_ui2d                             0x08005677   Thumb Code     0  dflt_clz.o(x$fpl$dfltu)
    _dfltu                                   0x08005677   Thumb Code    38  dflt_clz.o(x$fpl$dfltu)
    __aeabi_cdcmple                          0x0800569d   Thumb Code     0  dleqf.o(x$fpl$dleqf)
    _dcmple                                  0x0800569d   Thumb Code   120  dleqf.o(x$fpl$dleqf)
    __fpl_dcmple_InfNaN                      0x080056ff   Thumb Code     0  dleqf.o(x$fpl$dleqf)
    __aeabi_dmul                             0x08005715   Thumb Code     0  dmul.o(x$fpl$dmul)
    _dmul                                    0x08005715   Thumb Code   332  dmul.o(x$fpl$dmul)
    __fpl_dnaninf                            0x08005869   Thumb Code   156  dnaninf.o(x$fpl$dnaninf)
    __fpl_dretinf                            0x08005905   Thumb Code    12  dretinf.o(x$fpl$dretinf)
    __aeabi_cdrcmple                         0x08005911   Thumb Code     0  drleqf.o(x$fpl$drleqf)
    _drcmple                                 0x08005911   Thumb Code   108  drleqf.o(x$fpl$drleqf)
    __aeabi_dsub                             0x0800597d   Thumb Code     0  daddsub_clz.o(x$fpl$dsub)
    _dsub                                    0x0800597d   Thumb Code   464  daddsub_clz.o(x$fpl$dsub)
    __aeabi_f2d                              0x08005b51   Thumb Code     0  f2d.o(x$fpl$f2d)
    _f2d                                     0x08005b51   Thumb Code    86  f2d.o(x$fpl$f2d)
    __fpl_fnaninf                            0x08005ba7   Thumb Code   140  fnaninf.o(x$fpl$fnaninf)
    _fp_init                                 0x08005c33   Thumb Code    10  fpinit.o(x$fpl$fpinit)
    __fplib_config_fpu_vfp                   0x08005c3b   Thumb Code     0  fpinit.o(x$fpl$fpinit)
    __fplib_config_pureend_doubles           0x08005c3b   Thumb Code     0  fpinit.o(x$fpl$fpinit)
    __fpl_fretinf                            0x08005c3d   Thumb Code    10  fretinf.o(x$fpl$fretinf)
    __I$use$fp                               0x08005c46   Number         0  usenofp.o(x$fpl$usenofp)
    aPLLMULFactorTable                       0x08005c46   Data          16  stm32f3xx_hal_rcc.o(.constdata)
    aPredivFactorTable                       0x08005c56   Data          16  stm32f3xx_hal_rcc.o(.constdata)
    AHBPrescTable                            0x08005c66   Data          16  system_stm32f3xx.o(.constdata)
    APBPrescTable                            0x08005c76   Data           8  system_stm32f3xx.o(.constdata)
    Region$$Table$$Base                      0x08005c80   Number         0  anon$$obj.o(Region$$Table)
    Region$$Table$$Limit                     0x08005ca0   Number         0  anon$$obj.o(Region$$Table)
    pitch                                    0x20000000   Data           4  main.o(.data)
    roll                                     0x20000004   Data           4  main.o(.data)
    yaw                                      0x20000008   Data           4  main.o(.data)
    pitch1                                   0x2000000c   Data           4  main.o(.data)
    P1_16                                    0x20000010   Data           2  main.o(.data)
    I1_16                                    0x20000012   Data           2  main.o(.data)
    D1_16                                    0x20000014   Data           2  main.o(.data)
    P2_16                                    0x20000016   Data           2  main.o(.data)
    I2_16                                    0x20000018   Data           2  main.o(.data)
    D2_16                                    0x2000001a   Data           2  main.o(.data)
    b                                        0x2000001c   Data           1  main.o(.data)
    accel_x                                  0x20000028   Data           4  main.o(.data)
    accel_y                                  0x2000002c   Data           4  main.o(.data)
    accel_z                                  0x20000030   Data           4  main.o(.data)
    gyro_x                                   0x20000034   Data           4  main.o(.data)
    gyro_y                                   0x20000038   Data           4  main.o(.data)
    gyro_z                                   0x2000003c   Data           4  main.o(.data)
    acc_x                                    0x20000040   Data           4  main.o(.data)
    acc_y                                    0x20000044   Data           4  main.o(.data)
    acc_z                                    0x20000048   Data           4  main.o(.data)
    error_stop                               0x2000004c   Data           4  main.o(.data)
    proba                                    0x20000050   Data           4  main.o(.data)
    proba2                                   0x20000054   Data           4  main.o(.data)
    systickFlag                              0x20000058   Data           1  main.o(.data)
    czas                                     0x2000005c   Data           4  main.o(.data)
    delayFlag                                0x20000060   Data           1  main.o(.data)
    pwm_spr                                  0x20000064   Data           4  main.o(.data)
    P1                                       0x20000068   Data           4  main.o(.data)
    I1                                       0x2000006c   Data           4  main.o(.data)
    D1                                       0x20000070   Data           4  main.o(.data)
    P2                                       0x20000074   Data           4  main.o(.data)
    I2                                       0x20000078   Data           4  main.o(.data)
    D2                                       0x2000007c   Data           4  main.o(.data)
    P3                                       0x20000080   Data           4  main.o(.data)
    I3                                       0x20000084   Data           4  main.o(.data)
    D3                                       0x20000088   Data           4  main.o(.data)
    flag                                     0x2000008c   Data           4  main.o(.data)
    kat_atan                                 0x20000090   Data           8  main.o(.data)
    comp_angle                               0x20000098   Data           4  main.o(.data)
    angle_1                                  0x2000009c   Data           4  main.o(.data)
    angle_2                                  0x200000a0   Data           4  main.o(.data)
    angle_graph                              0x200000a4   Data           4  main.o(.data)
    a                                        0x200000a8   Data           4  main.o(.data)
    kat_obrotu                               0x200000ac   Data           4  main.o(.data)
    backward                                 0x200000b0   Data           4  main.o(.data)
    forward                                  0x200000b4   Data           4  main.o(.data)
    PWM                                      0x200000b8   Data           4  main.o(.data)
    PID_SUM_1                                0x200000bc   Data           4  main.o(.data)
    PID_SUM_2                                0x200000c0   Data           4  main.o(.data)
    Power                                    0x200000c4   Data           4  main.o(.data)
    Power2                                   0x200000c8   Data           4  main.o(.data)
    Power1                                   0x200000cc   Data           4  main.o(.data)
    moc                                      0x200000d0   Data           4  main.o(.data)
    PWM_minus                                0x200000d4   Data           4  main.o(.data)
    PWM_plus                                 0x200000d8   Data           4  main.o(.data)
    Speed                                    0x200000dc   Data           4  main.o(.data)
    Displacement                             0x200000e0   Data           4  main.o(.data)
    Motor_Power                              0x200000e4   Data           4  main.o(.data)
    Speed_1                                  0x200000e8   Data           4  main.o(.data)
    Angle_PID                                0x200000ec   Data           4  main.o(.data)
    Speed_2                                  0x200000f0   Data           4  main.o(.data)
    Speed_PID                                0x200000f4   Data           4  main.o(.data)
    Displacement_PID_1                       0x200000f8   Data           4  main.o(.data)
    Displacement_PID_2                       0x200000fc   Data           4  main.o(.data)
    speed_graph                              0x20000100   Data           4  main.o(.data)
    displacement_graph                       0x20000104   Data           4  main.o(.data)
    start_0                                  0x20000108   Data           1  main.o(.data)
    start_1                                  0x20000109   Data           1  main.o(.data)
    P_Speed                                  0x2000010c   Data           4  main.o(.data)
    I_Speed                                  0x20000110   Data           4  main.o(.data)
    D_Speed                                  0x20000114   Data           4  main.o(.data)
    P_Angle                                  0x20000118   Data           4  main.o(.data)
    I_Angle                                  0x2000011c   Data           4  main.o(.data)
    D_Angle                                  0x20000120   Data           4  main.o(.data)
    pulse_count_1                            0x20000124   Data           2  main.o(.data)
    positions_1                              0x20000126   Data           2  main.o(.data)
    pulse_count_2                            0x20000128   Data           2  main.o(.data)
    positions_2                              0x2000012a   Data           2  main.o(.data)
    number_of_pulses_1                       0x2000012c   Data           2  main.o(.data)
    pulse_count_1_prev                       0x2000012e   Data           2  main.o(.data)
    number_of_pulses_2                       0x20000130   Data           2  main.o(.data)
    pulse_count_2_prev                       0x20000132   Data           2  main.o(.data)
    omega_1                                  0x20000134   Data           4  main.o(.data)
    omega_2                                  0x20000138   Data           4  main.o(.data)
    RPM_1                                    0x2000013c   Data           4  main.o(.data)
    RPM_2                                    0x20000140   Data           4  main.o(.data)
    Mean_RPM                                 0x20000144   Data           4  main.o(.data)
    Mean_RPM_filtered                        0x20000148   Data           4  main.o(.data)
    RPM_1_filtered                           0x2000014c   Data           4  main.o(.data)
    RPM_2_filtered                           0x20000150   Data           4  main.o(.data)
    number_of_clock_cycles_1                 0x20000154   Data           4  main.o(.data)
    number_of_clock_cycles_2                 0x20000158   Data           4  main.o(.data)
    kroki1                                   0x2000015c   Data           2  main.o(.data)
    kroki2                                   0x2000015e   Data           2  main.o(.data)
    przerwanie                               0x20000160   Data           2  main.o(.data)
    licznik                                  0x20000162   Data           2  main.o(.data)
    acc_total_vector                         0x20000164   Data           4  main.o(.data)
    temperature                              0x20000168   Data           4  main.o(.data)
    gyro_x_cal                               0x2000016c   Data           4  main.o(.data)
    gyro_y_cal                               0x20000170   Data           4  main.o(.data)
    gyro_z_cal                               0x20000174   Data           4  main.o(.data)
    loop_timer                               0x20000178   Data           4  main.o(.data)
    lcd_loop_counter                         0x2000017c   Data           4  main.o(.data)
    angle_pitch                              0x20000180   Data           4  main.o(.data)
    angle_roll                               0x20000184   Data           4  main.o(.data)
    angle_pitch_buffer                       0x20000188   Data           4  main.o(.data)
    angle_roll_buffer                        0x2000018c   Data           4  main.o(.data)
    set_gyro_angles                          0x20000190   Data           1  main.o(.data)
    angle_roll_acc                           0x20000194   Data           4  main.o(.data)
    angle_pitch_acc                          0x20000198   Data           4  main.o(.data)
    angle_pitch_output                       0x2000019c   Data           4  main.o(.data)
    angle_roll_output                        0x200001a0   Data           4  main.o(.data)
    txData                                   0x200001a4   Data          12  main.o(.data)
    rxData                                   0x200001b0   Data           8  main.o(.data)
    rxBuff                                   0x200001b8   Data           8  main.o(.data)
    HC05_angle                               0x200001c0   Data           4  main.o(.data)
    throttle                                 0x200001c4   Data           4  main.o(.data)
    turn                                     0x200001c8   Data           4  main.o(.data)
    turn_const                               0x200001cc   Data           4  main.o(.data)
    throttle_const                           0x200001d0   Data           4  main.o(.data)
    accel_x_raw                              0x200001d4   Data           2  main.o(.data)
    accel_y_raw                              0x200001d6   Data           2  main.o(.data)
    accel_z_raw                              0x200001d8   Data           2  main.o(.data)
    mpu_temp_raw                             0x200001da   Data           2  main.o(.data)
    gyro_x_raw                               0x200001dc   Data           2  main.o(.data)
    gyro_y_raw                               0x200001de   Data           2  main.o(.data)
    gyro_z_raw                               0x200001e0   Data           2  main.o(.data)
    i                                        0x200001e2   Data           1  main.o(.data)
    OUT_X_H                                  0x200001e3   Data           1  main.o(.data)
    OUT_Y_H                                  0x200001e4   Data           1  main.o(.data)
    OUT_Z_H                                  0x200001e5   Data           1  main.o(.data)
    W_X                                      0x200001e8   Data           4  main.o(.data)
    W_Y                                      0x200001ec   Data           4  main.o(.data)
    W_Z                                      0x200001f0   Data           4  main.o(.data)
    spiData                                  0x200001f4   Data           2  main.o(.data)
    spiRx                                    0x200001f6   Data           2  main.o(.data)
    GyroRate                                 0x200001f8   Data           4  main.o(.data)
    gyroTime                                 0x200001fc   Data           2  main.o(.data)
    x_angle                                  0x20000200   Data           4  main.o(.data)
    SPI                                      0x20000204   Data           1  main.o(.data)
    flaga                                    0x20000208   Data           4  main.o(.data)
    plus                                     0x2000020c   Data           4  main.o(.data)
    RPM_pulse_counting                       0x20000210   Data           4  main.o(.data)
    pulse_count                              0x20000214   Data           2  main.o(.data)
    number_of_pulses                         0x20000216   Data           2  main.o(.data)
    pulse_count_prev                         0x20000218   Data           2  main.o(.data)
    dupa                                     0x2000021c   Data           4  main.o(.data)
    beta                                     0x2000023c   Data           4  madgwickahrs.o(.data)
    q0                                       0x20000240   Data           4  madgwickahrs.o(.data)
    q1                                       0x20000244   Data           4  madgwickahrs.o(.data)
    q2                                       0x20000248   Data           4  madgwickahrs.o(.data)
    q3                                       0x2000024c   Data           4  madgwickahrs.o(.data)
    uwTick                                   0x20000250   Data           4  stm32f3xx_hal.o(.data)
    SystemCoreClock                          0x20000254   Data           4  system_stm32f3xx.o(.data)
    htim3                                    0x20000258   Data          64  main.o(.bss)
    htim4                                    0x20000298   Data          64  main.o(.bss)
    htim7                                    0x200002d8   Data          64  main.o(.bss)
    htim6                                    0x20000318   Data          64  main.o(.bss)
    myUARThandle                             0x20000358   Data         112  main.o(.bss)
    myDMA_Uart2Handle                        0x200003c8   Data          68  main.o(.bss)
    myI2Chandle                              0x2000040c   Data          76  main.o(.bss)
    i2cBuff                                  0x20000458   Data          16  main.o(.bss)
    mySPIhandle                              0x20000468   Data         100  main.o(.bss)
    __libspace_start                         0x200004cc   Data          96  libspace.o(.bss)
    __temporary_stack_top$libspace           0x2000052c   Data           0  libspace.o(.bss)



==============================================================================

Memory Map of the image

  Image Entry point : 0x08000269

  Load Region LR_1 (Base: 0x08000000, Size: 0x00005ef8, Max: 0xffffffff, ABSOLUTE, COMPRESSED[0x00005ccc])

    Execution Region ER_RO (Exec base: 0x08000000, Load base: 0x08000000, Size: 0x00005ca0, Max: 0xffffffff, ABSOLUTE)

    Exec Addr    Load Addr    Size         Type   Attr      Idx    E Section Name        Object

    0x08000000   0x08000000   0x00000188   Data   RO         3778    RESET               startup_stm32f303xc.o
    0x08000188   0x08000188   0x00000008   Code   RO         3830  * !!!main             c_w.l(__main.o)
    0x08000190   0x08000190   0x00000034   Code   RO         4157    !!!scatter          c_w.l(__scatter.o)
    0x080001c4   0x080001c4   0x0000005a   Code   RO         4155    !!dczerorl2         c_w.l(__dczerorl2.o)
    0x0800021e   0x0800021e   0x00000002   PAD
    0x08000220   0x08000220   0x0000001c   Code   RO         4159    !!handler_zi        c_w.l(__scatter_zi.o)
    0x0800023c   0x0800023c   0x00000002   Code   RO         4028    .ARM.Collect$$libinit$$00000000  c_w.l(libinit.o)
    0x0800023e   0x0800023e   0x00000004   Code   RO         4031    .ARM.Collect$$libinit$$00000001  c_w.l(libinit2.o)
    0x08000242   0x08000242   0x00000000   Code   RO         4034    .ARM.Collect$$libinit$$00000004  c_w.l(libinit2.o)
    0x08000242   0x08000242   0x00000000   Code   RO         4037    .ARM.Collect$$libinit$$0000000A  c_w.l(libinit2.o)
    0x08000242   0x08000242   0x00000000   Code   RO         4039    .ARM.Collect$$libinit$$0000000C  c_w.l(libinit2.o)
    0x08000242   0x08000242   0x00000000   Code   RO         4041    .ARM.Collect$$libinit$$0000000E  c_w.l(libinit2.o)
    0x08000242   0x08000242   0x00000000   Code   RO         4044    .ARM.Collect$$libinit$$00000011  c_w.l(libinit2.o)
    0x08000242   0x08000242   0x00000000   Code   RO         4046    .ARM.Collect$$libinit$$00000013  c_w.l(libinit2.o)
    0x08000242   0x08000242   0x00000000   Code   RO         4048    .ARM.Collect$$libinit$$00000015  c_w.l(libinit2.o)
    0x08000242   0x08000242   0x00000000   Code   RO         4050    .ARM.Collect$$libinit$$00000017  c_w.l(libinit2.o)
    0x08000242   0x08000242   0x00000000   Code   RO         4052    .ARM.Collect$$libinit$$00000019  c_w.l(libinit2.o)
    0x08000242   0x08000242   0x00000000   Code   RO         4054    .ARM.Collect$$libinit$$0000001B  c_w.l(libinit2.o)
    0x08000242   0x08000242   0x00000000   Code   RO         4056    .ARM.Collect$$libinit$$0000001D  c_w.l(libinit2.o)
    0x08000242   0x08000242   0x00000000   Code   RO         4058    .ARM.Collect$$libinit$$0000001F  c_w.l(libinit2.o)
    0x08000242   0x08000242   0x00000000   Code   RO         4060    .ARM.Collect$$libinit$$00000021  c_w.l(libinit2.o)
    0x08000242   0x08000242   0x00000000   Code   RO         4062    .ARM.Collect$$libinit$$00000023  c_w.l(libinit2.o)
    0x08000242   0x08000242   0x00000000   Code   RO         4064    .ARM.Collect$$libinit$$00000025  c_w.l(libinit2.o)
    0x08000242   0x08000242   0x00000000   Code   RO         4068    .ARM.Collect$$libinit$$0000002C  c_w.l(libinit2.o)
    0x08000242   0x08000242   0x00000000   Code   RO         4070    .ARM.Collect$$libinit$$0000002E  c_w.l(libinit2.o)
    0x08000242   0x08000242   0x00000000   Code   RO         4072    .ARM.Collect$$libinit$$00000030  c_w.l(libinit2.o)
    0x08000242   0x08000242   0x00000000   Code   RO         4074    .ARM.Collect$$libinit$$00000032  c_w.l(libinit2.o)
    0x08000242   0x08000242   0x00000002   Code   RO         4075    .ARM.Collect$$libinit$$00000033  c_w.l(libinit2.o)
    0x08000244   0x08000244   0x00000002   Code   RO         4095    .ARM.Collect$$libshutdown$$00000000  c_w.l(libshutdown.o)
    0x08000246   0x08000246   0x00000000   Code   RO         4108    .ARM.Collect$$libshutdown$$00000002  c_w.l(libshutdown2.o)
    0x08000246   0x08000246   0x00000000   Code   RO         4110    .ARM.Collect$$libshutdown$$00000004  c_w.l(libshutdown2.o)
    0x08000246   0x08000246   0x00000000   Code   RO         4113    .ARM.Collect$$libshutdown$$00000007  c_w.l(libshutdown2.o)
    0x08000246   0x08000246   0x00000000   Code   RO         4116    .ARM.Collect$$libshutdown$$0000000A  c_w.l(libshutdown2.o)
    0x08000246   0x08000246   0x00000000   Code   RO         4118    .ARM.Collect$$libshutdown$$0000000C  c_w.l(libshutdown2.o)
    0x08000246   0x08000246   0x00000000   Code   RO         4121    .ARM.Collect$$libshutdown$$0000000F  c_w.l(libshutdown2.o)
    0x08000246   0x08000246   0x00000002   Code   RO         4122    .ARM.Collect$$libshutdown$$00000010  c_w.l(libshutdown2.o)
    0x08000248   0x08000248   0x00000000   Code   RO         3920    .ARM.Collect$$rtentry$$00000000  c_w.l(__rtentry.o)
    0x08000248   0x08000248   0x00000000   Code   RO         3997    .ARM.Collect$$rtentry$$00000002  c_w.l(__rtentry2.o)
    0x08000248   0x08000248   0x00000006   Code   RO         4009    .ARM.Collect$$rtentry$$00000004  c_w.l(__rtentry4.o)
    0x0800024e   0x0800024e   0x00000000   Code   RO         3999    .ARM.Collect$$rtentry$$00000009  c_w.l(__rtentry2.o)
    0x0800024e   0x0800024e   0x00000004   Code   RO         4000    .ARM.Collect$$rtentry$$0000000A  c_w.l(__rtentry2.o)
    0x08000252   0x08000252   0x00000000   Code   RO         4002    .ARM.Collect$$rtentry$$0000000C  c_w.l(__rtentry2.o)
    0x08000252   0x08000252   0x00000008   Code   RO         4003    .ARM.Collect$$rtentry$$0000000D  c_w.l(__rtentry2.o)
    0x0800025a   0x0800025a   0x00000002   Code   RO         4029    .ARM.Collect$$rtexit$$00000000  c_w.l(rtexit.o)
    0x0800025c   0x0800025c   0x00000000   Code   RO         4077    .ARM.Collect$$rtexit$$00000002  c_w.l(rtexit2.o)
    0x0800025c   0x0800025c   0x00000004   Code   RO         4078    .ARM.Collect$$rtexit$$00000003  c_w.l(rtexit2.o)
    0x08000260   0x08000260   0x00000006   Code   RO         4079    .ARM.Collect$$rtexit$$00000004  c_w.l(rtexit2.o)
    0x08000266   0x08000266   0x00000002   PAD
    0x08000268   0x08000268   0x00000040   Code   RO         3779  * .text               startup_stm32f303xc.o
    0x080002a8   0x080002a8   0x0000003e   Code   RO         3824    .text               c_w.l(strlen.o)
    0x080002e6   0x080002e6   0x00000006   Code   RO         3828    .text               c_w.l(heapauxi.o)
    0x080002ec   0x080002ec   0x00000016   Code   RO         3921    .text               c_w.l(_rserrno.o)
    0x08000302   0x08000302   0x00000002   PAD
    0x08000304   0x08000304   0x00000008   Code   RO         4014    .text               c_w.l(rt_errno_addr_intlibspace.o)
    0x0800030c   0x0800030c   0x00000008   Code   RO         4016    .text               c_w.l(libspace.o)
    0x08000314   0x08000314   0x0000004a   Code   RO         4019    .text               c_w.l(sys_stackheap_outer.o)
    0x0800035e   0x0800035e   0x00000012   Code   RO         4021    .text               c_w.l(exit.o)
    0x08000370   0x08000370   0x0000000c   Code   RO         4087    .text               c_w.l(sys_exit.o)
    0x0800037c   0x0800037c   0x00000002   Code   RO         4098    .text               c_w.l(use_no_semi.o)
    0x0800037e   0x0800037e   0x00000000   Code   RO         4100    .text               c_w.l(indicate_semi.o)
    0x0800037e   0x0800037e   0x00000002   PAD
    0x08000380   0x08000380   0x00000060   Code   RO            6    i.Counting_Timer_7_Config  main.o
    0x080003e0   0x080003e0   0x00000010   Code   RO            7    i.DMA1_Channel6_IRQHandler  main.o
    0x080003f0   0x080003f0   0x00000040   Code   RO          728    i.DMA_CalcBaseAndBitshift  stm32f3xx_hal_dma.o
    0x08000430   0x08000430   0x00000068   Code   RO            8    i.DMA_Config        main.o
    0x08000498   0x08000498   0x0000002c   Code   RO          729    i.DMA_SetConfig     stm32f3xx_hal_dma.o
    0x080004c4   0x080004c4   0x0000000a   Code   RO            9    i.EXTI0_IRQHandler  main.o
    0x080004ce   0x080004ce   0x00000002   PAD
    0x080004d0   0x080004d0   0x0000017c   Code   RO           10    i.Encoders_Timer_34_config  main.o
    0x0800064c   0x0800064c   0x000000a0   Code   RO           11    i.GPIO_Config_I2C   main.o
    0x080006ec   0x080006ec   0x00000048   Code   RO           13    i.GPIO_Direction_Config  main.o
    0x08000734   0x08000734   0x00000058   Code   RO          731    i.HAL_DMA_Abort_IT  stm32f3xx_hal_dma.o
    0x0800078c   0x0800078c   0x000000e6   Code   RO          735    i.HAL_DMA_IRQHandler  stm32f3xx_hal_dma.o
    0x08000872   0x08000872   0x0000005e   Code   RO          736    i.HAL_DMA_Init      stm32f3xx_hal_dma.o
    0x080008d0   0x080008d0   0x0000009c   Code   RO          740    i.HAL_DMA_Start_IT  stm32f3xx_hal_dma.o
    0x0800096c   0x0800096c   0x00000002   Code   RO         1050    i.HAL_GPIO_EXTI_Callback  stm32f3xx_hal_gpio.o
    0x0800096e   0x0800096e   0x00000002   PAD
    0x08000970   0x08000970   0x0000001c   Code   RO         1051    i.HAL_GPIO_EXTI_IRQHandler  stm32f3xx_hal_gpio.o
    0x0800098c   0x0800098c   0x000001cc   Code   RO         1052    i.HAL_GPIO_Init     stm32f3xx_hal_gpio.o
    0x08000b58   0x08000b58   0x00000008   Code   RO         1055    i.HAL_GPIO_TogglePin  stm32f3xx_hal_gpio.o
    0x08000b60   0x08000b60   0x0000000a   Code   RO         1056    i.HAL_GPIO_WritePin  stm32f3xx_hal_gpio.o
    0x08000b6a   0x08000b6a   0x00000002   PAD
    0x08000b6c   0x08000b6c   0x0000000c   Code   RO          434    i.HAL_GetTick       stm32f3xx_hal.o
    0x08000b78   0x08000b78   0x00000002   Code   RO         1119    i.HAL_I2C_AbortCpltCallback  stm32f3xx_hal_i2c.o
    0x08000b7a   0x08000b7a   0x00000002   Code   RO         1120    i.HAL_I2C_AddrCallback  stm32f3xx_hal_i2c.o
    0x08000b7c   0x08000b7c   0x0000001c   Code   RO         1124    i.HAL_I2C_EV_IRQHandler  stm32f3xx_hal_i2c.o
    0x08000b98   0x08000b98   0x00000002   Code   RO         1126    i.HAL_I2C_ErrorCallback  stm32f3xx_hal_i2c.o
    0x08000b9a   0x08000b9a   0x00000002   PAD
    0x08000b9c   0x08000b9c   0x000000c4   Code   RO         1130    i.HAL_I2C_Init      stm32f3xx_hal_i2c.o
    0x08000c60   0x08000c60   0x00000158   Code   RO         1131    i.HAL_I2C_IsDeviceReady  stm32f3xx_hal_i2c.o
    0x08000db8   0x08000db8   0x00000002   Code   RO         1132    i.HAL_I2C_ListenCpltCallback  stm32f3xx_hal_i2c.o
    0x08000dba   0x08000dba   0x00000002   Code   RO         1133    i.HAL_I2C_MasterRxCpltCallback  stm32f3xx_hal_i2c.o
    0x08000dbc   0x08000dbc   0x00000002   Code   RO         1134    i.HAL_I2C_MasterTxCpltCallback  stm32f3xx_hal_i2c.o
    0x08000dbe   0x08000dbe   0x00000002   PAD
    0x08000dc0   0x08000dc0   0x000000a8   Code   RO         1138    i.HAL_I2C_Master_Receive_IT  stm32f3xx_hal_i2c.o
    0x08000e68   0x08000e68   0x00000174   Code   RO         1141    i.HAL_I2C_Master_Transmit  stm32f3xx_hal_i2c.o
    0x08000fdc   0x08000fdc   0x00000002   Code   RO         1144    i.HAL_I2C_MemRxCpltCallback  stm32f3xx_hal_i2c.o
    0x08000fde   0x08000fde   0x00000002   Code   RO         1145    i.HAL_I2C_MemTxCpltCallback  stm32f3xx_hal_i2c.o
    0x08000fe0   0x08000fe0   0x00000002   Code   RO         1153    i.HAL_I2C_MspInit   stm32f3xx_hal_i2c.o
    0x08000fe2   0x08000fe2   0x00000002   Code   RO         1154    i.HAL_I2C_SlaveRxCpltCallback  stm32f3xx_hal_i2c.o
    0x08000fe4   0x08000fe4   0x00000002   Code   RO         1155    i.HAL_I2C_SlaveTxCpltCallback  stm32f3xx_hal_i2c.o
    0x08000fe6   0x08000fe6   0x00000002   PAD
    0x08000fe8   0x08000fe8   0x00000010   Code   RO          438    i.HAL_IncTick       stm32f3xx_hal.o
    0x08000ff8   0x08000ff8   0x00000028   Code   RO          439    i.HAL_Init          stm32f3xx_hal.o
    0x08001020   0x08001020   0x00000028   Code   RO          440    i.HAL_InitTick      stm32f3xx_hal.o
    0x08001048   0x08001048   0x00000002   Code   RO          442    i.HAL_MspInit       stm32f3xx_hal.o
    0x0800104a   0x0800104a   0x00000020   Code   RO          589    i.HAL_NVIC_EnableIRQ  stm32f3xx_hal_cortex.o
    0x0800106a   0x0800106a   0x0000007c   Code   RO          595    i.HAL_NVIC_SetPriority  stm32f3xx_hal_cortex.o
    0x080010e6   0x080010e6   0x00000002   PAD
    0x080010e8   0x080010e8   0x00000028   Code   RO          596    i.HAL_NVIC_SetPriorityGrouping  stm32f3xx_hal_cortex.o
    0x08001110   0x08001110   0x0000000c   Code   RO         1615    i.HAL_RCC_GetHCLKFreq  stm32f3xx_hal_rcc.o
    0x0800111c   0x0800111c   0x0000002c   Code   RO         1617    i.HAL_RCC_GetPCLK1Freq  stm32f3xx_hal_rcc.o
    0x08001148   0x08001148   0x0000002c   Code   RO         1618    i.HAL_RCC_GetPCLK2Freq  stm32f3xx_hal_rcc.o
    0x08001174   0x08001174   0x0000008c   Code   RO         1619    i.HAL_RCC_GetSysClockFreq  stm32f3xx_hal_rcc.o
    0x08001200   0x08001200   0x00000028   Code   RO          598    i.HAL_SYSTICK_CLKSourceConfig  stm32f3xx_hal_cortex.o
    0x08001228   0x08001228   0x00000002   Code   RO          599    i.HAL_SYSTICK_Callback  stm32f3xx_hal_cortex.o
    0x0800122a   0x0800122a   0x00000034   Code   RO          600    i.HAL_SYSTICK_Config  stm32f3xx_hal_cortex.o
    0x0800125e   0x0800125e   0x00000008   Code   RO          601    i.HAL_SYSTICK_IRQHandler  stm32f3xx_hal_cortex.o
    0x08001266   0x08001266   0x00000002   Code   RO         2804    i.HAL_TIMEx_Break2Callback  stm32f3xx_hal_tim_ex.o
    0x08001268   0x08001268   0x00000002   Code   RO         2805    i.HAL_TIMEx_BreakCallback  stm32f3xx_hal_tim_ex.o
    0x0800126a   0x0800126a   0x00000002   Code   RO         2806    i.HAL_TIMEx_CommutationCallback  stm32f3xx_hal_tim_ex.o
    0x0800126c   0x0800126c   0x00000034   Code   RO         2145    i.HAL_TIM_Base_Init  stm32f3xx_hal_tim.o
    0x080012a0   0x080012a0   0x00000002   Code   RO         2147    i.HAL_TIM_Base_MspInit  stm32f3xx_hal_tim.o
    0x080012a2   0x080012a2   0x0000001e   Code   RO         2150    i.HAL_TIM_Base_Start_IT  stm32f3xx_hal_tim.o
    0x080012c0   0x080012c0   0x000000b8   Code   RO         2165    i.HAL_TIM_Encoder_Init  stm32f3xx_hal_tim.o
    0x08001378   0x08001378   0x00000002   Code   RO         2167    i.HAL_TIM_Encoder_MspInit  stm32f3xx_hal_tim.o
    0x0800137a   0x0800137a   0x0000007e   Code   RO         2170    i.HAL_TIM_Encoder_Start_IT  stm32f3xx_hal_tim.o
    0x080013f8   0x080013f8   0x00000002   Code   RO         2176    i.HAL_TIM_IC_CaptureCallback  stm32f3xx_hal_tim.o
    0x080013fa   0x080013fa   0x000001b8   Code   RO         2189    i.HAL_TIM_IRQHandler  stm32f3xx_hal_tim.o
    0x080015b2   0x080015b2   0x00000002   Code   RO         2192    i.HAL_TIM_OC_DelayElapsedCallback  stm32f3xx_hal_tim.o
    0x080015b4   0x080015b4   0x00000174   Code   RO         2843    i.HAL_TIM_PWM_ConfigChannel  stm32f3xx_hal_tim_ex.o
    0x08001728   0x08001728   0x00000034   Code   RO         2216    i.HAL_TIM_PWM_Init  stm32f3xx_hal_tim.o
    0x0800175c   0x0800175c   0x00000002   Code   RO         2218    i.HAL_TIM_PWM_MspInit  stm32f3xx_hal_tim.o
    0x0800175e   0x0800175e   0x00000002   Code   RO         2219    i.HAL_TIM_PWM_PulseFinishedCallback  stm32f3xx_hal_tim.o
    0x08001760   0x08001760   0x00000070   Code   RO         2220    i.HAL_TIM_PWM_Start  stm32f3xx_hal_tim.o
    0x080017d0   0x080017d0   0x00000002   Code   RO         2226    i.HAL_TIM_PeriodElapsedCallback  stm32f3xx_hal_tim.o
    0x080017d2   0x080017d2   0x00000002   Code   RO         2230    i.HAL_TIM_TriggerCallback  stm32f3xx_hal_tim.o
    0x080017d4   0x080017d4   0x00000002   Code   RO         3109    i.HAL_UART_ErrorCallback  stm32f3xx_hal_uart.o
    0x080017d6   0x080017d6   0x00000078   Code   RO         3113    i.HAL_UART_Init     stm32f3xx_hal_uart.o
    0x0800184e   0x0800184e   0x00000002   Code   RO         3115    i.HAL_UART_MspInit  stm32f3xx_hal_uart.o
    0x08001850   0x08001850   0x000000f4   Code   RO         3116    i.HAL_UART_Receive  stm32f3xx_hal_uart.o
    0x08001944   0x08001944   0x000000a8   Code   RO         3117    i.HAL_UART_Receive_DMA  stm32f3xx_hal_uart.o
    0x080019ec   0x080019ec   0x00000024   Code   RO           14    i.HAL_UART_RxCpltCallback  main.o
    0x08001a10   0x08001a10   0x00000002   Code   RO         3120    i.HAL_UART_RxHalfCpltCallback  stm32f3xx_hal_uart.o
    0x08001a12   0x08001a12   0x000000c6   Code   RO         3121    i.HAL_UART_Transmit  stm32f3xx_hal_uart.o
    0x08001ad8   0x08001ad8   0x00000010   Code   RO           15    i.I2C1_EV_IRQHandler  main.o
    0x08001ae8   0x08001ae8   0x00000068   Code   RO           16    i.I2C_Config        main.o
    0x08001b50   0x08001b50   0x0000003a   Code   RO         1164    i.I2C_DMAAbort      stm32f3xx_hal_i2c.o
    0x08001b8a   0x08001b8a   0x0000007c   Code   RO         1170    i.I2C_Disable_IRQ   stm32f3xx_hal_i2c.o
    0x08001c06   0x08001c06   0x00000002   PAD
    0x08001c08   0x08001c08   0x0000008c   Code   RO         1171    i.I2C_Enable_IRQ    stm32f3xx_hal_i2c.o
    0x08001c94   0x08001c94   0x00000028   Code   RO         1172    i.I2C_Flush_TXDR    stm32f3xx_hal_i2c.o
    0x08001cbc   0x08001cbc   0x000000d2   Code   RO         1173    i.I2C_ITAddrCplt    stm32f3xx_hal_i2c.o
    0x08001d8e   0x08001d8e   0x00000002   PAD
    0x08001d90   0x08001d90   0x00000118   Code   RO         1174    i.I2C_ITError       stm32f3xx_hal_i2c.o
    0x08001ea8   0x08001ea8   0x0000006c   Code   RO         1175    i.I2C_ITListenCplt  stm32f3xx_hal_i2c.o
    0x08001f14   0x08001f14   0x000000e8   Code   RO         1176    i.I2C_ITMasterCplt  stm32f3xx_hal_i2c.o
    0x08001ffc   0x08001ffc   0x00000062   Code   RO         1177    i.I2C_ITMasterSequentialCplt  stm32f3xx_hal_i2c.o
    0x0800205e   0x0800205e   0x00000002   PAD
    0x08002060   0x08002060   0x00000130   Code   RO         1178    i.I2C_ITSlaveCplt   stm32f3xx_hal_i2c.o
    0x08002190   0x08002190   0x00000062   Code   RO         1179    i.I2C_ITSlaveSequentialCplt  stm32f3xx_hal_i2c.o
    0x080021f2   0x080021f2   0x00000002   PAD
    0x080021f4   0x080021f4   0x0000008c   Code   RO         1180    i.I2C_IsAcknowledgeFailed  stm32f3xx_hal_i2c.o
    0x08002280   0x08002280   0x000000fc   Code   RO         1181    i.I2C_Master_ISR_DMA  stm32f3xx_hal_i2c.o
    0x0800237c   0x0800237c   0x0000018e   Code   RO         1182    i.I2C_Master_ISR_IT  stm32f3xx_hal_i2c.o
    0x0800250a   0x0800250a   0x00000002   PAD
    0x0800250c   0x0800250c   0x00000038   Code   RO           17    i.I2C_Read          main.o
    0x08002544   0x08002544   0x00000090   Code   RO         1185    i.I2C_Slave_ISR_DMA  stm32f3xx_hal_i2c.o
    0x080025d4   0x080025d4   0x00000140   Code   RO         1186    i.I2C_Slave_ISR_IT  stm32f3xx_hal_i2c.o
    0x08002714   0x08002714   0x00000030   Code   RO         1187    i.I2C_TransferConfig  stm32f3xx_hal_i2c.o
    0x08002744   0x08002744   0x00000056   Code   RO         1188    i.I2C_WaitOnFlagUntilTimeout  stm32f3xx_hal_i2c.o
    0x0800279a   0x0800279a   0x00000056   Code   RO         1190    i.I2C_WaitOnSTOPFlagUntilTimeout  stm32f3xx_hal_i2c.o
    0x080027f0   0x080027f0   0x0000005a   Code   RO         1191    i.I2C_WaitOnTXISFlagUntilTimeout  stm32f3xx_hal_i2c.o
    0x0800284a   0x0800284a   0x00000002   PAD
    0x0800284c   0x0800284c   0x00000028   Code   RO           18    i.I2C_Write         main.o
    0x08002874   0x08002874   0x000003e0   Code   RO          391    i.MadgwickAHRSupdateIMU  madgwickahrs.o
    0x08002c54   0x08002c54   0x00000060   Code   RO           19    i.Main_Loop_Timer_6_Config  main.o
    0x08002cb4   0x08002cb4   0x00000108   Code   RO           20    i.PID_Angle_Controller  main.o
    0x08002dbc   0x08002dbc   0x000000e4   Code   RO           22    i.PID_Motor_Controller  main.o
    0x08002ea0   0x08002ea0   0x00000124   Code   RO           23    i.PID_Speed_Controller  main.o
    0x08002fc4   0x08002fc4   0x00000350   Code   RO           24    i.PID_Values_Receive  main.o
    0x08003314   0x08003314   0x0000012c   Code   RO           25    i.PID_Values_Transmit  main.o
    0x08003440   0x08003440   0x000001d4   Code   RO           26    i.PWM_Config        main.o
    0x08003614   0x08003614   0x00000098   Code   RO           27    i.Robot_Steering    main.o
    0x080036ac   0x080036ac   0x00000018   Code   RO           31    i.SysTick_Handler   main.o
    0x080036c4   0x080036c4   0x0000007c   Code   RO         3787    i.SystemInit        system_stm32f3xx.o
    0x08003740   0x08003740   0x00000028   Code   RO           33    i.TIM2_IRQHandler   main.o
    0x08003768   0x08003768   0x0000015c   Code   RO           34    i.TIM3_IRQHandler   main.o
    0x080038c4   0x080038c4   0x00000188   Code   RO           35    i.TIM4_IRQHandler   main.o
    0x08003a4c   0x08003a4c   0x00000598   Code   RO           36    i.TIM6_DAC_IRQHandler  main.o
    0x08003fe4   0x08003fe4   0x000000e8   Code   RO           37    i.TIM7_IRQHandler   main.o
    0x080040cc   0x080040cc   0x000000bc   Code   RO         2231    i.TIM_Base_SetConfig  stm32f3xx_hal_tim.o
    0x08004188   0x08004188   0x0000001c   Code   RO         2232    i.TIM_CCxChannelCmd  stm32f3xx_hal_tim.o
    0x080041a4   0x080041a4   0x000000b0   Code   RO         2240    i.TIM_OC1_SetConfig  stm32f3xx_hal_tim.o
    0x08004254   0x08004254   0x000000bc   Code   RO         2241    i.TIM_OC2_SetConfig  stm32f3xx_hal_tim.o
    0x08004310   0x08004310   0x000000b8   Code   RO         2242    i.TIM_OC3_SetConfig  stm32f3xx_hal_tim.o
    0x080043c8   0x080043c8   0x0000007c   Code   RO         2243    i.TIM_OC4_SetConfig  stm32f3xx_hal_tim.o
    0x08004444   0x08004444   0x00000074   Code   RO         2846    i.TIM_OC5_SetConfig  stm32f3xx_hal_tim_ex.o
    0x080044b8   0x080044b8   0x00000078   Code   RO         2847    i.TIM_OC6_SetConfig  stm32f3xx_hal_tim_ex.o
    0x08004530   0x08004530   0x000000ea   Code   RO         3126    i.UART_AdvFeatureConfig  stm32f3xx_hal_uart.o
    0x0800461a   0x0800461a   0x00000074   Code   RO         3127    i.UART_CheckIdleState  stm32f3xx_hal_uart.o
    0x0800468e   0x0800468e   0x00000002   PAD
    0x08004690   0x08004690   0x000000a8   Code   RO           40    i.UART_Config       main.o
    0x08004738   0x08004738   0x00000052   Code   RO         3129    i.UART_DMAError     stm32f3xx_hal_uart.o
    0x0800478a   0x0800478a   0x00000048   Code   RO         3130    i.UART_DMAReceiveCplt  stm32f3xx_hal_uart.o
    0x080047d2   0x080047d2   0x0000000e   Code   RO         3132    i.UART_DMARxHalfCplt  stm32f3xx_hal_uart.o
    0x080047e0   0x080047e0   0x00000020   Code   RO         3138    i.UART_EndRxTransfer  stm32f3xx_hal_uart.o
    0x08004800   0x08004800   0x00000014   Code   RO         3140    i.UART_EndTxTransfer  stm32f3xx_hal_uart.o
    0x08004814   0x08004814   0x000002ec   Code   RO         3142    i.UART_SetConfig    stm32f3xx_hal_uart.o
    0x08004b00   0x08004b00   0x0000006c   Code   RO         3144    i.UART_WaitOnFlagUntilTimeout  stm32f3xx_hal_uart.o
    0x08004b6c   0x08004b6c   0x00000026   Code   RO         3955    i.__ARM_fpclassifyf  m_wm.l(fpclassifyf.o)
    0x08004b92   0x08004b92   0x00000002   PAD
    0x08004b94   0x08004b94   0x00000010   Code   RO          602    i.__NVIC_GetPriorityGrouping  stm32f3xx_hal_cortex.o
    0x08004ba4   0x08004ba4   0x00000028   Code   RO          603    i.__NVIC_SetPriority  stm32f3xx_hal_cortex.o
    0x08004bcc   0x08004bcc   0x0000012c   Code   RO         3878    i.__hardfp_asinf    m_wm.l(asinf.o)
    0x08004cf8   0x08004cf8   0x00000014   Code   RO         3890    i.__hardfp_fabs     m_wm.l(fabs.o)
    0x08004d0c   0x08004d0c   0x00000006   Code   RO         3958    i.__mathlib_flt_infnan  m_wm.l(funder.o)
    0x08004d12   0x08004d12   0x00000002   PAD
    0x08004d14   0x08004d14   0x00000010   Code   RO         3960    i.__mathlib_flt_invalid  m_wm.l(funder.o)
    0x08004d24   0x08004d24   0x00000010   Code   RO         3963    i.__mathlib_flt_underflow  m_wm.l(funder.o)
    0x08004d34   0x08004d34   0x0000003c   Code   RO          392    i.invSqrt           madgwickahrs.o
    0x08004d70   0x08004d70   0x0000015c   Code   RO           43    i.main              main.o
    0x08004ecc   0x08004ecc   0x00000284   Code   RO           44    i.read_mpu_6050_data  main.o
    0x08005150   0x08005150   0x00000024   Code   RO           45    i.setup_mpu_6050_registers  main.o
    0x08005174   0x08005174   0x0000003e   Code   RO         3986    i.sqrtf             m_wm.l(sqrtf.o)
    0x080051b2   0x080051b2   0x00000018   Code   RO         3832    x$fpl$basic         fz_wm.l(basic.o)
    0x080051ca   0x080051ca   0x00000002   PAD
    0x080051cc   0x080051cc   0x00000062   Code   RO         3834    x$fpl$d2f           fz_wm.l(d2f.o)
    0x0800522e   0x0800522e   0x00000002   PAD
    0x08005230   0x08005230   0x00000150   Code   RO         3836    x$fpl$dadd          fz_wm.l(daddsub_clz.o)
    0x08005380   0x08005380   0x00000018   Code   RO         3923    x$fpl$dcmpinf       fz_wm.l(dcmpi.o)
    0x08005398   0x08005398   0x000002b0   Code   RO         3843    x$fpl$ddiv          fz_wm.l(ddiv.o)
    0x08005648   0x08005648   0x0000002e   Code   RO         3851    x$fpl$dflt          fz_wm.l(dflt_clz.o)
    0x08005676   0x08005676   0x00000026   Code   RO         3850    x$fpl$dfltu         fz_wm.l(dflt_clz.o)
    0x0800569c   0x0800569c   0x00000078   Code   RO         3856    x$fpl$dleqf         fz_wm.l(dleqf.o)
    0x08005714   0x08005714   0x00000154   Code   RO         3858    x$fpl$dmul          fz_wm.l(dmul.o)
    0x08005868   0x08005868   0x0000009c   Code   RO         3925    x$fpl$dnaninf       fz_wm.l(dnaninf.o)
    0x08005904   0x08005904   0x0000000c   Code   RO         3927    x$fpl$dretinf       fz_wm.l(dretinf.o)
    0x08005910   0x08005910   0x0000006c   Code   RO         3860    x$fpl$drleqf        fz_wm.l(drleqf.o)
    0x0800597c   0x0800597c   0x000001d4   Code   RO         3838    x$fpl$dsub          fz_wm.l(daddsub_clz.o)
    0x08005b50   0x08005b50   0x00000056   Code   RO         3862    x$fpl$f2d           fz_wm.l(f2d.o)
    0x08005ba6   0x08005ba6   0x0000008c   Code   RO         3931    x$fpl$fnaninf       fz_wm.l(fnaninf.o)
    0x08005c32   0x08005c32   0x0000000a   Code   RO         4085    x$fpl$fpinit        fz_wm.l(fpinit.o)
    0x08005c3c   0x08005c3c   0x0000000a   Code   RO         3933    x$fpl$fretinf       fz_wm.l(fretinf.o)
    0x08005c46   0x08005c46   0x00000000   Code   RO         3935    x$fpl$usenofp       fz_wm.l(usenofp.o)
    0x08005c46   0x08005c46   0x00000020   Data   RO         1623    .constdata          stm32f3xx_hal_rcc.o
    0x08005c66   0x08005c66   0x00000018   Data   RO         3788    .constdata          system_stm32f3xx.o
    0x08005c7e   0x08005c7e   0x00000002   PAD
    0x08005c80   0x08005c80   0x00000020   Data   RO         4153    Region$$Table       anon$$obj.o


    Execution Region ER_RW (Exec base: 0x20000000, Load base: 0x08005ca0, Size: 0x00000258, Max: 0xffffffff, ABSOLUTE, COMPRESSED[0x0000002c])

    Exec Addr    Load Addr    Size         Type   Attr      Idx    E Section Name        Object

    0x20000000   COMPRESSED   0x0000023c   Data   RW           47    .data               main.o
    0x2000023c   COMPRESSED   0x00000014   Data   RW          393    .data               madgwickahrs.o
    0x20000250   COMPRESSED   0x00000004   Data   RW          445    .data               stm32f3xx_hal.o
    0x20000254   COMPRESSED   0x00000004   Data   RW         3789    .data               system_stm32f3xx.o


    Execution Region ER_ZI (Exec base: 0x20000258, Load base: 0x08005ccc, Size: 0x000008d8, Max: 0xffffffff, ABSOLUTE)

    Exec Addr    Load Addr    Size         Type   Attr      Idx    E Section Name        Object

    0x20000258        -       0x00000274   Zero   RW           46    .bss                main.o
    0x200004cc        -       0x00000060   Zero   RW         4017    .bss                c_w.l(libspace.o)
    0x2000052c   0x08005ccc   0x00000004   PAD
    0x20000530        -       0x00000200   Zero   RW         3777    HEAP                startup_stm32f303xc.o
    0x20000730        -       0x00000400   Zero   RW         3776    STACK               startup_stm32f303xc.o


==============================================================================

Image component sizes


      Code (inc. data)   RO Data    RW Data    ZI Data      Debug   Object Name

      1052         28          0         20          0       2401   madgwickahrs.o
      7402       1054          0        572        628     626562   main.o
        64         26        392          0       1536        880   startup_stm32f303xc.o
       110         20          0          4          0       4097   stm32f3xx_hal.o
       354         22          0          0          0      36545   stm32f3xx_hal_cortex.o
       676          8          0          0          0       5234   stm32f3xx_hal_dma.o
       508         32          0          0          0       4493   stm32f3xx_hal_gpio.o
      4386         68          0          0          0      30185   stm32f3xx_hal_i2c.o
       240         42         32          0          0       3822   stm32f3xx_hal_rcc.o
      1900        152          0          0          0      16063   stm32f3xx_hal_tim.o
       614         50          0          0          0       5061   stm32f3xx_hal_tim_ex.o
      2162         44          0          0          0      12901   stm32f3xx_hal_uart.o
       124         20         24          4          0       1527   system_stm32f3xx.o

    ----------------------------------------------------------------------
     19620       1566        482        600       2164     749771   Object Totals
         0          0         32          0          0          0   (incl. Generated)
        28          0          2          0          0          0   (incl. Padding)

    ----------------------------------------------------------------------

      Code (inc. data)   RO Data    RW Data    ZI Data      Debug   Library Member Name

        90          0          0          0          0          0   __dczerorl2.o
         8          0          0          0          0         68   __main.o
         0          0          0          0          0          0   __rtentry.o
        12          0          0          0          0          0   __rtentry2.o
         6          0          0          0          0          0   __rtentry4.o
        52          8          0          0          0          0   __scatter.o
        28          0          0          0          0          0   __scatter_zi.o
        22          0          0          0          0        100   _rserrno.o
        18          0          0          0          0         80   exit.o
         6          0          0          0          0        152   heapauxi.o
         0          0          0          0          0          0   indicate_semi.o
         2          0          0          0          0          0   libinit.o
         6          0          0          0          0          0   libinit2.o
         2          0          0          0          0          0   libshutdown.o
         2          0          0          0          0          0   libshutdown2.o
         8          4          0          0         96         68   libspace.o
         8          4          0          0          0         68   rt_errno_addr_intlibspace.o
         2          0          0          0          0          0   rtexit.o
        10          0          0          0          0          0   rtexit2.o
        62          0          0          0          0         76   strlen.o
        12          4          0          0          0         68   sys_exit.o
        74          0          0          0          0         80   sys_stackheap_outer.o
         2          0          0          0          0         68   use_no_semi.o
        24          0          0          0          0        164   basic.o
        98          4          0          0          0        140   d2f.o
       804         16          0          0          0        368   daddsub_clz.o
        24          0          0          0          0        116   dcmpi.o
       688        140          0          0          0        256   ddiv.o
        84          0          0          0          0        232   dflt_clz.o
       120          4          0          0          0        140   dleqf.o
       340         12          0          0          0        152   dmul.o
       156          4          0          0          0        140   dnaninf.o
        12          0          0          0          0        116   dretinf.o
       108          0          0          0          0        128   drleqf.o
        86          4          0          0          0        132   f2d.o
       140          4          0          0          0        132   fnaninf.o
        10          0          0          0          0        116   fpinit.o
        10          0          0          0          0        116   fretinf.o
         0          0          0          0          0          0   usenofp.o
       300         42          0          0          0        176   asinf.o
        20          0          0          0          0        124   fabs.o
        38          0          0          0          0        116   fpclassifyf.o
        38         12          0          0          0        348   funder.o
        62          0          0          0          0        136   sqrtf.o

    ----------------------------------------------------------------------
      3610        262          0          0        100       4176   Library Totals
        16          0          0          0          4          0   (incl. Padding)

    ----------------------------------------------------------------------

      Code (inc. data)   RO Data    RW Data    ZI Data      Debug   Library Name

       432         20          0          0         96        828   c_w.l
      2704        188          0          0          0       2448   fz_wm.l
       458         54          0          0          0        900   m_wm.l

    ----------------------------------------------------------------------
      3610        262          0          0        100       4176   Library Totals

    ----------------------------------------------------------------------

==============================================================================


      Code (inc. data)   RO Data    RW Data    ZI Data      Debug   

     23230       1828        482        600       2264     738235   Grand Totals
     23230       1828        482         44       2264     738235   ELF Image Totals (compressed)
     23230       1828        482         44          0          0   ROM Totals

==============================================================================

    Total RO  Size (Code + RO Data)                23712 (  23.16kB)
    Total RW  Size (RW Data + ZI Data)              2864 (   2.80kB)
    Total ROM Size (Code + RO Data + RW Data)      23756 (  23.20kB)

==============================================================================

