Component: ARM Compiler 5.06 update 6 (build 750) Tool: armlink [4d35ed]

==============================================================================

Section Cross References

    main.o(i.Calculate_Angle) refers to dflt_clz.o(x$fpl$dflt) for __aeabi_i2d
    main.o(i.Calculate_Angle) refers to dmul.o(x$fpl$dmul) for __aeabi_dmul
    main.o(i.Calculate_Angle) refers to f2d.o(x$fpl$f2d) for __aeabi_f2d
    main.o(i.Calculate_Angle) refers to daddsub_clz.o(x$fpl$dadd) for __aeabi_dadd
    main.o(i.Calculate_Angle) refers to d2f.o(x$fpl$d2f) for __aeabi_d2f
    main.o(i.Calculate_Angle) refers to sin.o(i.__hardfp_sin) for __hardfp_sin
    main.o(i.Calculate_Angle) refers to daddsub_clz.o(x$fpl$dsub) for __aeabi_dsub
    main.o(i.Calculate_Angle) refers to sqrt.o(i.__hardfp_sqrt) for __hardfp_sqrt
    main.o(i.Calculate_Angle) refers to dfix.o(x$fpl$dfix) for __aeabi_d2iz
    main.o(i.Calculate_Angle) refers to asin.o(i.__hardfp_asin) for __hardfp_asin
    main.o(i.Calculate_Angle) refers to main.o(.data) for gyro_x
    main.o(i.Counting_Timer_7_Config) refers to stm32f3xx_hal_tim.o(i.HAL_TIM_Base_Init) for HAL_TIM_Base_Init
    main.o(i.Counting_Timer_7_Config) refers to stm32f3xx_hal_tim.o(i.HAL_TIM_Base_Start_IT) for HAL_TIM_Base_Start_IT
    main.o(i.Counting_Timer_7_Config) refers to stm32f3xx_hal_cortex.o(i.HAL_NVIC_SetPriority) for HAL_NVIC_SetPriority
    main.o(i.Counting_Timer_7_Config) refers to stm32f3xx_hal_cortex.o(i.HAL_NVIC_EnableIRQ) for HAL_NVIC_EnableIRQ
    main.o(i.Counting_Timer_7_Config) refers to main.o(.bss) for htim7
    main.o(i.DMA1_Channel5_IRQHandler) refers to stm32f3xx_hal_dma.o(i.HAL_DMA_IRQHandler) for HAL_DMA_IRQHandler
    main.o(i.DMA1_Channel5_IRQHandler) refers to main.o(.bss) for myDMA_Uart1Handle
    main.o(i.DMA1_Channel6_IRQHandler) refers to stm32f3xx_hal_dma.o(i.HAL_DMA_IRQHandler) for HAL_DMA_IRQHandler
    main.o(i.DMA1_Channel6_IRQHandler) refers to main.o(.bss) for myDMA_Uart2Handle
    main.o(i.DMA_Ch5_Config) refers to stm32f3xx_hal_dma.o(i.HAL_DMA_Init) for HAL_DMA_Init
    main.o(i.DMA_Ch5_Config) refers to main.o(.bss) for myDMA_Uart1Handle
    main.o(i.DMA_Ch6_Config) refers to stm32f3xx_hal_dma.o(i.HAL_DMA_Init) for HAL_DMA_Init
    main.o(i.DMA_Ch6_Config) refers to main.o(.bss) for myDMA_Uart2Handle
    main.o(i.EXTI0_IRQHandler) refers to stm32f3xx_hal_gpio.o(i.HAL_GPIO_EXTI_IRQHandler) for HAL_GPIO_EXTI_IRQHandler
    main.o(i.Encoders_Timer_34_config) refers to stm32f3xx_hal_gpio.o(i.HAL_GPIO_Init) for HAL_GPIO_Init
    main.o(i.Encoders_Timer_34_config) refers to stm32f3xx_hal_tim.o(i.HAL_TIM_Encoder_Init) for HAL_TIM_Encoder_Init
    main.o(i.Encoders_Timer_34_config) refers to stm32f3xx_hal_tim.o(i.HAL_TIM_Encoder_Start_IT) for HAL_TIM_Encoder_Start_IT
    main.o(i.Encoders_Timer_34_config) refers to stm32f3xx_hal_cortex.o(i.HAL_NVIC_SetPriority) for HAL_NVIC_SetPriority
    main.o(i.Encoders_Timer_34_config) refers to main.o(.bss) for htim3
    main.o(i.GPIO_Config_I2C) refers to stm32f3xx_hal_gpio.o(i.HAL_GPIO_Init) for HAL_GPIO_Init
    main.o(i.GPIO_Config_I2C) refers to stm32f3xx_hal_rcc.o(i.HAL_RCC_GetHCLKFreq) for HAL_RCC_GetHCLKFreq
    main.o(i.GPIO_Config_I2C) refers to stm32f3xx_hal_cortex.o(i.HAL_SYSTICK_Config) for HAL_SYSTICK_Config
    main.o(i.GPIO_Config_I2C) refers to stm32f3xx_hal_cortex.o(i.HAL_SYSTICK_CLKSourceConfig) for HAL_SYSTICK_CLKSourceConfig
    main.o(i.GPIO_Config_I2C) refers to stm32f3xx_hal_cortex.o(i.HAL_NVIC_SetPriority) for HAL_NVIC_SetPriority
    main.o(i.GPIO_Config_SPI) refers to stm32f3xx_hal_gpio.o(i.HAL_GPIO_Init) for HAL_GPIO_Init
    main.o(i.GPIO_Config_SPI) refers to stm32f3xx_hal_rcc.o(i.HAL_RCC_GetHCLKFreq) for HAL_RCC_GetHCLKFreq
    main.o(i.GPIO_Config_SPI) refers to stm32f3xx_hal_cortex.o(i.HAL_SYSTICK_Config) for HAL_SYSTICK_Config
    main.o(i.GPIO_Config_SPI) refers to stm32f3xx_hal_cortex.o(i.HAL_SYSTICK_CLKSourceConfig) for HAL_SYSTICK_CLKSourceConfig
    main.o(i.GPIO_Config_SPI) refers to stm32f3xx_hal_cortex.o(i.HAL_NVIC_SetPriority) for HAL_NVIC_SetPriority
    main.o(i.GPIO_Direction_Config) refers to stm32f3xx_hal_gpio.o(i.HAL_GPIO_Init) for HAL_GPIO_Init
    main.o(i.I2C1_EV_IRQHandler) refers to stm32f3xx_hal_i2c.o(i.HAL_I2C_EV_IRQHandler) for HAL_I2C_EV_IRQHandler
    main.o(i.I2C1_EV_IRQHandler) refers to main.o(.bss) for myI2Chandle
    main.o(i.I2C_Config) refers to stm32f3xx_hal_i2c.o(i.HAL_I2C_Init) for HAL_I2C_Init
    main.o(i.I2C_Config) refers to stm32f3xx_hal_cortex.o(i.HAL_NVIC_SetPriority) for HAL_NVIC_SetPriority
    main.o(i.I2C_Config) refers to stm32f3xx_hal_cortex.o(i.HAL_NVIC_EnableIRQ) for HAL_NVIC_EnableIRQ
    main.o(i.I2C_Config) refers to main.o(.bss) for myI2Chandle
    main.o(i.I2C_Read) refers to stm32f3xx_hal_i2c.o(i.HAL_I2C_Master_Transmit) for HAL_I2C_Master_Transmit
    main.o(i.I2C_Read) refers to stm32f3xx_hal_i2c.o(i.HAL_I2C_Master_Receive_IT) for HAL_I2C_Master_Receive_IT
    main.o(i.I2C_Read) refers to main.o(.bss) for i2cBuff
[...]
    x$fpl$dfltu                              0x080066c0   Section       38  dflt_clz.o(x$fpl$dfltu)
    $v0                                      0x080066c0   Number         0  dflt_clz.o(x$fpl$dfltu)
    x$fpl$dleqf                              0x080066e8   Section      120  dleqf.o(x$fpl$dleqf)
    $v0                                      0x080066e8   Number         0  dleqf.o(x$fpl$dleqf)
    x$fpl$dmul                               0x08006760   Section      340  dmul.o(x$fpl$dmul)
    $v0                                      0x08006760   Number         0  dmul.o(x$fpl$dmul)
    x$fpl$dnaninf                            0x080068b4   Section      156  dnaninf.o(x$fpl$dnaninf)
    $v0                                      0x080068b4   Number         0  dnaninf.o(x$fpl$dnaninf)
    x$fpl$dretinf                            0x08006950   Section       12  dretinf.o(x$fpl$dretinf)
    $v0                                      0x08006950   Number         0  dretinf.o(x$fpl$dretinf)
    x$fpl$drleqf                             0x0800695c   Section      108  drleqf.o(x$fpl$drleqf)
    $v0                                      0x0800695c   Number         0  drleqf.o(x$fpl$drleqf)
    x$fpl$drsb                               0x080069c8   Section       22  daddsub_clz.o(x$fpl$drsb)
    $v0                                      0x080069c8   Number         0  daddsub_clz.o(x$fpl$drsb)
    x$fpl$dsqrt                              0x080069e0   Section      408  dsqrt_umaal.o(x$fpl$dsqrt)
    $v0                                      0x080069e0   Number         0  dsqrt_umaal.o(x$fpl$dsqrt)
    x$fpl$dsub                               0x08006b78   Section      468  daddsub_clz.o(x$fpl$dsub)
    $v0                                      0x08006b78   Number         0  daddsub_clz.o(x$fpl$dsub)
    _dsub1                                   0x08006b89   Thumb Code     0  daddsub_clz.o(x$fpl$dsub)
    x$fpl$f2d                                0x08006d4c   Section       86  f2d.o(x$fpl$f2d)
    $v0                                      0x08006d4c   Number         0  f2d.o(x$fpl$f2d)
    x$fpl$fnaninf                            0x08006da2   Section      140  fnaninf.o(x$fpl$fnaninf)
    $v0                                      0x08006da2   Number         0  fnaninf.o(x$fpl$fnaninf)
    x$fpl$fpinit                             0x08006e2e   Section       10  fpinit.o(x$fpl$fpinit)
    $v0                                      0x08006e2e   Number         0  fpinit.o(x$fpl$fpinit)
    x$fpl$fretinf                            0x08006e38   Section       10  fretinf.o(x$fpl$fretinf)
    $v0                                      0x08006e38   Number         0  fretinf.o(x$fpl$fretinf)
    .constdata                               0x08006e42   Section       32  stm32f3xx_hal_rcc.o(.constdata)
    x$fpl$usenofp                            0x08006e42   Section        0  usenofp.o(x$fpl$usenofp)
    .constdata                               0x08006e62   Section       24  system_stm32f3xx.o(.constdata)
    .constdata                               0x08006e80   Section       80  asin.o(.constdata)
    pS                                       0x08006e80   Data          48  asin.o(.constdata)
    qS                                       0x08006eb0   Data          32  asin.o(.constdata)
    .constdata                               0x08006ed0   Section       48  cos_i.o(.constdata)
    C                                        0x08006ed0   Data          48  cos_i.o(.constdata)
    .constdata                               0x08006f00   Section      200  rred.o(.constdata)
    pio2s                                    0x08006f00   Data          48  rred.o(.constdata)
    twooverpi                                0x08006f30   Data         152  rred.o(.constdata)
    .constdata                               0x08006fc8   Section       40  sin_i.o(.constdata)
    S                                        0x08006fc8   Data          40  sin_i.o(.constdata)
    .data                                    0x20000000   Section      620  main.o(.data)
    gyro_x_offset                            0x2000001e   Data           2  main.o(.data)
    gyro_y_offset                            0x20000020   Data           2  main.o(.data)
    gyro_z_offset                            0x20000022   Data           2  main.o(.data)
    samples                                  0x20000024   Data           4  main.o(.data)
    lastTime                                 0x20000250   Data           4  main.o(.data)
    integral                                 0x20000254   Data           4  main.o(.data)
    previous_error                           0x20000258   Data           4  main.o(.data)
    integral                                 0x2000025c   Data           4  main.o(.data)
    previous_error                           0x20000260   Data           4  main.o(.data)
    integral                                 0x20000264   Data           4  main.o(.data)
    previous_error                           0x20000268   Data           4  main.o(.data)
    .data                                    0x2000026c   Section        4  stm32f3xx_hal.o(.data)
    .data                                    0x20000270   Section        4  system_stm32f3xx.o(.data)
    .bss                                     0x20000274   Section      932  main.o(.bss)
    .bss                                     0x20000618   Section       96  libspace.o(.bss)
    HEAP                                     0x20000678   Section      512  startup_stm32f303xc.o(HEAP)
    Heap_Mem                                 0x20000678   Data         512  startup_stm32f303xc.o(HEAP)
    STACK                                    0x20000878   Section     1024  startup_stm32f303xc.o(STACK)
    Stack_Mem                                0x20000878   Data        1024  startup_stm32f303xc.o(STACK)
    __initial_sp                             0x20000c78   Data           0  startup_stm32f303xc.o(STACK)

    Global Symbols

    Symbol Name                              Value     Ov Type        Size  Object(Section)

    BuildAttributes$$THM_ISAv4$E$P$D$K$B$S$7EM$VFPi3$EXTD16$VFPS$VFMA$PE$A:L22UL41UL21$X:L11$S22US41US21$IEEE1$IW$USESV6$~STKCKD$USESV7$~SHL$OTIME$ROPI$IEEEX$EBA8$UX$STANDARDLIB$REQ8$PRES8$EABIv2 0x00000000   Number         0  anon$$obj.o ABSOLUTE
    __ARM_use_no_argv                        0x00000000   Number         0  main.o ABSOLUTE
    __ARM_exceptions_init                     - Undefined Weak Reference
    __alloca_initialize                       - Undefined Weak Reference
    __arm_preinit_                            - Undefined Weak Reference
    __cpp_initialize__aeabi_                  - Undefined Weak Reference
    __cxa_finalize                            - Undefined Weak Reference
    __rt_locale                               - Undefined Weak Reference
    __sigvec_lookup                           - Undefined Weak Reference
    _atexit_init                              - Undefined Weak Reference
    _call_atexit_fns                          - Undefined Weak Reference
    _clock_init                               - Undefined Weak Reference
    _fp_trap_init                             - Undefined Weak Reference
    _fp_trap_shutdown                         - Undefined Weak Reference
    _get_lc_collate                           - Undefined Weak Reference
    _get_lc_ctype                             - Undefined Weak Reference
    _get_lc_monetary                          - Undefined Weak Reference
    _get_lc_numeric                           - Undefined Weak Reference
    _get_lc_time                              - Undefined Weak Reference
    _getenv_init                              - Undefined Weak Reference
    _handle_redirection                       - Undefined Weak Reference
    _init_alloc                               - Undefined Weak Reference
    _init_user_alloc                          - Undefined Weak Reference
    _initio                                   - Undefined Weak Reference
    _rand_init                                - Undefined Weak Reference
    _signal_finish                            - Undefined Weak Reference
    _signal_init                              - Undefined Weak Reference
    _terminate_alloc                          - Undefined Weak Reference
    _terminate_user_alloc                     - Undefined Weak Reference
    _terminateio                              - Undefined Weak Reference
    __Vectors_Size                           0x00000188   Number         0  startup_stm32f303xc.o ABSOLUTE
    __Vectors                                0x08000000   Data           4  startup_stm32f303xc.o(RESET)
    __Vectors_End                            0x08000188   Data           0  startup_stm32f303xc.o(RESET)
    __main                                   0x08000189   Thumb Code     8  __main.o(!!!main)
    __scatterload                            0x08000191   Thumb Code     0  __scatter.o(!!!scatter)
    __scatterload_rt2                        0x08000191   Thumb Code    44  __scatter.o(!!!scatter)
    __scatterload_rt2_thumb_only             0x08000191   Thumb Code     0  __scatter.o(!!!scatter)
    __scatterload_null                       0x0800019f   Thumb Code     0  __scatter.o(!!!scatter)
    __decompress                             0x080001c5   Thumb Code    58  __dczerorl.o(!!dczerorl)
    __decompress0                            0x080001c5   Thumb Code     0  __dczerorl.o(!!dczerorl)
    __scatterload_zeroinit                   0x08000201   Thumb Code    28  __scatter_zi.o(!!handler_zi)
    __rt_lib_init                            0x0800021d   Thumb Code     0  libinit.o(.ARM.Collect$$libinit$$00000000)
    __rt_lib_init_fp_1                       0x0800021f   Thumb Code     0  libinit2.o(.ARM.Collect$$libinit$$00000001)
    __rt_lib_init_alloca_1                   0x08000223   Thumb Code     0  libinit2.o(.ARM.Collect$$libinit$$0000002E)
    __rt_lib_init_argv_1                     0x08000223   Thumb Code     0  libinit2.o(.ARM.Collect$$libinit$$0000002C)
    __rt_lib_init_atexit_1                   0x08000223   Thumb Code     0  libinit2.o(.ARM.Collect$$libinit$$0000001B)
    __rt_lib_init_clock_1                    0x08000223   Thumb Code     0  libinit2.o(.ARM.Collect$$libinit$$00000021)
    __rt_lib_init_cpp_1                      0x08000223   Thumb Code     0  libinit2.o(.ARM.Collect$$libinit$$00000032)
    __rt_lib_init_exceptions_1               0x08000223   Thumb Code     0  libinit2.o(.ARM.Collect$$libinit$$00000030)
    __rt_lib_init_fp_trap_1                  0x08000223   Thumb Code     0  libinit2.o(.ARM.Collect$$libinit$$0000001F)
    __rt_lib_init_getenv_1                   0x08000223   Thumb Code     0  libinit2.o(.ARM.Collect$$libinit$$00000023)
    __rt_lib_init_heap_1                     0x08000223   Thumb Code     0  libinit2.o(.ARM.Collect$$libinit$$0000000A)
    __rt_lib_init_lc_collate_1               0x08000223   Thumb Code     0  libinit2.o(.ARM.Collect$$libinit$$00000011)
    __rt_lib_init_lc_ctype_1                 0x08000223   Thumb Code     0  libinit2.o(.ARM.Collect$$libinit$$00000013)
    __rt_lib_init_lc_monetary_1              0x08000223   Thumb Code     0  libinit2.o(.ARM.Collect$$libinit$$00000015)
    __rt_lib_init_lc_numeric_1               0x08000223   Thumb Code     0  libinit2.o(.ARM.Collect$$libinit$$00000017)
    __rt_lib_init_lc_time_1                  0x08000223   Thumb Code     0  libinit2.o(.ARM.Collect$$libinit$$00000019)
    __rt_lib_init_preinit_1                  0x08000223   Thumb Code     0  libinit2.o(.ARM.Collect$$libinit$$00000004)
    __rt_lib_init_rand_1                     0x08000223   Thumb Code     0  libinit2.o(.ARM.Collect$$libinit$$0000000E)
    __rt_lib_init_return                     0x08000223   Thumb Code     0  libinit2.o(.ARM.Collect$$libinit$$00000033)
    __rt_lib_init_signal_1                   0x08000223   Thumb Code     0  libinit2.o(.ARM.Collect$$libinit$$0000001D)
    __rt_lib_init_stdio_1                    0x08000223   Thumb Code     0  libinit2.o(.ARM.Collect$$libinit$$00000025)
    __rt_lib_init_user_alloc_1               0x08000223   Thumb Code     0  libinit2.o(.ARM.Collect$$libinit$$0000000C)
    __rt_lib_shutdown                        0x08000225   Thumb Code     0  libshutdown.o(.ARM.Collect$$libshutdown$$00000000)
    __rt_lib_shutdown_cpp_1                  0x08000227   Thumb Code     0  libshutdown2.o(.ARM.Collect$$libshutdown$$00000002)
    __rt_lib_shutdown_fp_trap_1              0x08000227   Thumb Code     0  libshutdown2.o(.ARM.Collect$$libshutdown$$00000007)
    __rt_lib_shutdown_heap_1                 0x08000227   Thumb Code     0  libshutdown2.o(.ARM.Collect$$libshutdown$$0000000F)
    __rt_lib_shutdown_return                 0x08000227   Thumb Code     0  libshutdown2.o(.ARM.Collect$$libshutdown$$00000010)
    __rt_lib_shutdown_signal_1               0x08000227   Thumb Code     0  libshutdown2.o(.ARM.Collect$$libshutdown$$0000000A)
    __rt_lib_shutdown_stdio_1                0x08000227   Thumb Code     0  libshutdown2.o(.ARM.Collect$$libshutdown$$00000004)
    __rt_lib_shutdown_user_alloc_1           0x08000227   Thumb Code     0  libshutdown2.o(.ARM.Collect$$libshutdown$$0000000C)
    __rt_entry                               0x08000229   Thumb Code     0  __rtentry.o(.ARM.Collect$$rtentry$$00000000)
    __rt_entry_presh_1                       0x08000229   Thumb Code     0  __rtentry2.o(.ARM.Collect$$rtentry$$00000002)
    __rt_entry_sh                            0x08000229   Thumb Code     0  __rtentry4.o(.ARM.Collect$$rtentry$$00000004)
    __rt_entry_li                            0x0800022f   Thumb Code     0  __rtentry2.o(.ARM.Collect$$rtentry$$0000000A)
    __rt_entry_postsh_1                      0x0800022f   Thumb Code     0  __rtentry2.o(.ARM.Collect$$rtentry$$00000009)
    __rt_entry_main                          0x08000233   Thumb Code     0  __rtentry2.o(.ARM.Collect$$rtentry$$0000000D)
    __rt_entry_postli_1                      0x08000233   Thumb Code     0  __rtentry2.o(.ARM.Collect$$rtentry$$0000000C)
    __rt_exit                                0x0800023b   Thumb Code     0  rtexit.o(.ARM.Collect$$rtexit$$00000000)
    __rt_exit_ls                             0x0800023d   Thumb Code     0  rtexit2.o(.ARM.Collect$$rtexit$$00000003)
    __rt_exit_prels_1                        0x0800023d   Thumb Code     0  rtexit2.o(.ARM.Collect$$rtexit$$00000002)
    __rt_exit_exit                           0x08000241   Thumb Code     0  rtexit2.o(.ARM.Collect$$rtexit$$00000004)
    Reset_Handler                            0x08000249   Thumb Code     8  startup_stm32f303xc.o(.text)
    NMI_Handler                              0x08000251   Thumb Code     2  startup_stm32f303xc.o(.text)
    HardFault_Handler                        0x08000253   Thumb Code     2  startup_stm32f303xc.o(.text)
    MemManage_Handler                        0x08000255   Thumb Code     2  startup_stm32f303xc.o(.text)
    BusFault_Handler                         0x08000257   Thumb Code     2  startup_stm32f303xc.o(.text)
    UsageFault_Handler                       0x08000259   Thumb Code     2  startup_stm32f303xc.o(.text)
    SVC_Handler                              0x0800025b   Thumb Code     2  startup_stm32f303xc.o(.text)
    DebugMon_Handler                         0x0800025d   Thumb Code     2  startup_stm32f303xc.o(.text)
    PendSV_Handler                           0x0800025f   Thumb Code     2  startup_stm32f303xc.o(.text)
    ADC1_2_IRQHandler                        0x08000263   Thumb Code     0  startup_stm32f303xc.o(.text)
    ADC3_IRQHandler                          0x08000263   Thumb Code     0  startup_stm32f303xc.o(.text)
    ADC4_IRQHandler                          0x08000263   Thumb Code     0  startup_stm32f303xc.o(.text)
    CAN_RX1_IRQHandler                       0x08000263   Thumb Code     0  startup_stm32f303xc.o(.text)
    CAN_SCE_IRQHandler                       0x08000263   Thumb Code     0  startup_stm32f303xc.o(.text)
    COMP1_2_3_IRQHandler                     0x08000263   Thumb Code     0  startup_stm32f303xc.o(.text)
    COMP4_5_6_IRQHandler                     0x08000263   Thumb Code     0  startup_stm32f303xc.o(.text)
    COMP7_IRQHandler                         0x08000263   Thumb Code     0  startup_stm32f303xc.o(.text)
    DMA1_Channel1_IRQHandler                 0x08000263   Thumb Code     0  startup_stm32f303xc.o(.text)
    DMA1_Channel2_IRQHandler                 0x08000263   Thumb Code     0  startup_stm32f303xc.o(.text)
    DMA1_Channel3_IRQHandler                 0x08000263   Thumb Code     0  startup_stm32f303xc.o(.text)
    DMA1_Channel4_IRQHandler                 0x08000263   Thumb Code     0  startup_stm32f303xc.o(.text)
    DMA1_Channel7_IRQHandler                 0x08000263   Thumb Code     0  startup_stm32f303xc.o(.text)
    DMA2_Channel1_IRQHandler                 0x08000263   Thumb Code     0  startup_stm32f303xc.o(.text)
    DMA2_Channel2_IRQHandler                 0x08000263   Thumb Code     0  startup_stm32f303xc.o(.text)
    DMA2_Channel3_IRQHandler                 0x08000263   Thumb Code     0  startup_stm32f303xc.o(.text)
    DMA2_Channel4_IRQHandler                 0x08000263   Thumb Code     0  startup_stm32f303xc.o(.text)
    DMA2_Channel5_IRQHandler                 0x08000263   Thumb Code     0  startup_stm32f303xc.o(.text)
    EXTI15_10_IRQHandler                     0x08000263   Thumb Code     0  startup_stm32f303xc.o(.text)
    EXTI1_IRQHandler                         0x08000263   Thumb Code     0  startup_stm32f303xc.o(.text)
    EXTI2_TSC_IRQHandler                     0x08000263   Thumb Code     0  startup_stm32f303xc.o(.text)
    EXTI3_IRQHandler                         0x08000263   Thumb Code     0  startup_stm32f303xc.o(.text)
    EXTI4_IRQHandler                         0x08000263   Thumb Code     0  startup_stm32f303xc.o(.text)
    EXTI9_5_IRQHandler                       0x08000263   Thumb Code     0  startup_stm32f303xc.o(.text)
    FLASH_IRQHandler                         0x08000263   Thumb Code     0  startup_stm32f303xc.o(.text)
    FPU_IRQHandler                           0x08000263   Thumb Code     0  startup_stm32f303xc.o(.text)
    I2C1_ER_IRQHandler                       0x08000263   Thumb Code     0  startup_stm32f303xc.o(.text)
    I2C2_ER_IRQHandler                       0x08000263   Thumb Code     0  startup_stm32f303xc.o(.text)
    I2C2_EV_IRQHandler                       0x08000263   Thumb Code     0  startup_stm32f303xc.o(.text)
    PVD_IRQHandler                           0x08000263   Thumb Code     0  startup_stm32f303xc.o(.text)
    RCC_IRQHandler                           0x08000263   Thumb Code     0  startup_stm32f303xc.o(.text)
    RTC_Alarm_IRQHandler                     0x08000263   Thumb Code     0  startup_stm32f303xc.o(.text)
    RTC_WKUP_IRQHandler                      0x08000263   Thumb Code     0  startup_stm32f303xc.o(.text)
    SPI1_IRQHandler                          0x08000263   Thumb Code     0  startup_stm32f303xc.o(.text)
    SPI2_IRQHandler                          0x08000263   Thumb Code     0  startup_stm32f303xc.o(.text)
    SPI3_IRQHandler                          0x08000263   Thumb Code     0  startup_stm32f303xc.o(.text)
    TAMP_STAMP_IRQHandler                    0x08000263   Thumb Code     0  startup_stm32f303xc.o(.text)
    TIM1_BRK_TIM15_IRQHandler                0x08000263   Thumb Code     0  startup_stm32f303xc.o(.text)
    TIM1_CC_IRQHandler                       0x08000263   Thumb Code     0  startup_stm32f303xc.o(.text)
    TIM1_TRG_COM_TIM17_IRQHandler            0x08000263   Thumb Code     0  startup_stm32f303xc.o(.text)
    TIM1_UP_TIM16_IRQHandler                 0x08000263   Thumb Code     0  startup_stm32f303xc.o(.text)
    TIM8_BRK_IRQHandler                      0x08000263   Thumb Code     0  startup_stm32f303xc.o(.text)
    TIM8_CC_IRQHandler                       0x08000263   Thumb Code     0  startup_stm32f303xc.o(.text)
    TIM8_TRG_COM_IRQHandler                  0x08000263   Thumb Code     0  startup_stm32f303xc.o(.text)
    TIM8_UP_IRQHandler                       0x08000263   Thumb Code     0  startup_stm32f303xc.o(.text)
    UART4_IRQHandler                         0x08000263   Thumb Code     0  startup_stm32f303xc.o(.text)
    UART5_IRQHandler                         0x08000263   Thumb Code     0  startup_stm32f303xc.o(.text)
    USART1_IRQHandler                        0x08000263   Thumb Code     0  startup_stm32f303xc.o(.text)
    USART2_IRQHandler                        0x08000263   Thumb Code     0  startup_stm32f303xc.o(.text)
    USART3_IRQHandler                        0x08000263   Thumb Code     0  startup_stm32f303xc.o(.text)
    USBWakeUp_IRQHandler                     0x08000263   Thumb Code     0  startup_stm32f303xc.o(.text)
    USBWakeUp_RMP_IRQHandler                 0x08000263   Thumb Code     0  startup_stm32f303xc.o(.text)
    USB_HP_CAN_TX_IRQHandler                 0x08000263   Thumb Code     0  startup_stm32f303xc.o(.text)
    USB_HP_IRQHandler                        0x08000263   Thumb Code     0  startup_stm32f303xc.o(.text)
    USB_LP_CAN_RX0_IRQHandler                0x08000263   Thumb Code     0  startup_stm32f303xc.o(.text)
    USB_LP_IRQHandler                        0x08000263   Thumb Code     0  startup_stm32f303xc.o(.text)
    WWDG_IRQHandler                          0x08000263   Thumb Code     0  startup_stm32f303xc.o(.text)
    __user_initial_stackheap                 0x08000265   Thumb Code     0  startup_stm32f303xc.o(.text)
    __aeabi_memclr4                          0x08000289   Thumb Code     0  rt_memclr_w.o(.text)
    __aeabi_memclr8                          0x08000289   Thumb Code     0  rt_memclr_w.o(.text)
    __rt_memclr_w                            0x08000289   Thumb Code    78  rt_memclr_w.o(.text)
    _memset_w                                0x0800028d   Thumb Code     0  rt_memclr_w.o(.text)
    __use_two_region_memory                  0x080002d7   Thumb Code     2  heapauxi.o(.text)
    __rt_heap_escrow$2region                 0x080002d9   Thumb Code     2  heapauxi.o(.text)
    __rt_heap_expand$2region                 0x080002db   Thumb Code     2  heapauxi.o(.text)
    __read_errno                             0x080002dd   Thumb Code    10  _rserrno.o(.text)
    __set_errno                              0x080002e7   Thumb Code    12  _rserrno.o(.text)
    __aeabi_errno_addr                       0x080002f5   Thumb Code     8  rt_errno_addr_intlibspace.o(.text)
    __errno$intlibspace                      0x080002f5   Thumb Code     0  rt_errno_addr_intlibspace.o(.text)
    __rt_errno_addr$intlibspace              0x080002f5   Thumb Code     0  rt_errno_addr_intlibspace.o(.text)
    __user_libspace                          0x080002fd   Thumb Code     8  libspace.o(.text)
    __user_perproc_libspace                  0x080002fd   Thumb Code     0  libspace.o(.text)
    __user_perthread_libspace                0x080002fd   Thumb Code     0  libspace.o(.text)
    __user_setup_stackheap                   0x08000305   Thumb Code    74  sys_stackheap_outer.o(.text)
    exit                                     0x0800034f   Thumb Code    18  exit.o(.text)
    _sys_exit                                0x08000361   Thumb Code     8  sys_exit.o(.text)
    __I$use$semihosting                      0x0800036d   Thumb Code     0  use_no_semi.o(.text)
    __use_no_semihosting_swi                 0x0800036d   Thumb Code     2  use_no_semi.o(.text)
    __semihosting_library_function           0x0800036f   Thumb Code     0  indicate_semi.o(.text)
    Calculate_Angle                          0x08000371   Thumb Code  1262  main.o(i.Calculate_Angle)
    Counting_Timer_7_Config                  0x0800086d   Thumb Code    84  main.o(i.Counting_Timer_7_Config)
    DMA1_Channel5_IRQHandler                 0x080008cd   Thumb Code    10  main.o(i.DMA1_Channel5_IRQHandler)
    DMA1_Channel6_IRQHandler                 0x080008dd   Thumb Code    10  main.o(i.DMA1_Channel6_IRQHandler)
    DMA_Ch5_Config                           0x0800092d   Thumb Code    86  main.o(i.DMA_Ch5_Config)
    DMA_Ch6_Config                           0x08000995   Thumb Code    86  main.o(i.DMA_Ch6_Config)
    EXTI0_IRQHandler                         0x08000a29   Thumb Code    10  main.o(i.EXTI0_IRQHandler)
    Encoders_Timer_34_config                 0x08000a35   Thumb Code   352  main.o(i.Encoders_Timer_34_config)
    GPIO_Config_I2C                          0x08000bb1   Thumb Code   146  main.o(i.GPIO_Config_I2C)
    GPIO_Direction_Config                    0x08000c51   Thumb Code    62  main.o(i.GPIO_Direction_Config)
    HAL_DMA_Abort_IT                         0x08000c99   Thumb Code    88  stm32f3xx_hal_dma.o(i.HAL_DMA_Abort_IT)
    HAL_DMA_IRQHandler                       0x08000cf1   Thumb Code   230  stm32f3xx_hal_dma.o(i.HAL_DMA_IRQHandler)
    HAL_DMA_Init                             0x08000dd7   Thumb Code    94  stm32f3xx_hal_dma.o(i.HAL_DMA_Init)
    HAL_DMA_Start_IT                         0x08000e35   Thumb Code   156  stm32f3xx_hal_dma.o(i.HAL_DMA_Start_IT)
    HAL_Delay                                0x08000ed1   Thumb Code    30  stm32f3xx_hal.o(i.HAL_Delay)
    HAL_GPIO_EXTI_Callback                   0x08000eef   Thumb Code     2  stm32f3xx_hal_gpio.o(i.HAL_GPIO_EXTI_Callback)
    HAL_GPIO_EXTI_IRQHandler                 0x08000ef1   Thumb Code    24  stm32f3xx_hal_gpio.o(i.HAL_GPIO_EXTI_IRQHandler)
    HAL_GPIO_Init                            0x08000f0d   Thumb Code   432  stm32f3xx_hal_gpio.o(i.HAL_GPIO_Init)
    HAL_GPIO_WritePin                        0x080010d9   Thumb Code    10  stm32f3xx_hal_gpio.o(i.HAL_GPIO_WritePin)
    HAL_GetTick                              0x080010e5   Thumb Code     6  stm32f3xx_hal.o(i.HAL_GetTick)
    HAL_I2C_AbortCpltCallback                0x080010f1   Thumb Code     2  stm32f3xx_hal_i2c.o(i.HAL_I2C_AbortCpltCallback)
    HAL_I2C_AddrCallback                     0x080010f3   Thumb Code     2  stm32f3xx_hal_i2c.o(i.HAL_I2C_AddrCallback)
    HAL_I2C_EV_IRQHandler                    0x080010f5   Thumb Code    28  stm32f3xx_hal_i2c.o(i.HAL_I2C_EV_IRQHandler)
    HAL_I2C_ErrorCallback                    0x08001111   Thumb Code     2  stm32f3xx_hal_i2c.o(i.HAL_I2C_ErrorCallback)
    HAL_I2C_Init                             0x08001115   Thumb Code   192  stm32f3xx_hal_i2c.o(i.HAL_I2C_Init)
    HAL_I2C_ListenCpltCallback               0x080011d9   Thumb Code     2  stm32f3xx_hal_i2c.o(i.HAL_I2C_ListenCpltCallback)
    HAL_I2C_MasterRxCpltCallback             0x080011db   Thumb Code     2  stm32f3xx_hal_i2c.o(i.HAL_I2C_MasterRxCpltCallback)
    HAL_I2C_MasterTxCpltCallback             0x080011dd   Thumb Code     2  stm32f3xx_hal_i2c.o(i.HAL_I2C_MasterTxCpltCallback)
    HAL_I2C_Master_Receive_IT                0x080011e1   Thumb Code   160  stm32f3xx_hal_i2c.o(i.HAL_I2C_Master_Receive_IT)
    HAL_I2C_Master_Transmit                  0x08001289   Thumb Code   368  stm32f3xx_hal_i2c.o(i.HAL_I2C_Master_Transmit)
    HAL_I2C_MemRxCpltCallback                0x080013fd   Thumb Code     2  stm32f3xx_hal_i2c.o(i.HAL_I2C_MemRxCpltCallback)
    HAL_I2C_MemTxCpltCallback                0x080013ff   Thumb Code     2  stm32f3xx_hal_i2c.o(i.HAL_I2C_MemTxCpltCallback)
    HAL_I2C_MspInit                          0x08001401   Thumb Code     2  stm32f3xx_hal_i2c.o(i.HAL_I2C_MspInit)
    HAL_I2C_SlaveRxCpltCallback              0x08001403   Thumb Code     2  stm32f3xx_hal_i2c.o(i.HAL_I2C_SlaveRxCpltCallback)
    HAL_I2C_SlaveTxCpltCallback              0x08001405   Thumb Code     2  stm32f3xx_hal_i2c.o(i.HAL_I2C_SlaveTxCpltCallback)
    HAL_IncTick                              0x08001409   Thumb Code    12  stm32f3xx_hal.o(i.HAL_IncTick)
    HAL_Init                                 0x08001419   Thumb Code    34  stm32f3xx_hal.o(i.HAL_Init)
    HAL_InitTick                             0x08001441   Thumb Code    36  stm32f3xx_hal.o(i.HAL_InitTick)
    HAL_MspInit                              0x08001469   Thumb Code     2  stm32f3xx_hal.o(i.HAL_MspInit)
    HAL_NVIC_EnableIRQ                       0x0800146b   Thumb Code    40  stm32f3xx_hal_cortex.o(i.HAL_NVIC_EnableIRQ)
    HAL_NVIC_SetPriority                     0x08001493   Thumb Code   124  stm32f3xx_hal_cortex.o(i.HAL_NVIC_SetPriority)
    HAL_NVIC_SetPriorityGrouping             0x08001511   Thumb Code    32  stm32f3xx_hal_cortex.o(i.HAL_NVIC_SetPriorityGrouping)
    HAL_RCC_ClockConfig                      0x08001539   Thumb Code   732  stm32f3xx_hal_rcc.o(i.HAL_RCC_ClockConfig)
    HAL_RCC_GetHCLKFreq                      0x08001825   Thumb Code     6  stm32f3xx_hal_rcc.o(i.HAL_RCC_GetHCLKFreq)
    HAL_RCC_GetPCLK1Freq                     0x08001831   Thumb Code    36  stm32f3xx_hal_rcc.o(i.HAL_RCC_GetPCLK1Freq)
    HAL_RCC_GetPCLK2Freq                     0x0800185d   Thumb Code    36  stm32f3xx_hal_rcc.o(i.HAL_RCC_GetPCLK2Freq)
    HAL_RCC_GetSysClockFreq                  0x08001889   Thumb Code   120  stm32f3xx_hal_rcc.o(i.HAL_RCC_GetSysClockFreq)
    HAL_RCC_OscConfig                        0x08001915   Thumb Code  2550  stm32f3xx_hal_rcc.o(i.HAL_RCC_OscConfig)
    HAL_SYSTICK_CLKSourceConfig              0x08002315   Thumb Code    40  stm32f3xx_hal_cortex.o(i.HAL_SYSTICK_CLKSourceConfig)
    HAL_SYSTICK_Callback                     0x0800233d   Thumb Code     2  stm32f3xx_hal_cortex.o(i.HAL_SYSTICK_Callback)
    HAL_SYSTICK_Config                       0x0800233f   Thumb Code    52  stm32f3xx_hal_cortex.o(i.HAL_SYSTICK_Config)
    HAL_SYSTICK_IRQHandler                   0x08002373   Thumb Code     8  stm32f3xx_hal_cortex.o(i.HAL_SYSTICK_IRQHandler)
    HAL_TIMEx_Break2Callback                 0x0800237b   Thumb Code     2  stm32f3xx_hal_tim_ex.o(i.HAL_TIMEx_Break2Callback)
    HAL_TIMEx_BreakCallback                  0x0800237d   Thumb Code     2  stm32f3xx_hal_tim_ex.o(i.HAL_TIMEx_BreakCallback)
    HAL_TIMEx_CommutationCallback            0x0800237f   Thumb Code     2  stm32f3xx_hal_tim_ex.o(i.HAL_TIMEx_CommutationCallback)
    HAL_TIM_Base_Init                        0x08002381   Thumb Code    52  stm32f3xx_hal_tim.o(i.HAL_TIM_Base_Init)
    HAL_TIM_Base_MspInit                     0x080023b5   Thumb Code     2  stm32f3xx_hal_tim.o(i.HAL_TIM_Base_MspInit)
    HAL_TIM_Base_Start_IT                    0x080023b7   Thumb Code    30  stm32f3xx_hal_tim.o(i.HAL_TIM_Base_Start_IT)
    HAL_TIM_Encoder_Init                     0x080023d5   Thumb Code   180  stm32f3xx_hal_tim.o(i.HAL_TIM_Encoder_Init)
    HAL_TIM_Encoder_MspInit                  0x0800248d   Thumb Code     2  stm32f3xx_hal_tim.o(i.HAL_TIM_Encoder_MspInit)
    HAL_TIM_Encoder_Start_IT                 0x0800248f   Thumb Code   126  stm32f3xx_hal_tim.o(i.HAL_TIM_Encoder_Start_IT)
    HAL_TIM_IC_CaptureCallback               0x0800250d   Thumb Code     2  stm32f3xx_hal_tim.o(i.HAL_TIM_IC_CaptureCallback)
    HAL_TIM_IRQHandler                       0x0800250f   Thumb Code   440  stm32f3xx_hal_tim.o(i.HAL_TIM_IRQHandler)
    HAL_TIM_OC_DelayElapsedCallback          0x080026c7   Thumb Code     2  stm32f3xx_hal_tim.o(i.HAL_TIM_OC_DelayElapsedCallback)
    HAL_TIM_PWM_ConfigChannel                0x080026c9   Thumb Code   372  stm32f3xx_hal_tim_ex.o(i.HAL_TIM_PWM_ConfigChannel)
    HAL_TIM_PWM_Init                         0x0800283d   Thumb Code    52  stm32f3xx_hal_tim.o(i.HAL_TIM_PWM_Init)
    HAL_TIM_PWM_MspInit                      0x08002871   Thumb Code     2  stm32f3xx_hal_tim.o(i.HAL_TIM_PWM_MspInit)
    HAL_TIM_PWM_PulseFinishedCallback        0x08002873   Thumb Code     2  stm32f3xx_hal_tim.o(i.HAL_TIM_PWM_PulseFinishedCallback)
    HAL_TIM_PWM_Start                        0x08002875   Thumb Code    92  stm32f3xx_hal_tim.o(i.HAL_TIM_PWM_Start)
    HAL_TIM_PeriodElapsedCallback            0x080028e5   Thumb Code     2  stm32f3xx_hal_tim.o(i.HAL_TIM_PeriodElapsedCallback)
    HAL_TIM_TriggerCallback                  0x080028e7   Thumb Code     2  stm32f3xx_hal_tim.o(i.HAL_TIM_TriggerCallback)
    HAL_UART_ErrorCallback                   0x080028e9   Thumb Code     2  stm32f3xx_hal_uart.o(i.HAL_UART_ErrorCallback)
    HAL_UART_Init                            0x080028eb   Thumb Code   120  stm32f3xx_hal_uart.o(i.HAL_UART_Init)
    HAL_UART_MspInit                         0x08002963   Thumb Code     2  stm32f3xx_hal_uart.o(i.HAL_UART_MspInit)
    HAL_UART_Receive_DMA                     0x08002965   Thumb Code   156  stm32f3xx_hal_uart.o(i.HAL_UART_Receive_DMA)
    HAL_UART_RxCpltCallback                  0x08002a0d   Thumb Code     2  main.o(i.HAL_UART_RxCpltCallback)
    HAL_UART_RxHalfCpltCallback              0x08002a0f   Thumb Code     2  stm32f3xx_hal_uart.o(i.HAL_UART_RxHalfCpltCallback)
    I2C1_EV_IRQHandler                       0x08002a11   Thumb Code    10  main.o(i.I2C1_EV_IRQHandler)
    I2C_Config                               0x08002a21   Thumb Code    86  main.o(i.I2C_Config)
    I2C_Read                                 0x08003445   Thumb Code    48  main.o(i.I2C_Read)
    I2C_Write                                0x08003785   Thumb Code    30  main.o(i.I2C_Write)
    Main_Loop_Timer_6_Config                 0x080037ad   Thumb Code    84  main.o(i.Main_Loop_Timer_6_Config)
    PID_Angle_Controller                     0x0800380d   Thumb Code   226  main.o(i.PID_Angle_Controller)
    PID_Motor_Controller                     0x08003915   Thumb Code   202  main.o(i.PID_Motor_Controller)
    PID_Speed_Controller                     0x080039f9   Thumb Code   250  main.o(i.PID_Speed_Controller)
    PID_Values_Set                           0x08003b1d   Thumb Code    62  main.o(i.PID_Values_Set)
    PWM_Config                               0x08003b89   Thumb Code   452  main.o(i.PWM_Config)
    Read_MPU6050_Data                        0x08003d5d   Thumb Code   118  main.o(i.Read_MPU6050_Data)
    Robot_Steering                           0x08003df1   Thumb Code   324  main.o(i.Robot_Steering)
    Setup_MPU6050_Registers                  0x08003f59   Thumb Code   184  main.o(i.Setup_MPU6050_Registers)
    SysTick_Handler                          0x0800403d   Thumb Code    18  main.o(i.SysTick_Handler)
    SystemClock_Config                       0x08004055   Thumb Code    92  main.o(i.SystemClock_Config)
    SystemInit                               0x080040b1   Thumb Code   104  system_stm32f3xx.o(i.SystemInit)
    TIM2_IRQHandler                          0x0800412d   Thumb Code    36  main.o(i.TIM2_IRQHandler)
    TIM3_IRQHandler                          0x08004155   Thumb Code   276  main.o(i.TIM3_IRQHandler)
    TIM4_IRQHandler                          0x080042b1   Thumb Code   308  main.o(i.TIM4_IRQHandler)
    TIM6_DAC_IRQHandler                      0x08004439   Thumb Code   636  main.o(i.TIM6_DAC_IRQHandler)
    TIM7_IRQHandler                          0x08004735   Thumb Code   178  main.o(i.TIM7_IRQHandler)
    TIM_Base_SetConfig                       0x0800481d   Thumb Code   160  stm32f3xx_hal_tim.o(i.TIM_Base_SetConfig)
    TIM_CCxChannelCmd                        0x080048d9   Thumb Code    28  stm32f3xx_hal_tim.o(i.TIM_CCxChannelCmd)
    TIM_OC1_SetConfig                        0x080048f5   Thumb Code   152  stm32f3xx_hal_tim.o(i.TIM_OC1_SetConfig)
    TIM_OC2_SetConfig                        0x080049a5   Thumb Code   162  stm32f3xx_hal_tim.o(i.TIM_OC2_SetConfig)
    TIM_OC3_SetConfig                        0x08004a61   Thumb Code   160  stm32f3xx_hal_tim.o(i.TIM_OC3_SetConfig)
    TIM_OC4_SetConfig                        0x08004b19   Thumb Code    98  stm32f3xx_hal_tim.o(i.TIM_OC4_SetConfig)
    UART_1_Config                            0x08004c81   Thumb Code   158  main.o(i.UART_1_Config)
    UART_2_Config                            0x08004d2d   Thumb Code   156  main.o(i.UART_2_Config)
    UART_AdvFeatureConfig                    0x08004dd5   Thumb Code   234  stm32f3xx_hal_uart.o(i.UART_AdvFeatureConfig)
    UART_CheckIdleState                      0x08004ebf   Thumb Code   116  stm32f3xx_hal_uart.o(i.UART_CheckIdleState)
    UART_SetConfig                           0x08005011   Thumb Code   716  stm32f3xx_hal_uart.o(i.UART_SetConfig)
    UART_WaitOnFlagUntilTimeout              0x080052fd   Thumb Code   108  stm32f3xx_hal_uart.o(i.UART_WaitOnFlagUntilTimeout)
    __ARM_fpclassify                         0x08005369   Thumb Code    48  fpclassify.o(i.__ARM_fpclassify)
    __hardfp_asin                            0x080053d1   Thumb Code   770  asin.o(i.__hardfp_asin)
    __hardfp_fabs                            0x08005731   Thumb Code    20  fabs.o(i.__hardfp_fabs)
    __hardfp_sin                             0x08005749   Thumb Code   180  sin.o(i.__hardfp_sin)
    __hardfp_sqrt                            0x08005811   Thumb Code   122  sqrt.o(i.__hardfp_sqrt)
    __ieee754_rem_pio2                       0x08005891   Thumb Code   938  rred.o(i.__ieee754_rem_pio2)
    __kernel_cos                             0x08005cc9   Thumb Code   322  cos_i.o(i.__kernel_cos)
    __kernel_poly                            0x08005e39   Thumb Code   248  poly.o(i.__kernel_poly)
    __kernel_sin                             0x08005f31   Thumb Code   280  sin_i.o(i.__kernel_sin)
    __mathlib_dbl_infnan                     0x08006061   Thumb Code    20  dunder.o(i.__mathlib_dbl_infnan)
    __mathlib_dbl_invalid                    0x08006079   Thumb Code    24  dunder.o(i.__mathlib_dbl_invalid)
    __mathlib_dbl_underflow                  0x08006099   Thumb Code    24  dunder.o(i.__mathlib_dbl_underflow)
    fabs                                     0x080060b9   Thumb Code    24  fabs.o(i.fabs)
    main                                     0x080060d1   Thumb Code    80  main.o(i.main)
    sqrt                                     0x08006131   Thumb Code   110  sqrt.o(i.sqrt)
    __aeabi_dneg                             0x0800619f   Thumb Code     0  basic.o(x$fpl$basic)
    _dneg                                    0x0800619f   Thumb Code     6  basic.o(x$fpl$basic)
    __aeabi_fneg                             0x080061a5   Thumb Code     0  basic.o(x$fpl$basic)
    _fneg                                    0x080061a5   Thumb Code     6  basic.o(x$fpl$basic)
    _dabs                                    0x080061ab   Thumb Code     6  basic.o(x$fpl$basic)
    _fabs                                    0x080061b1   Thumb Code     6  basic.o(x$fpl$basic)
    __aeabi_d2f                              0x080061b9   Thumb Code     0  d2f.o(x$fpl$d2f)
    _d2f                                     0x080061b9   Thumb Code    98  d2f.o(x$fpl$d2f)
    __aeabi_dadd                             0x0800621d   Thumb Code     0  daddsub_clz.o(x$fpl$dadd)
    _dadd                                    0x0800621d   Thumb Code   332  daddsub_clz.o(x$fpl$dadd)
    __fpl_dcmp_Inf                           0x0800636d   Thumb Code    24  dcmpi.o(x$fpl$dcmpinf)
    __aeabi_ddiv                             0x08006385   Thumb Code     0  ddiv.o(x$fpl$ddiv)
    _ddiv                                    0x08006385   Thumb Code   552  ddiv.o(x$fpl$ddiv)
    __aeabi_d2iz                             0x08006635   Thumb Code     0  dfix.o(x$fpl$dfix)
    _dfix                                    0x08006635   Thumb Code    94  dfix.o(x$fpl$dfix)
    __aeabi_i2d                              0x08006693   Thumb Code     0  dflt_clz.o(x$fpl$dflt)
    _dflt                                    0x08006693   Thumb Code    46  dflt_clz.o(x$fpl$dflt)
    __aeabi_ui2d                             0x080066c1   Thumb Code     0  dflt_clz.o(x$fpl$dfltu)
    _dfltu                                   0x080066c1   Thumb Code    38  dflt_clz.o(x$fpl$dfltu)
    __aeabi_cdcmple                          0x080066e9   Thumb Code     0  dleqf.o(x$fpl$dleqf)
    _dcmple                                  0x080066e9   Thumb Code   120  dleqf.o(x$fpl$dleqf)
    __fpl_dcmple_InfNaN                      0x0800674b   Thumb Code     0  dleqf.o(x$fpl$dleqf)
    __aeabi_dmul                             0x08006761   Thumb Code     0  dmul.o(x$fpl$dmul)
    _dmul                                    0x08006761   Thumb Code   332  dmul.o(x$fpl$dmul)
    __fpl_dnaninf                            0x080068b5   Thumb Code   156  dnaninf.o(x$fpl$dnaninf)
    __fpl_dretinf                            0x08006951   Thumb Code    12  dretinf.o(x$fpl$dretinf)
    __aeabi_cdrcmple                         0x0800695d   Thumb Code     0  drleqf.o(x$fpl$drleqf)
    _drcmple                                 0x0800695d   Thumb Code   108  drleqf.o(x$fpl$drleqf)
    __aeabi_drsub                            0x080069c9   Thumb Code     0  daddsub_clz.o(x$fpl$drsb)
    _drsb                                    0x080069c9   Thumb Code    22  daddsub_clz.o(x$fpl$drsb)
    _dsqrt                                   0x080069e1   Thumb Code   404  dsqrt_umaal.o(x$fpl$dsqrt)
    __aeabi_dsub                             0x08006b79   Thumb Code     0  daddsub_clz.o(x$fpl$dsub)
    _dsub                                    0x08006b79   Thumb Code   464  daddsub_clz.o(x$fpl$dsub)
    __aeabi_f2d                              0x08006d4d   Thumb Code     0  f2d.o(x$fpl$f2d)
    _f2d                                     0x08006d4d   Thumb Code    86  f2d.o(x$fpl$f2d)
    __fpl_fnaninf                            0x08006da3   Thumb Code   140  fnaninf.o(x$fpl$fnaninf)
    _fp_init                                 0x08006e2f   Thumb Code    10  fpinit.o(x$fpl$fpinit)
    __fplib_config_fpu_vfp                   0x08006e37   Thumb Code     0  fpinit.o(x$fpl$fpinit)
    __fplib_config_pureend_doubles           0x08006e37   Thumb Code     0  fpinit.o(x$fpl$fpinit)
    __fpl_fretinf                            0x08006e39   Thumb Code    10  fretinf.o(x$fpl$fretinf)
    __I$use$fp                               0x08006e42   Number         0  usenofp.o(x$fpl$usenofp)
    aPLLMULFactorTable                       0x08006e42   Data          16  stm32f3xx_hal_rcc.o(.constdata)
    aPredivFactorTable                       0x08006e52   Data          16  stm32f3xx_hal_rcc.o(.constdata)
    AHBPrescTable                            0x08006e62   Data          16  system_stm32f3xx.o(.constdata)
    APBPrescTable                            0x08006e72   Data           8  system_stm32f3xx.o(.constdata)
    Region$$Table$$Base                      0x08006ff0   Number         0  anon$$obj.o(Region$$Table)
    Region$$Table$$Limit                     0x08007010   Number         0  anon$$obj.o(Region$$Table)
    pitch                                    0x20000000   Data           4  main.o(.data)
    roll                                     0x20000004   Data           4  main.o(.data)
    yaw                                      0x20000008   Data           4  main.o(.data)
    pitch1                                   0x2000000c   Data           4  main.o(.data)
    P1_16                                    0x20000010   Data           2  main.o(.data)
    I1_16                                    0x20000012   Data           2  main.o(.data)
    D1_16                                    0x20000014   Data           2  main.o(.data)
    P2_16                                    0x20000016   Data           2  main.o(.data)
    I2_16                                    0x20000018   Data           2  main.o(.data)
    D2_16                                    0x2000001a   Data           2  main.o(.data)
    b                                        0x2000001c   Data           1  main.o(.data)
    accel_x                                  0x20000028   Data           4  main.o(.data)
    accel_y                                  0x2000002c   Data           4  main.o(.data)
    accel_z                                  0x20000030   Data           4  main.o(.data)
    gyros_x                                  0x20000034   Data           4  main.o(.data)
    gyros_y                                  0x20000038   Data           4  main.o(.data)
    gyros_z                                  0x2000003c   Data           4  main.o(.data)
    gyro_x                                   0x20000040   Data           2  main.o(.data)
    gyro_y                                   0x20000042   Data           2  main.o(.data)
    gyro_z                                   0x20000044   Data           2  main.o(.data)
    acc_x                                    0x20000046   Data           2  main.o(.data)
    acc_y                                    0x20000048   Data           2  main.o(.data)
    acc_z                                    0x2000004a   Data           2  main.o(.data)
    error_stop                               0x2000004c   Data           4  main.o(.data)
    proba                                    0x20000050   Data           4  main.o(.data)
    proba2                                   0x20000054   Data           4  main.o(.data)
    systickFlag                              0x20000058   Data           1  main.o(.data)
    czas                                     0x2000005c   Data           4  main.o(.data)
    delayFlag                                0x20000060   Data           1  main.o(.data)
    pwm_spr                                  0x20000064   Data           4  main.o(.data)
    P1                                       0x20000068   Data           4  main.o(.data)
    I1                                       0x2000006c   Data           4  main.o(.data)
    D1                                       0x20000070   Data           4  main.o(.data)
    P2                                       0x20000074   Data           4  main.o(.data)
    I2                                       0x20000078   Data           4  main.o(.data)
    D2                                       0x2000007c   Data           4  main.o(.data)
    P3                                       0x20000080   Data           4  main.o(.data)
    I3                                       0x20000084   Data           4  main.o(.data)
    D3                                       0x20000088   Data           4  main.o(.data)
    flag                                     0x2000008c   Data           4  main.o(.data)
    kat_atan                                 0x20000090   Data           8  main.o(.data)
    comp_angle                               0x20000098   Data           4  main.o(.data)
    angle_1                                  0x2000009c   Data           4  main.o(.data)
    angle_2                                  0x200000a0   Data           4  main.o(.data)
    angle_graph                              0x200000a4   Data           4  main.o(.data)
    a                                        0x200000a8   Data           4  main.o(.data)
    kat_obrotu                               0x200000ac   Data           4  main.o(.data)
    backward                                 0x200000b0   Data           4  main.o(.data)
    forward                                  0x200000b4   Data           4  main.o(.data)
    PWM                                      0x200000b8   Data           4  main.o(.data)
    PID_SUM_1                                0x200000bc   Data           4  main.o(.data)
    PID_SUM_2                                0x200000c0   Data           4  main.o(.data)
    Power                                    0x200000c4   Data           4  main.o(.data)
    Power2                                   0x200000c8   Data           4  main.o(.data)
    Power1                                   0x200000cc   Data           4  main.o(.data)
    moc                                      0x200000d0   Data           4  main.o(.data)
    PWM_minus                                0x200000d4   Data           4  main.o(.data)
    PWM_plus                                 0x200000d8   Data           4  main.o(.data)
    Speed                                    0x200000dc   Data           4  main.o(.data)
    Displacement                             0x200000e0   Data           4  main.o(.data)
    Motor_Power                              0x200000e4   Data           4  main.o(.data)
    Speed_1                                  0x200000e8   Data           4  main.o(.data)
    Angle_PID                                0x200000ec   Data           4  main.o(.data)
    Speed_2                                  0x200000f0   Data           4  main.o(.data)
    Speed_PID                                0x200000f4   Data           4  main.o(.data)
    Displacement_PID_1                       0x200000f8   Data           4  main.o(.data)
    Displacement_PID_2                       0x200000fc   Data           4  main.o(.data)
    speed_graph                              0x20000100   Data           4  main.o(.data)
    displacement_graph                       0x20000104   Data           4  main.o(.data)
    start_0                                  0x20000108   Data           1  main.o(.data)
    start_1                                  0x20000109   Data           1  main.o(.data)
    P_Speed                                  0x2000010c   Data           4  main.o(.data)
    I_Speed                                  0x20000110   Data           4  main.o(.data)
    D_Speed                                  0x20000114   Data           4  main.o(.data)
    P_Angle                                  0x20000118   Data           4  main.o(.data)
    I_Angle                                  0x2000011c   Data           4  main.o(.data)
    D_Angle                                  0x20000120   Data           4  main.o(.data)
    pulse_count_1                            0x20000124   Data           2  main.o(.data)
    positions_1                              0x20000126   Data           2  main.o(.data)
    pulse_count_2                            0x20000128   Data           2  main.o(.data)
    positions_2                              0x2000012a   Data           2  main.o(.data)
    number_of_pulses_1                       0x2000012c   Data           2  main.o(.data)
    pulse_count_1_prev                       0x2000012e   Data           2  main.o(.data)
    number_of_pulses_2                       0x20000130   Data           2  main.o(.data)
    pulse_count_2_prev                       0x20000132   Data           2  main.o(.data)
    omega_1                                  0x20000134   Data           4  main.o(.data)
    omega_2                                  0x20000138   Data           4  main.o(.data)
    RPM_1                                    0x2000013c   Data           4  main.o(.data)
    RPM_2                                    0x20000140   Data           4  main.o(.data)
    Mean_RPM                                 0x20000144   Data           4  main.o(.data)
    Mean_RPM_filtered                        0x20000148   Data           4  main.o(.data)
    RPM_1_filtered                           0x2000014c   Data           4  main.o(.data)
    RPM_2_filtered                           0x20000150   Data           4  main.o(.data)
    number_of_clock_cycles_1                 0x20000154   Data           4  main.o(.data)
    number_of_clock_cycles_2                 0x20000158   Data           4  main.o(.data)
    kroki1                                   0x2000015c   Data           2  main.o(.data)
    kroki2                                   0x2000015e   Data           2  main.o(.data)
    przerwanie                               0x20000160   Data           2  main.o(.data)
    licznik                                  0x20000162   Data           2  main.o(.data)
    acc_total_vector                         0x20000164   Data           4  main.o(.data)
    temperature                              0x20000168   Data           4  main.o(.data)
    gyro_x_cal                               0x2000016c   Data           4  main.o(.data)
    gyro_y_cal                               0x20000170   Data           4  main.o(.data)
    gyro_z_cal                               0x20000174   Data           4  main.o(.data)
    acc_x_cal                                0x20000178   Data           4  main.o(.data)
    acc_y_cal                                0x2000017c   Data           4  main.o(.data)
    acc_z_cal                                0x20000180   Data           4  main.o(.data)
    loop_timer                               0x20000184   Data           4  main.o(.data)
    lcd_loop_counter                         0x20000188   Data           4  main.o(.data)
    angle_pitch                              0x2000018c   Data           4  main.o(.data)
    angle_roll                               0x20000190   Data           4  main.o(.data)
    angle_pitch_buffer                       0x20000194   Data           4  main.o(.data)
    angle_roll_buffer                        0x20000198   Data           4  main.o(.data)
    set_gyro_angles                          0x2000019c   Data           1  main.o(.data)
    angle_roll_acc                           0x200001a0   Data           4  main.o(.data)
    angle_pitch_acc                          0x200001a4   Data           4  main.o(.data)
    angle_pitch_output                       0x200001a8   Data           4  main.o(.data)
    angle_roll_output                        0x200001ac   Data           4  main.o(.data)
    UART2_Tx                                 0x200001b0   Data          42  main.o(.data)
    UART1_Tx                                 0x200001da   Data           6  main.o(.data)
    UART2_Rx                                 0x200001e0   Data           8  main.o(.data)
    rxBuff                                   0x200001e8   Data           8  main.o(.data)
    HC05_angle                               0x200001f0   Data           4  main.o(.data)
    throttle                                 0x200001f4   Data           4  main.o(.data)
    turn                                     0x200001f8   Data           4  main.o(.data)
    turn_const                               0x200001fc   Data           4  main.o(.data)
    throttle_const                           0x20000200   Data           4  main.o(.data)
    accel_x_raw                              0x20000204   Data           2  main.o(.data)
    accel_y_raw                              0x20000206   Data           2  main.o(.data)
    accel_z_raw                              0x20000208   Data           2  main.o(.data)
    mpu_temp_raw                             0x2000020a   Data           2  main.o(.data)
    gyro_x_raw                               0x2000020c   Data           2  main.o(.data)
    gyro_y_raw                               0x2000020e   Data           2  main.o(.data)
    gyro_z_raw                               0x20000210   Data           2  main.o(.data)
    i                                        0x20000212   Data           1  main.o(.data)
    OUT_X_H                                  0x20000213   Data           1  main.o(.data)
    OUT_Y_H                                  0x20000214   Data           1  main.o(.data)
    OUT_Z_H                                  0x20000215   Data           1  main.o(.data)
    W_X                                      0x20000218   Data           4  main.o(.data)
    W_Y                                      0x2000021c   Data           4  main.o(.data)
    W_Z                                      0x20000220   Data           4  main.o(.data)
    spiData                                  0x20000224   Data           2  main.o(.data)
    spiRx                                    0x20000226   Data           2  main.o(.data)
    GyroRate                                 0x20000228   Data           4  main.o(.data)
    gyroTime                                 0x2000022c   Data           2  main.o(.data)
    x_angle                                  0x20000230   Data           4  main.o(.data)
    SPI                                      0x20000234   Data           1  main.o(.data)
    flaga                                    0x20000238   Data           4  main.o(.data)
    plus                                     0x2000023c   Data           4  main.o(.data)
    RPM_pulse_counting                       0x20000240   Data           4  main.o(.data)
    pulse_count                              0x20000244   Data           2  main.o(.data)
    number_of_pulses                         0x20000246   Data           2  main.o(.data)
    pulse_count_prev                         0x20000248   Data           2  main.o(.data)
    dupa                                     0x2000024c   Data           4  main.o(.data)
    uwTick                                   0x2000026c   Data           4  stm32f3xx_hal.o(.data)
    SystemCoreClock                          0x20000270   Data           4  system_stm32f3xx.o(.data)
    htim3                                    0x20000274   Data          64  main.o(.bss)
    htim4                                    0x200002b4   Data          64  main.o(.bss)
    htim7                                    0x200002f4   Data          64  main.o(.bss)
    htim6                                    0x20000334   Data          64  main.o(.bss)
    UART1_Rx                                 0x20000374   Data         124  main.o(.bss)
    UART2handle                              0x200003f0   Data         112  main.o(.bss)
    myDMA_Uart2Handle                        0x20000460   Data          68  main.o(.bss)
    UART1handle                              0x200004a4   Data         112  main.o(.bss)
    myDMA_Uart1Handle                        0x20000514   Data          68  main.o(.bss)
    myI2Chandle                              0x20000558   Data          76  main.o(.bss)
    i2cBuff                                  0x200005a4   Data          16  main.o(.bss)
    mySPIhandle                              0x200005b4   Data         100  main.o(.bss)
    __libspace_start                         0x20000618   Data          96  libspace.o(.bss)
    __temporary_stack_top$libspace           0x20000678   Data           0  libspace.o(.bss)



==============================================================================

Memory Map of the image

  Image Entry point : 0x08000249

  Load Region LR_1 (Base: 0x08000000, Size: 0x00007284, Max: 0xffffffff, ABSOLUTE, COMPRESSED[0x00007038])

    Execution Region ER_RO (Exec base: 0x08000000, Load base: 0x08000000, Size: 0x00007010, Max: 0xffffffff, ABSOLUTE)

    Exec Addr    Load Addr    Size         Type   Attr      Idx    E Section Name        Object

    0x08000000   0x08000000   0x00000188   Data   RO         3793    RESET               startup_stm32f303xc.o
    0x08000188   0x08000188   0x00000008   Code   RO         3845  * !!!main             c_w.l(__main.o)
    0x08000190   0x08000190   0x00000034   Code   RO         4132    !!!scatter          c_w.l(__scatter.o)
    0x080001c4   0x080001c4   0x0000003a   Code   RO         4130    !!dczerorl          c_w.l(__dczerorl.o)
    0x080001fe   0x080001fe   0x00000002   PAD
    0x08000200   0x08000200   0x0000001c   Code   RO         4134    !!handler_zi        c_w.l(__scatter_zi.o)
    0x0800021c   0x0800021c   0x00000002   Code   RO         4003    .ARM.Collect$$libinit$$00000000  c_w.l(libinit.o)
    0x0800021e   0x0800021e   0x00000004   Code   RO         4006    .ARM.Collect$$libinit$$00000001  c_w.l(libinit2.o)
    0x08000222   0x08000222   0x00000000   Code   RO         4009    .ARM.Collect$$libinit$$00000004  c_w.l(libinit2.o)
    0x08000222   0x08000222   0x00000000   Code   RO         4012    .ARM.Collect$$libinit$$0000000A  c_w.l(libinit2.o)
    0x08000222   0x08000222   0x00000000   Code   RO         4014    .ARM.Collect$$libinit$$0000000C  c_w.l(libinit2.o)
    0x08000222   0x08000222   0x00000000   Code   RO         4016    .ARM.Collect$$libinit$$0000000E  c_w.l(libinit2.o)
    0x08000222   0x08000222   0x00000000   Code   RO         4019    .ARM.Collect$$libinit$$00000011  c_w.l(libinit2.o)
    0x08000222   0x08000222   0x00000000   Code   RO         4021    .ARM.Collect$$libinit$$00000013  c_w.l(libinit2.o)
    0x08000222   0x08000222   0x00000000   Code   RO         4023    .ARM.Collect$$libinit$$00000015  c_w.l(libinit2.o)
    0x08000222   0x08000222   0x00000000   Code   RO         4025    .ARM.Collect$$libinit$$00000017  c_w.l(libinit2.o)
    0x08000222   0x08000222   0x00000000   Code   RO         4027    .ARM.Collect$$libinit$$00000019  c_w.l(libinit2.o)
    0x08000222   0x08000222   0x00000000   Code   RO         4029    .ARM.Collect$$libinit$$0000001B  c_w.l(libinit2.o)
    0x08000222   0x08000222   0x00000000   Code   RO         4031    .ARM.Collect$$libinit$$0000001D  c_w.l(libinit2.o)
    0x08000222   0x08000222   0x00000000   Code   RO         4033    .ARM.Collect$$libinit$$0000001F  c_w.l(libinit2.o)
    0x08000222   0x08000222   0x00000000   Code   RO         4035    .ARM.Collect$$libinit$$00000021  c_w.l(libinit2.o)
    0x08000222   0x08000222   0x00000000   Code   RO         4037    .ARM.Collect$$libinit$$00000023  c_w.l(libinit2.o)
    0x08000222   0x08000222   0x00000000   Code   RO         4039    .ARM.Collect$$libinit$$00000025  c_w.l(libinit2.o)
    0x08000222   0x08000222   0x00000000   Code   RO         4043    .ARM.Collect$$libinit$$0000002C  c_w.l(libinit2.o)
    0x08000222   0x08000222   0x00000000   Code   RO         4045    .ARM.Collect$$libinit$$0000002E  c_w.l(libinit2.o)
    0x08000222   0x08000222   0x00000000   Code   RO         4047    .ARM.Collect$$libinit$$00000030  c_w.l(libinit2.o)
    0x08000222   0x08000222   0x00000000   Code   RO         4049    .ARM.Collect$$libinit$$00000032  c_w.l(libinit2.o)
    0x08000222   0x08000222   0x00000002   Code   RO         4050    .ARM.Collect$$libinit$$00000033  c_w.l(libinit2.o)
    0x08000224   0x08000224   0x00000002   Code   RO         4070    .ARM.Collect$$libshutdown$$00000000  c_w.l(libshutdown.o)
    0x08000226   0x08000226   0x00000000   Code   RO         4083    .ARM.Collect$$libshutdown$$00000002  c_w.l(libshutdown2.o)
    0x08000226   0x08000226   0x00000000   Code   RO         4085    .ARM.Collect$$libshutdown$$00000004  c_w.l(libshutdown2.o)
    0x08000226   0x08000226   0x00000000   Code   RO         4088    .ARM.Collect$$libshutdown$$00000007  c_w.l(libshutdown2.o)
    0x08000226   0x08000226   0x00000000   Code   RO         4091    .ARM.Collect$$libshutdown$$0000000A  c_w.l(libshutdown2.o)
    0x08000226   0x08000226   0x00000000   Code   RO         4093    .ARM.Collect$$libshutdown$$0000000C  c_w.l(libshutdown2.o)
    0x08000226   0x08000226   0x00000000   Code   RO         4096    .ARM.Collect$$libshutdown$$0000000F  c_w.l(libshutdown2.o)
    0x08000226   0x08000226   0x00000002   Code   RO         4097    .ARM.Collect$$libshutdown$$00000010  c_w.l(libshutdown2.o)
    0x08000228   0x08000228   0x00000000   Code   RO         3921    .ARM.Collect$$rtentry$$00000000  c_w.l(__rtentry.o)
    0x08000228   0x08000228   0x00000000   Code   RO         3972    .ARM.Collect$$rtentry$$00000002  c_w.l(__rtentry2.o)
    0x08000228   0x08000228   0x00000006   Code   RO         3984    .ARM.Collect$$rtentry$$00000004  c_w.l(__rtentry4.o)
    0x0800022e   0x0800022e   0x00000000   Code   RO         3974    .ARM.Collect$$rtentry$$00000009  c_w.l(__rtentry2.o)
    0x0800022e   0x0800022e   0x00000004   Code   RO         3975    .ARM.Collect$$rtentry$$0000000A  c_w.l(__rtentry2.o)
    0x08000232   0x08000232   0x00000000   Code   RO         3977    .ARM.Collect$$rtentry$$0000000C  c_w.l(__rtentry2.o)
    0x08000232   0x08000232   0x00000008   Code   RO         3978    .ARM.Collect$$rtentry$$0000000D  c_w.l(__rtentry2.o)
    0x0800023a   0x0800023a   0x00000002   Code   RO         4004    .ARM.Collect$$rtexit$$00000000  c_w.l(rtexit.o)
    0x0800023c   0x0800023c   0x00000000   Code   RO         4052    .ARM.Collect$$rtexit$$00000002  c_w.l(rtexit2.o)
    0x0800023c   0x0800023c   0x00000004   Code   RO         4053    .ARM.Collect$$rtexit$$00000003  c_w.l(rtexit2.o)
    0x08000240   0x08000240   0x00000006   Code   RO         4054    .ARM.Collect$$rtexit$$00000004  c_w.l(rtexit2.o)
    0x08000246   0x08000246   0x00000002   PAD
    0x08000248   0x08000248   0x00000040   Code   RO         3794  * .text               startup_stm32f303xc.o
    0x08000288   0x08000288   0x0000004e   Code   RO         3841    .text               c_w.l(rt_memclr_w.o)
    0x080002d6   0x080002d6   0x00000006   Code   RO         3843    .text               c_w.l(heapauxi.o)
    0x080002dc   0x080002dc   0x00000016   Code   RO         3922    .text               c_w.l(_rserrno.o)
    0x080002f2   0x080002f2   0x00000002   PAD
    0x080002f4   0x080002f4   0x00000008   Code   RO         3989    .text               c_w.l(rt_errno_addr_intlibspace.o)
    0x080002fc   0x080002fc   0x00000008   Code   RO         3991    .text               c_w.l(libspace.o)
    0x08000304   0x08000304   0x0000004a   Code   RO         3994    .text               c_w.l(sys_stackheap_outer.o)
    0x0800034e   0x0800034e   0x00000012   Code   RO         3996    .text               c_w.l(exit.o)
    0x08000360   0x08000360   0x0000000c   Code   RO         4062    .text               c_w.l(sys_exit.o)
    0x0800036c   0x0800036c   0x00000002   Code   RO         4073    .text               c_w.l(use_no_semi.o)
    0x0800036e   0x0800036e   0x00000000   Code   RO         4075    .text               c_w.l(indicate_semi.o)
    0x0800036e   0x0800036e   0x00000002   PAD
    0x08000370   0x08000370   0x000004fc   Code   RO            4    i.Calculate_Angle   main.o
    0x0800086c   0x0800086c   0x00000060   Code   RO            5    i.Counting_Timer_7_Config  main.o
    0x080008cc   0x080008cc   0x00000010   Code   RO            6    i.DMA1_Channel5_IRQHandler  main.o
    0x080008dc   0x080008dc   0x00000010   Code   RO            7    i.DMA1_Channel6_IRQHandler  main.o
    0x080008ec   0x080008ec   0x00000040   Code   RO          743    i.DMA_CalcBaseAndBitshift  stm32f3xx_hal_dma.o
    0x0800092c   0x0800092c   0x00000068   Code   RO            8    i.DMA_Ch5_Config    main.o
    0x08000994   0x08000994   0x00000068   Code   RO            9    i.DMA_Ch6_Config    main.o
    0x080009fc   0x080009fc   0x0000002c   Code   RO          744    i.DMA_SetConfig     stm32f3xx_hal_dma.o
    0x08000a28   0x08000a28   0x0000000a   Code   RO           10    i.EXTI0_IRQHandler  main.o
    0x08000a32   0x08000a32   0x00000002   PAD
    0x08000a34   0x08000a34   0x0000017c   Code   RO           11    i.Encoders_Timer_34_config  main.o
    0x08000bb0   0x08000bb0   0x000000a0   Code   RO           12    i.GPIO_Config_I2C   main.o
    0x08000c50   0x08000c50   0x00000048   Code   RO           14    i.GPIO_Direction_Config  main.o
    0x08000c98   0x08000c98   0x00000058   Code   RO          746    i.HAL_DMA_Abort_IT  stm32f3xx_hal_dma.o
    0x08000cf0   0x08000cf0   0x000000e6   Code   RO          750    i.HAL_DMA_IRQHandler  stm32f3xx_hal_dma.o
    0x08000dd6   0x08000dd6   0x0000005e   Code   RO          751    i.HAL_DMA_Init      stm32f3xx_hal_dma.o
    0x08000e34   0x08000e34   0x0000009c   Code   RO          755    i.HAL_DMA_Start_IT  stm32f3xx_hal_dma.o
    0x08000ed0   0x08000ed0   0x0000001e   Code   RO          445    i.HAL_Delay         stm32f3xx_hal.o
    0x08000eee   0x08000eee   0x00000002   Code   RO         1065    i.HAL_GPIO_EXTI_Callback  stm32f3xx_hal_gpio.o
    0x08000ef0   0x08000ef0   0x0000001c   Code   RO         1066    i.HAL_GPIO_EXTI_IRQHandler  stm32f3xx_hal_gpio.o
    0x08000f0c   0x08000f0c   0x000001cc   Code   RO         1067    i.HAL_GPIO_Init     stm32f3xx_hal_gpio.o
    0x080010d8   0x080010d8   0x0000000a   Code   RO         1071    i.HAL_GPIO_WritePin  stm32f3xx_hal_gpio.o
    0x080010e2   0x080010e2   0x00000002   PAD
    0x080010e4   0x080010e4   0x0000000c   Code   RO          449    i.HAL_GetTick       stm32f3xx_hal.o
    0x080010f0   0x080010f0   0x00000002   Code   RO         1134    i.HAL_I2C_AbortCpltCallback  stm32f3xx_hal_i2c.o
    0x080010f2   0x080010f2   0x00000002   Code   RO         1135    i.HAL_I2C_AddrCallback  stm32f3xx_hal_i2c.o
    0x080010f4   0x080010f4   0x0000001c   Code   RO         1139    i.HAL_I2C_EV_IRQHandler  stm32f3xx_hal_i2c.o
    0x08001110   0x08001110   0x00000002   Code   RO         1141    i.HAL_I2C_ErrorCallback  stm32f3xx_hal_i2c.o
    0x08001112   0x08001112   0x00000002   PAD
    0x08001114   0x08001114   0x000000c4   Code   RO         1145    i.HAL_I2C_Init      stm32f3xx_hal_i2c.o
    0x080011d8   0x080011d8   0x00000002   Code   RO         1147    i.HAL_I2C_ListenCpltCallback  stm32f3xx_hal_i2c.o
    0x080011da   0x080011da   0x00000002   Code   RO         1148    i.HAL_I2C_MasterRxCpltCallback  stm32f3xx_hal_i2c.o
    0x080011dc   0x080011dc   0x00000002   Code   RO         1149    i.HAL_I2C_MasterTxCpltCallback  stm32f3xx_hal_i2c.o
    0x080011de   0x080011de   0x00000002   PAD
    0x080011e0   0x080011e0   0x000000a8   Code   RO         1153    i.HAL_I2C_Master_Receive_IT  stm32f3xx_hal_i2c.o
    0x08001288   0x08001288   0x00000174   Code   RO         1156    i.HAL_I2C_Master_Transmit  stm32f3xx_hal_i2c.o
    0x080013fc   0x080013fc   0x00000002   Code   RO         1159    i.HAL_I2C_MemRxCpltCallback  stm32f3xx_hal_i2c.o
    0x080013fe   0x080013fe   0x00000002   Code   RO         1160    i.HAL_I2C_MemTxCpltCallback  stm32f3xx_hal_i2c.o
    0x08001400   0x08001400   0x00000002   Code   RO         1168    i.HAL_I2C_MspInit   stm32f3xx_hal_i2c.o
    0x08001402   0x08001402   0x00000002   Code   RO         1169    i.HAL_I2C_SlaveRxCpltCallback  stm32f3xx_hal_i2c.o
    0x08001404   0x08001404   0x00000002   Code   RO         1170    i.HAL_I2C_SlaveTxCpltCallback  stm32f3xx_hal_i2c.o
    0x08001406   0x08001406   0x00000002   PAD
    0x08001408   0x08001408   0x00000010   Code   RO          453    i.HAL_IncTick       stm32f3xx_hal.o
    0x08001418   0x08001418   0x00000028   Code   RO          454    i.HAL_Init          stm32f3xx_hal.o
    0x08001440   0x08001440   0x00000028   Code   RO          455    i.HAL_InitTick      stm32f3xx_hal.o
    0x08001468   0x08001468   0x00000002   Code   RO          457    i.HAL_MspInit       stm32f3xx_hal.o
    0x0800146a   0x0800146a   0x00000028   Code   RO          604    i.HAL_NVIC_EnableIRQ  stm32f3xx_hal_cortex.o
    0x08001492   0x08001492   0x0000007c   Code   RO          610    i.HAL_NVIC_SetPriority  stm32f3xx_hal_cortex.o
    0x0800150e   0x0800150e   0x00000002   PAD
    0x08001510   0x08001510   0x00000028   Code   RO          611    i.HAL_NVIC_SetPriorityGrouping  stm32f3xx_hal_cortex.o
    0x08001538   0x08001538   0x000002ec   Code   RO         1625    i.HAL_RCC_ClockConfig  stm32f3xx_hal_rcc.o
    0x08001824   0x08001824   0x0000000c   Code   RO         1630    i.HAL_RCC_GetHCLKFreq  stm32f3xx_hal_rcc.o
    0x08001830   0x08001830   0x0000002c   Code   RO         1632    i.HAL_RCC_GetPCLK1Freq  stm32f3xx_hal_rcc.o
    0x0800185c   0x0800185c   0x0000002c   Code   RO         1633    i.HAL_RCC_GetPCLK2Freq  stm32f3xx_hal_rcc.o
    0x08001888   0x08001888   0x0000008c   Code   RO         1634    i.HAL_RCC_GetSysClockFreq  stm32f3xx_hal_rcc.o
    0x08001914   0x08001914   0x00000a00   Code   RO         1637    i.HAL_RCC_OscConfig  stm32f3xx_hal_rcc.o
    0x08002314   0x08002314   0x00000028   Code   RO          613    i.HAL_SYSTICK_CLKSourceConfig  stm32f3xx_hal_cortex.o
    0x0800233c   0x0800233c   0x00000002   Code   RO          614    i.HAL_SYSTICK_Callback  stm32f3xx_hal_cortex.o
    0x0800233e   0x0800233e   0x00000034   Code   RO          615    i.HAL_SYSTICK_Config  stm32f3xx_hal_cortex.o
    0x08002372   0x08002372   0x00000008   Code   RO          616    i.HAL_SYSTICK_IRQHandler  stm32f3xx_hal_cortex.o
    0x0800237a   0x0800237a   0x00000002   Code   RO         2819    i.HAL_TIMEx_Break2Callback  stm32f3xx_hal_tim_ex.o
    0x0800237c   0x0800237c   0x00000002   Code   RO         2820    i.HAL_TIMEx_BreakCallback  stm32f3xx_hal_tim_ex.o
    0x0800237e   0x0800237e   0x00000002   Code   RO         2821    i.HAL_TIMEx_CommutationCallback  stm32f3xx_hal_tim_ex.o
    0x08002380   0x08002380   0x00000034   Code   RO         2160    i.HAL_TIM_Base_Init  stm32f3xx_hal_tim.o
    0x080023b4   0x080023b4   0x00000002   Code   RO         2162    i.HAL_TIM_Base_MspInit  stm32f3xx_hal_tim.o
    0x080023b6   0x080023b6   0x0000001e   Code   RO         2165    i.HAL_TIM_Base_Start_IT  stm32f3xx_hal_tim.o
    0x080023d4   0x080023d4   0x000000b8   Code   RO         2180    i.HAL_TIM_Encoder_Init  stm32f3xx_hal_tim.o
    0x0800248c   0x0800248c   0x00000002   Code   RO         2182    i.HAL_TIM_Encoder_MspInit  stm32f3xx_hal_tim.o
    0x0800248e   0x0800248e   0x0000007e   Code   RO         2185    i.HAL_TIM_Encoder_Start_IT  stm32f3xx_hal_tim.o
    0x0800250c   0x0800250c   0x00000002   Code   RO         2191    i.HAL_TIM_IC_CaptureCallback  stm32f3xx_hal_tim.o
    0x0800250e   0x0800250e   0x000001b8   Code   RO         2204    i.HAL_TIM_IRQHandler  stm32f3xx_hal_tim.o
    0x080026c6   0x080026c6   0x00000002   Code   RO         2207    i.HAL_TIM_OC_DelayElapsedCallback  stm32f3xx_hal_tim.o
    0x080026c8   0x080026c8   0x00000174   Code   RO         2858    i.HAL_TIM_PWM_ConfigChannel  stm32f3xx_hal_tim_ex.o
    0x0800283c   0x0800283c   0x00000034   Code   RO         2231    i.HAL_TIM_PWM_Init  stm32f3xx_hal_tim.o
    0x08002870   0x08002870   0x00000002   Code   RO         2233    i.HAL_TIM_PWM_MspInit  stm32f3xx_hal_tim.o
    0x08002872   0x08002872   0x00000002   Code   RO         2234    i.HAL_TIM_PWM_PulseFinishedCallback  stm32f3xx_hal_tim.o
    0x08002874   0x08002874   0x00000070   Code   RO         2235    i.HAL_TIM_PWM_Start  stm32f3xx_hal_tim.o
    0x080028e4   0x080028e4   0x00000002   Code   RO         2241    i.HAL_TIM_PeriodElapsedCallback  stm32f3xx_hal_tim.o
    0x080028e6   0x080028e6   0x00000002   Code   RO         2245    i.HAL_TIM_TriggerCallback  stm32f3xx_hal_tim.o
    0x080028e8   0x080028e8   0x00000002   Code   RO         3124    i.HAL_UART_ErrorCallback  stm32f3xx_hal_uart.o
    0x080028ea   0x080028ea   0x00000078   Code   RO         3128    i.HAL_UART_Init     stm32f3xx_hal_uart.o
    0x08002962   0x08002962   0x00000002   Code   RO         3130    i.HAL_UART_MspInit  stm32f3xx_hal_uart.o
    0x08002964   0x08002964   0x000000a8   Code   RO         3132    i.HAL_UART_Receive_DMA  stm32f3xx_hal_uart.o
    0x08002a0c   0x08002a0c   0x00000002   Code   RO           15    i.HAL_UART_RxCpltCallback  main.o
    0x08002a0e   0x08002a0e   0x00000002   Code   RO         3135    i.HAL_UART_RxHalfCpltCallback  stm32f3xx_hal_uart.o
    0x08002a10   0x08002a10   0x00000010   Code   RO           16    i.I2C1_EV_IRQHandler  main.o
    0x08002a20   0x08002a20   0x00000068   Code   RO           17    i.I2C_Config        main.o
    0x08002a88   0x08002a88   0x0000003a   Code   RO         1179    i.I2C_DMAAbort      stm32f3xx_hal_i2c.o
    0x08002ac2   0x08002ac2   0x0000007c   Code   RO         1185    i.I2C_Disable_IRQ   stm32f3xx_hal_i2c.o
    0x08002b3e   0x08002b3e   0x00000002   PAD
    0x08002b40   0x08002b40   0x0000008c   Code   RO         1186    i.I2C_Enable_IRQ    stm32f3xx_hal_i2c.o
    0x08002bcc   0x08002bcc   0x00000028   Code   RO         1187    i.I2C_Flush_TXDR    stm32f3xx_hal_i2c.o
    0x08002bf4   0x08002bf4   0x000000d2   Code   RO         1188    i.I2C_ITAddrCplt    stm32f3xx_hal_i2c.o
    0x08002cc6   0x08002cc6   0x00000002   PAD
    0x08002cc8   0x08002cc8   0x00000118   Code   RO         1189    i.I2C_ITError       stm32f3xx_hal_i2c.o
    0x08002de0   0x08002de0   0x0000006c   Code   RO         1190    i.I2C_ITListenCplt  stm32f3xx_hal_i2c.o
    0x08002e4c   0x08002e4c   0x000000e8   Code   RO         1191    i.I2C_ITMasterCplt  stm32f3xx_hal_i2c.o
    0x08002f34   0x08002f34   0x00000062   Code   RO         1192    i.I2C_ITMasterSequentialCplt  stm32f3xx_hal_i2c.o
    0x08002f96   0x08002f96   0x00000002   PAD
    0x08002f98   0x08002f98   0x00000130   Code   RO         1193    i.I2C_ITSlaveCplt   stm32f3xx_hal_i2c.o
    0x080030c8   0x080030c8   0x00000062   Code   RO         1194    i.I2C_ITSlaveSequentialCplt  stm32f3xx_hal_i2c.o
    0x0800312a   0x0800312a   0x00000002   PAD
    0x0800312c   0x0800312c   0x0000008c   Code   RO         1195    i.I2C_IsAcknowledgeFailed  stm32f3xx_hal_i2c.o
    0x080031b8   0x080031b8   0x000000fc   Code   RO         1196    i.I2C_Master_ISR_DMA  stm32f3xx_hal_i2c.o
    0x080032b4   0x080032b4   0x0000018e   Code   RO         1197    i.I2C_Master_ISR_IT  stm32f3xx_hal_i2c.o
    0x08003442   0x08003442   0x00000002   PAD
    0x08003444   0x08003444   0x00000038   Code   RO           18    i.I2C_Read          main.o
    0x0800347c   0x0800347c   0x00000090   Code   RO         1200    i.I2C_Slave_ISR_DMA  stm32f3xx_hal_i2c.o
    0x0800350c   0x0800350c   0x00000140   Code   RO         1201    i.I2C_Slave_ISR_IT  stm32f3xx_hal_i2c.o
    0x0800364c   0x0800364c   0x00000030   Code   RO         1202    i.I2C_TransferConfig  stm32f3xx_hal_i2c.o
    0x0800367c   0x0800367c   0x00000056   Code   RO         1203    i.I2C_WaitOnFlagUntilTimeout  stm32f3xx_hal_i2c.o
    0x080036d2   0x080036d2   0x00000056   Code   RO         1205    i.I2C_WaitOnSTOPFlagUntilTimeout  stm32f3xx_hal_i2c.o
    0x08003728   0x08003728   0x0000005a   Code   RO         1206    i.I2C_WaitOnTXISFlagUntilTimeout  stm32f3xx_hal_i2c.o
    0x08003782   0x08003782   0x00000002   PAD
    0x08003784   0x08003784   0x00000028   Code   RO           19    i.I2C_Write         main.o
    0x080037ac   0x080037ac   0x00000060   Code   RO           20    i.Main_Loop_Timer_6_Config  main.o
    0x0800380c   0x0800380c   0x00000108   Code   RO           21    i.PID_Angle_Controller  main.o
    0x08003914   0x08003914   0x000000e4   Code   RO           23    i.PID_Motor_Controller  main.o
    0x080039f8   0x080039f8   0x00000124   Code   RO           24    i.PID_Speed_Controller  main.o
    0x08003b1c   0x08003b1c   0x0000006c   Code   RO           25    i.PID_Values_Set    main.o
    0x08003b88   0x08003b88   0x000001d4   Code   RO           26    i.PWM_Config        main.o
    0x08003d5c   0x08003d5c   0x00000094   Code   RO           27    i.Read_MPU6050_Data  main.o
    0x08003df0   0x08003df0   0x00000168   Code   RO           28    i.Robot_Steering    main.o
    0x08003f58   0x08003f58   0x000000e4   Code   RO           32    i.Setup_MPU6050_Registers  main.o
    0x0800403c   0x0800403c   0x00000018   Code   RO           33    i.SysTick_Handler   main.o
    0x08004054   0x08004054   0x0000005c   Code   RO           34    i.SystemClock_Config  main.o
    0x080040b0   0x080040b0   0x0000007c   Code   RO         3802    i.SystemInit        system_stm32f3xx.o
    0x0800412c   0x0800412c   0x00000028   Code   RO           36    i.TIM2_IRQHandler   main.o
    0x08004154   0x08004154   0x0000015c   Code   RO           37    i.TIM3_IRQHandler   main.o
    0x080042b0   0x080042b0   0x00000188   Code   RO           38    i.TIM4_IRQHandler   main.o
    0x08004438   0x08004438   0x000002fc   Code   RO           39    i.TIM6_DAC_IRQHandler  main.o
    0x08004734   0x08004734   0x000000e8   Code   RO           40    i.TIM7_IRQHandler   main.o
    0x0800481c   0x0800481c   0x000000bc   Code   RO         2246    i.TIM_Base_SetConfig  stm32f3xx_hal_tim.o
    0x080048d8   0x080048d8   0x0000001c   Code   RO         2247    i.TIM_CCxChannelCmd  stm32f3xx_hal_tim.o
    0x080048f4   0x080048f4   0x000000b0   Code   RO         2255    i.TIM_OC1_SetConfig  stm32f3xx_hal_tim.o
    0x080049a4   0x080049a4   0x000000bc   Code   RO         2256    i.TIM_OC2_SetConfig  stm32f3xx_hal_tim.o
    0x08004a60   0x08004a60   0x000000b8   Code   RO         2257    i.TIM_OC3_SetConfig  stm32f3xx_hal_tim.o
    0x08004b18   0x08004b18   0x0000007c   Code   RO         2258    i.TIM_OC4_SetConfig  stm32f3xx_hal_tim.o
    0x08004b94   0x08004b94   0x00000074   Code   RO         2861    i.TIM_OC5_SetConfig  stm32f3xx_hal_tim_ex.o
    0x08004c08   0x08004c08   0x00000078   Code   RO         2862    i.TIM_OC6_SetConfig  stm32f3xx_hal_tim_ex.o
    0x08004c80   0x08004c80   0x000000ac   Code   RO           43    i.UART_1_Config     main.o
    0x08004d2c   0x08004d2c   0x000000a8   Code   RO           44    i.UART_2_Config     main.o
    0x08004dd4   0x08004dd4   0x000000ea   Code   RO         3141    i.UART_AdvFeatureConfig  stm32f3xx_hal_uart.o
    0x08004ebe   0x08004ebe   0x00000074   Code   RO         3142    i.UART_CheckIdleState  stm32f3xx_hal_uart.o
    0x08004f32   0x08004f32   0x00000052   Code   RO         3144    i.UART_DMAError     stm32f3xx_hal_uart.o
    0x08004f84   0x08004f84   0x00000048   Code   RO         3145    i.UART_DMAReceiveCplt  stm32f3xx_hal_uart.o
    0x08004fcc   0x08004fcc   0x0000000e   Code   RO         3147    i.UART_DMARxHalfCplt  stm32f3xx_hal_uart.o
    0x08004fda   0x08004fda   0x00000020   Code   RO         3153    i.UART_EndRxTransfer  stm32f3xx_hal_uart.o
    0x08004ffa   0x08004ffa   0x00000014   Code   RO         3155    i.UART_EndTxTransfer  stm32f3xx_hal_uart.o
    0x0800500e   0x0800500e   0x00000002   PAD
    0x08005010   0x08005010   0x000002ec   Code   RO         3157    i.UART_SetConfig    stm32f3xx_hal_uart.o
    0x080052fc   0x080052fc   0x0000006c   Code   RO         3159    i.UART_WaitOnFlagUntilTimeout  stm32f3xx_hal_uart.o
    0x08005368   0x08005368   0x00000030   Code   RO         3956    i.__ARM_fpclassify  m_wm.l(fpclassify.o)
    0x08005398   0x08005398   0x00000010   Code   RO          617    i.__NVIC_GetPriorityGrouping  stm32f3xx_hal_cortex.o
    0x080053a8   0x080053a8   0x00000028   Code   RO          618    i.__NVIC_SetPriority  stm32f3xx_hal_cortex.o
    0x080053d0   0x080053d0   0x00000360   Code   RO         3877    i.__hardfp_asin     m_wm.l(asin.o)
    0x08005730   0x08005730   0x00000014   Code   RO         3891    i.__hardfp_fabs     m_wm.l(fabs.o)
    0x08005744   0x08005744   0x00000004   PAD
    0x08005748   0x08005748   0x000000c8   Code   RO         3897    i.__hardfp_sin      m_wm.l(sin.o)
    0x08005810   0x08005810   0x0000007a   Code   RO         3909    i.__hardfp_sqrt     m_wm.l(sqrt.o)
    0x0800588a   0x0800588a   0x00000006   PAD
    0x08005890   0x08005890   0x00000438   Code   RO         3960    i.__ieee754_rem_pio2  m_wm.l(rred.o)
    0x08005cc8   0x08005cc8   0x00000170   Code   RO         3939    i.__kernel_cos      m_wm.l(cos_i.o)
    0x08005e38   0x08005e38   0x000000f8   Code   RO         3958    i.__kernel_poly     m_wm.l(poly.o)
    0x08005f30   0x08005f30   0x00000130   Code   RO         3965    i.__kernel_sin      m_wm.l(sin_i.o)
    0x08006060   0x08006060   0x00000014   Code   RO         3943    i.__mathlib_dbl_infnan  m_wm.l(dunder.o)
    0x08006074   0x08006074   0x00000004   PAD
    0x08006078   0x08006078   0x00000020   Code   RO         3945    i.__mathlib_dbl_invalid  m_wm.l(dunder.o)
    0x08006098   0x08006098   0x00000020   Code   RO         3948    i.__mathlib_dbl_underflow  m_wm.l(dunder.o)
    0x080060b8   0x080060b8   0x00000018   Code   RO         3893    i.fabs              m_wm.l(fabs.o)
    0x080060d0   0x080060d0   0x00000060   Code   RO           47    i.main              main.o
    0x08006130   0x08006130   0x0000006e   Code   RO         3911    i.sqrt              m_wm.l(sqrt.o)
    0x0800619e   0x0800619e   0x00000018   Code   RO         3924    x$fpl$basic         fz_wm.l(basic.o)
    0x080061b6   0x080061b6   0x00000002   PAD
    0x080061b8   0x080061b8   0x00000062   Code   RO         3847    x$fpl$d2f           fz_wm.l(d2f.o)
    0x0800621a   0x0800621a   0x00000002   PAD
    0x0800621c   0x0800621c   0x00000150   Code   RO         3849    x$fpl$dadd          fz_wm.l(daddsub_clz.o)
    0x0800636c   0x0800636c   0x00000018   Code   RO         3926    x$fpl$dcmpinf       fz_wm.l(dcmpi.o)
    0x08006384   0x08006384   0x000002b0   Code   RO         3856    x$fpl$ddiv          fz_wm.l(ddiv.o)
    0x08006634   0x08006634   0x0000005e   Code   RO         3859    x$fpl$dfix          fz_wm.l(dfix.o)
    0x08006692   0x08006692   0x0000002e   Code   RO         3864    x$fpl$dflt          fz_wm.l(dflt_clz.o)
    0x080066c0   0x080066c0   0x00000026   Code   RO         3863    x$fpl$dfltu         fz_wm.l(dflt_clz.o)
    0x080066e6   0x080066e6   0x00000002   PAD
    0x080066e8   0x080066e8   0x00000078   Code   RO         3869    x$fpl$dleqf         fz_wm.l(dleqf.o)
    0x08006760   0x08006760   0x00000154   Code   RO         3871    x$fpl$dmul          fz_wm.l(dmul.o)
    0x080068b4   0x080068b4   0x0000009c   Code   RO         3928    x$fpl$dnaninf       fz_wm.l(dnaninf.o)
    0x08006950   0x08006950   0x0000000c   Code   RO         3930    x$fpl$dretinf       fz_wm.l(dretinf.o)
    0x0800695c   0x0800695c   0x0000006c   Code   RO         3873    x$fpl$drleqf        fz_wm.l(drleqf.o)
    0x080069c8   0x080069c8   0x00000016   Code   RO         3850    x$fpl$drsb          fz_wm.l(daddsub_clz.o)
    0x080069de   0x080069de   0x00000002   PAD
    0x080069e0   0x080069e0   0x00000198   Code   RO         3932    x$fpl$dsqrt         fz_wm.l(dsqrt_umaal.o)
    0x08006b78   0x08006b78   0x000001d4   Code   RO         3851    x$fpl$dsub          fz_wm.l(daddsub_clz.o)
    0x08006d4c   0x08006d4c   0x00000056   Code   RO         3875    x$fpl$f2d           fz_wm.l(f2d.o)
    0x08006da2   0x08006da2   0x0000008c   Code   RO         3934    x$fpl$fnaninf       fz_wm.l(fnaninf.o)
    0x08006e2e   0x08006e2e   0x0000000a   Code   RO         4060    x$fpl$fpinit        fz_wm.l(fpinit.o)
    0x08006e38   0x08006e38   0x0000000a   Code   RO         3936    x$fpl$fretinf       fz_wm.l(fretinf.o)
    0x08006e42   0x08006e42   0x00000000   Code   RO         3938    x$fpl$usenofp       fz_wm.l(usenofp.o)
    0x08006e42   0x08006e42   0x00000020   Data   RO         1638    .constdata          stm32f3xx_hal_rcc.o
    0x08006e62   0x08006e62   0x00000018   Data   RO         3803    .constdata          system_stm32f3xx.o
    0x08006e7a   0x08006e7a   0x00000006   PAD
    0x08006e80   0x08006e80   0x00000050   Data   RO         3880    .constdata          m_wm.l(asin.o)
    0x08006ed0   0x08006ed0   0x00000030   Data   RO         3940    .constdata          m_wm.l(cos_i.o)
    0x08006f00   0x08006f00   0x000000c8   Data   RO         3962    .constdata          m_wm.l(rred.o)
    0x08006fc8   0x08006fc8   0x00000028   Data   RO         3966    .constdata          m_wm.l(sin_i.o)
    0x08006ff0   0x08006ff0   0x00000020   Data   RO         4128    Region$$Table       anon$$obj.o


    Execution Region ER_RW (Exec base: 0x20000000, Load base: 0x08007010, Size: 0x00000274, Max: 0xffffffff, ABSOLUTE, COMPRESSED[0x00000028])

    Exec Addr    Load Addr    Size         Type   Attr      Idx    E Section Name        Object

    0x20000000   COMPRESSED   0x0000026c   Data   RW           49    .data               main.o
    0x2000026c   COMPRESSED   0x00000004   Data   RW          460    .data               stm32f3xx_hal.o
    0x20000270   COMPRESSED   0x00000004   Data   RW         3804    .data               system_stm32f3xx.o


    Execution Region ER_ZI (Exec base: 0x20000274, Load base: 0x08007038, Size: 0x00000a04, Max: 0xffffffff, ABSOLUTE)

    Exec Addr    Load Addr    Size         Type   Attr      Idx    E Section Name        Object

    0x20000274        -       0x000003a4   Zero   RW           48    .bss                main.o
    0x20000618        -       0x00000060   Zero   RW         3992    .bss                c_w.l(libspace.o)
    0x20000678        -       0x00000200   Zero   RW         3792    HEAP                startup_stm32f303xc.o
    0x20000878        -       0x00000400   Zero   RW         3791    STACK               startup_stm32f303xc.o


==============================================================================

Image component sizes


      Code (inc. data)   RO Data    RW Data    ZI Data      Debug   Object Name

      6972        996          0        620        932     599097   main.o
        64         26        392          0       1536        888   startup_stm32f303xc.o
       140         20          0          4          0       4741   stm32f3xx_hal.o
       362         22          0          0          0      36553   stm32f3xx_hal_cortex.o
       676          8          0          0          0       5234   stm32f3xx_hal_dma.o
       500         32          0          0          0       3840   stm32f3xx_hal_gpio.o
      4042         68          0          0          0      29045   stm32f3xx_hal_i2c.o
      3548         90         32          0          0       6808   stm32f3xx_hal_rcc.o
      1900        152          0          0          0      16063   stm32f3xx_hal_tim.o
       614         50          0          0          0       5061   stm32f3xx_hal_tim_ex.o
      1720         44          0          0          0      10746   stm32f3xx_hal_uart.o
       124         20         24          4          0       1547   system_stm32f3xx.o

    ----------------------------------------------------------------------
     20688       1528        486        628       2468     719623   Object Totals
         0          0         32          0          0          0   (incl. Generated)
        26          0          6          0          0          0   (incl. Padding)

    ----------------------------------------------------------------------

      Code (inc. data)   RO Data    RW Data    ZI Data      Debug   Library Member Name

        58          0          0          0          0          0   __dczerorl.o
         8          0          0          0          0         68   __main.o
         0          0          0          0          0          0   __rtentry.o
        12          0          0          0          0          0   __rtentry2.o
         6          0          0          0          0          0   __rtentry4.o
        52          8          0          0          0          0   __scatter.o
        28          0          0          0          0          0   __scatter_zi.o
        22          0          0          0          0        100   _rserrno.o
        18          0          0          0          0         80   exit.o
         6          0          0          0          0        152   heapauxi.o
         0          0          0          0          0          0   indicate_semi.o
         2          0          0          0          0          0   libinit.o
         6          0          0          0          0          0   libinit2.o
         2          0          0          0          0          0   libshutdown.o
         2          0          0          0          0          0   libshutdown2.o
         8          4          0          0         96         68   libspace.o
         8          4          0          0          0         68   rt_errno_addr_intlibspace.o
        78          0          0          0          0         80   rt_memclr_w.o
         2          0          0          0          0          0   rtexit.o
        10          0          0          0          0          0   rtexit2.o
        12          4          0          0          0         68   sys_exit.o
        74          0          0          0          0         80   sys_stackheap_outer.o
         2          0          0          0          0         68   use_no_semi.o
        24          0          0          0          0        164   basic.o
        98          4          0          0          0        140   d2f.o
       826         16          0          0          0        492   daddsub_clz.o
        24          0          0          0          0        116   dcmpi.o
       688        140          0          0          0        256   ddiv.o
        94          4          0          0          0        140   dfix.o
        84          0          0          0          0        232   dflt_clz.o
       120          4          0          0          0        140   dleqf.o
       340         12          0          0          0        152   dmul.o
       156          4          0          0          0        140   dnaninf.o
        12          0          0          0          0        116   dretinf.o
       108          0          0          0          0        128   drleqf.o
       408         56          0          0          0        168   dsqrt_umaal.o
        86          4          0          0          0        132   f2d.o
       140          4          0          0          0        132   fnaninf.o
        10          0          0          0          0        116   fpinit.o
        10          0          0          0          0        116   fretinf.o
         0          0          0          0          0          0   usenofp.o
       864         94         80          0          0        280   asin.o
       368         46         48          0          0        200   cos_i.o
        84         16          0          0          0        372   dunder.o
        44          0          0          0          0        248   fabs.o
        48          0          0          0          0        124   fpclassify.o
       248          0          0          0          0        152   poly.o
      1080        142        200          0          0        188   rred.o
       200         20          0          0          0        164   sin.o
       304         24         40          0          0        208   sin_i.o
       232          0          0          0          0        296   sqrt.o

    ----------------------------------------------------------------------
      7146        610        368          0         96       5944   Library Totals
        30          0          0          0          0          0   (incl. Padding)

    ----------------------------------------------------------------------

      Code (inc. data)   RO Data    RW Data    ZI Data      Debug   Library Name

       416         20          0          0         96        832   c_w.l
      3228        248          0          0          0       2880   fz_wm.l
      3472        342        368          0          0       2232   m_wm.l

    ----------------------------------------------------------------------
      7146        610        368          0         96       5944   Library Totals

    ----------------------------------------------------------------------

==============================================================================


      Code (inc. data)   RO Data    RW Data    ZI Data      Debug   

     27834       2138        854        628       2564     708555   Grand Totals
     27834       2138        854         40       2564     708555   ELF Image Totals (compressed)
     27834       2138        854         40          0          0   ROM Totals

==============================================================================

    Total RO  Size (Code + RO Data)                28688 (  28.02kB)
    Total RW  Size (RW Data + ZI Data)              3192 (   3.12kB)
    Total ROM Size (Code + RO Data + RW Data)      28728 (  28.05kB)

==============================================================================

